Archive member included to satisfy reference by file (symbol)

/usr/lib/gcc/arm-none-eabi/4.9.3/../../../arm-none-eabi/lib/armv7-m/libc_nano.a(lib_a-atexit.o)
                              /usr/lib/gcc/arm-none-eabi/4.9.3/../../../arm-none-eabi/lib/armv7-m/crt0.o (atexit)
/usr/lib/gcc/arm-none-eabi/4.9.3/../../../arm-none-eabi/lib/armv7-m/libc_nano.a(lib_a-atoi.o)
                              build/common.o (atoi)
/usr/lib/gcc/arm-none-eabi/4.9.3/../../../arm-none-eabi/lib/armv7-m/libc_nano.a(lib_a-errno.o)
                              build/syscalls.o (__errno)
/usr/lib/gcc/arm-none-eabi/4.9.3/../../../arm-none-eabi/lib/armv7-m/libc_nano.a(lib_a-exit.o)
                              /usr/lib/gcc/arm-none-eabi/4.9.3/../../../arm-none-eabi/lib/armv7-m/crt0.o (exit)
/usr/lib/gcc/arm-none-eabi/4.9.3/../../../arm-none-eabi/lib/armv7-m/libc_nano.a(lib_a-fini.o)
                              /usr/lib/gcc/arm-none-eabi/4.9.3/../../../arm-none-eabi/lib/armv7-m/crt0.o (__libc_fini_array)
/usr/lib/gcc/arm-none-eabi/4.9.3/../../../arm-none-eabi/lib/armv7-m/libc_nano.a(lib_a-impure.o)
                              /usr/lib/gcc/arm-none-eabi/4.9.3/../../../arm-none-eabi/lib/armv7-m/libc_nano.a(lib_a-exit.o) (_global_impure_ptr)
/usr/lib/gcc/arm-none-eabi/4.9.3/../../../arm-none-eabi/lib/armv7-m/libc_nano.a(lib_a-init.o)
                              /usr/lib/gcc/arm-none-eabi/4.9.3/../../../arm-none-eabi/lib/armv7-m/crt0.o (__libc_init_array)
/usr/lib/gcc/arm-none-eabi/4.9.3/../../../arm-none-eabi/lib/armv7-m/libc_nano.a(lib_a-memcpy.o)
                              build/cli.o (memcpy)
/usr/lib/gcc/arm-none-eabi/4.9.3/../../../arm-none-eabi/lib/armv7-m/libc_nano.a(lib_a-memset.o)
                              /usr/lib/gcc/arm-none-eabi/4.9.3/../../../arm-none-eabi/lib/armv7-m/crt0.o (memset)
/usr/lib/gcc/arm-none-eabi/4.9.3/../../../arm-none-eabi/lib/armv7-m/libc_nano.a(lib_a-printf.o)
                              build/cli.o (printf)
/usr/lib/gcc/arm-none-eabi/4.9.3/../../../arm-none-eabi/lib/armv7-m/libc_nano.a(lib_a-putchar.o)
                              build/cli.o (putchar)
/usr/lib/gcc/arm-none-eabi/4.9.3/../../../arm-none-eabi/lib/armv7-m/libc_nano.a(lib_a-setvbuf.o)
                              build/main.o (setvbuf)
/usr/lib/gcc/arm-none-eabi/4.9.3/../../../arm-none-eabi/lib/armv7-m/libc_nano.a(lib_a-strchr.o)
                              build/cli.o (strchr)
/usr/lib/gcc/arm-none-eabi/4.9.3/../../../arm-none-eabi/lib/armv7-m/libc_nano.a(lib_a-strcmp.o)
                              build/cli.o (strcmp)
/usr/lib/gcc/arm-none-eabi/4.9.3/../../../arm-none-eabi/lib/armv7-m/libc_nano.a(lib_a-strcpy.o)
                              build/cli.o (strcpy)
/usr/lib/gcc/arm-none-eabi/4.9.3/../../../arm-none-eabi/lib/armv7-m/libc_nano.a(lib_a-strlen.o)
                              build/cli.o (strlen)
/usr/lib/gcc/arm-none-eabi/4.9.3/../../../arm-none-eabi/lib/armv7-m/libc_nano.a(lib_a-strncmp.o)
                              build/cli.o (strncmp)
/usr/lib/gcc/arm-none-eabi/4.9.3/../../../arm-none-eabi/lib/armv7-m/libc_nano.a(lib_a-strncpy.o)
                              build/cli.o (strncpy)
/usr/lib/gcc/arm-none-eabi/4.9.3/../../../arm-none-eabi/lib/armv7-m/libc_nano.a(lib_a-strtol.o)
                              /usr/lib/gcc/arm-none-eabi/4.9.3/../../../arm-none-eabi/lib/armv7-m/libc_nano.a(lib_a-atoi.o) (_strtol_r)
/usr/lib/gcc/arm-none-eabi/4.9.3/../../../arm-none-eabi/lib/armv7-m/libc_nano.a(lib_a-__atexit.o)
                              /usr/lib/gcc/arm-none-eabi/4.9.3/../../../arm-none-eabi/lib/armv7-m/libc_nano.a(lib_a-atexit.o) (__register_exitproc)
/usr/lib/gcc/arm-none-eabi/4.9.3/../../../arm-none-eabi/lib/armv7-m/libc_nano.a(lib_a-__call_atexit.o)
                              /usr/lib/gcc/arm-none-eabi/4.9.3/../../../arm-none-eabi/lib/armv7-m/libc_nano.a(lib_a-__atexit.o) (__call_exitprocs)
/usr/lib/gcc/arm-none-eabi/4.9.3/../../../arm-none-eabi/lib/armv7-m/libc_nano.a(lib_a-ctype_.o)
                              /usr/lib/gcc/arm-none-eabi/4.9.3/../../../arm-none-eabi/lib/armv7-m/libc_nano.a(lib_a-strtol.o) (__ctype_ptr__)
/usr/lib/gcc/arm-none-eabi/4.9.3/../../../arm-none-eabi/lib/armv7-m/libc_nano.a(lib_a-fflush.o)
                              /usr/lib/gcc/arm-none-eabi/4.9.3/../../../arm-none-eabi/lib/armv7-m/libc_nano.a(lib_a-setvbuf.o) (_fflush_r)
/usr/lib/gcc/arm-none-eabi/4.9.3/../../../arm-none-eabi/lib/armv7-m/libc_nano.a(lib_a-findfp.o)
                              /usr/lib/gcc/arm-none-eabi/4.9.3/../../../arm-none-eabi/lib/armv7-m/libc_nano.a(lib_a-setvbuf.o) (_cleanup_r)
/usr/lib/gcc/arm-none-eabi/4.9.3/../../../arm-none-eabi/lib/armv7-m/libc_nano.a(lib_a-fwalk.o)
                              /usr/lib/gcc/arm-none-eabi/4.9.3/../../../arm-none-eabi/lib/armv7-m/libc_nano.a(lib_a-findfp.o) (_fwalk)
/usr/lib/gcc/arm-none-eabi/4.9.3/../../../arm-none-eabi/lib/armv7-m/libc_nano.a(lib_a-malloc.o)
[...]
Memory Configuration

Name             Origin             Length             Attributes
RAM              0x0000000020000000 0x0000000000005000 xrw
FLASH            0x0000000008000000 0x0000000000010000 xr
*default*        0x0000000000000000 0xffffffffffffffff

Linker script and memory map

LOAD /usr/lib/gcc/arm-none-eabi/4.9.3/armv7-m/crti.o
LOAD /usr/lib/gcc/arm-none-eabi/4.9.3/armv7-m/crtbegin.o
LOAD /usr/lib/gcc/arm-none-eabi/4.9.3/../../../arm-none-eabi/lib/armv7-m/crt0.o
LOAD build/main.o
LOAD build/cli.o
LOAD build/common.o
LOAD build/cmd_app.o
LOAD build/mpu9250.o
LOAD build/syscalls.o
LOAD build/usb_device.o
LOAD build/usbd_conf.o
LOAD build/usbd_desc.o
LOAD build/usbd_cdc_if.o
LOAD build/stm32f1xx_it.o
LOAD build/stm32f1xx_hal_msp.o
LOAD build/stm32f1xx_hal_gpio_ex.o
LOAD build/stm32f1xx_hal_pcd.o
LOAD build/stm32f1xx_hal_pcd_ex.o
LOAD build/stm32f1xx_ll_usb.o
LOAD build/stm32f1xx_hal_i2c.o
LOAD build/stm32f1xx_hal_tim.o
LOAD build/stm32f1xx_hal_tim_ex.o
LOAD build/stm32f1xx_hal_uart.o
LOAD build/stm32f1xx_hal.o
LOAD build/stm32f1xx_hal_rcc.o
LOAD build/stm32f1xx_hal_rcc_ex.o
LOAD build/stm32f1xx_hal_gpio.o
LOAD build/stm32f1xx_hal_dma.o
LOAD build/stm32f1xx_hal_cortex.o
LOAD build/stm32f1xx_hal_pwr.o
LOAD build/stm32f1xx_hal_flash.o
LOAD build/stm32f1xx_hal_flash_ex.o
LOAD build/system_stm32f1xx.o
LOAD build/usbd_core.o
LOAD build/usbd_ctlreq.o
LOAD build/usbd_ioreq.o
LOAD build/usbd_cdc.o
LOAD build/startup_stm32f103xb.o
LOAD /usr/lib/gcc/arm-none-eabi/4.9.3/../../../arm-none-eabi/lib/armv7-m/libc_nano.a
LOAD /usr/lib/gcc/arm-none-eabi/4.9.3/../../../arm-none-eabi/lib/armv7-m/libm.a
LOAD /usr/lib/gcc/arm-none-eabi/4.9.3/../../../arm-none-eabi/lib/armv7-m/libnosys.a
START GROUP
LOAD /usr/lib/gcc/arm-none-eabi/4.9.3/armv7-m/libgcc.a
LOAD /usr/lib/gcc/arm-none-eabi/4.9.3/../../../arm-none-eabi/lib/armv7-m/libc_nano.a
END GROUP
START GROUP
LOAD /usr/lib/gcc/arm-none-eabi/4.9.3/armv7-m/libgcc.a
LOAD /usr/lib/gcc/arm-none-eabi/4.9.3/../../../arm-none-eabi/lib/armv7-m/libc_nano.a
END GROUP
LOAD /usr/lib/gcc/arm-none-eabi/4.9.3/armv7-m/crtend.o
LOAD /usr/lib/gcc/arm-none-eabi/4.9.3/armv7-m/crtn.o
                0x0000000020005000                _estack = 0x20005000
                0x0000000000000200                _Min_Heap_Size = 0x200
                0x0000000000000400                _Min_Stack_Size = 0x400

.isr_vector     0x0000000008000000      0x10c
                0x0000000008000000                . = ALIGN (0x4)
 *(.isr_vector)
 .isr_vector    0x0000000008000000      0x10c build/startup_stm32f103xb.o
                0x0000000008000000                g_pfnVectors
                0x000000000800010c                . = ALIGN (0x4)

.text           0x000000000800010c     0x4e14
                0x000000000800010c                . = ALIGN (0x4)
 *(.text)
 .text          0x000000000800010c       0xa4 /usr/lib/gcc/arm-none-eabi/4.9.3/armv7-m/crtbegin.o
 .text          0x00000000080001b0       0x14 /usr/lib/gcc/arm-none-eabi/4.9.3/../../../arm-none-eabi/lib/armv7-m/libc_nano.a(lib_a-strcmp.o)
                0x00000000080001b0                strcmp
 *(.text*)
 .text.MX_GPIO_Init
                0x00000000080001c4       0x44 build/main.o
 .text._Error_Handler
                0x0000000008000208        0x4 build/main.o
                0x0000000008000208                _Error_Handler
 .text.MX_I2C1_Init
                0x000000000800020c       0x40 build/main.o
 .text.MX_I2C2_Init
                0x000000000800024c       0x40 build/main.o
 .text.MX_USART1_UART_Init
                0x000000000800028c       0x3c build/main.o
 .text.SystemClock_Config
                0x00000000080002c8       0x9c build/main.o
                0x00000000080002c8                SystemClock_Config
 .text.main     0x0000000008000364       0x3c build/main.o
                0x0000000008000364                main
 .text.cli_deinit
                0x00000000080003a0       0x18 build/cli.o
 .text.vOutputString
                0x00000000080003b8       0x10 build/cli.o
 .text.prvDispHelpConfig
                0x00000000080003c8       0x24 build/cli.o
 .text.cli_write_history_cmd
                0x00000000080003ec       0x5c build/cli.o
 .text.CLIGetParameter
                0x0000000008000448       0x5c build/cli.o
 .text.CLI_Charmatching
                0x00000000080004a4       0xe0 build/cli.o
 .text.CLICommandSeek
                0x0000000008000584       0x78 build/cli.o
 .text.cli_format_cmd
                0x00000000080005fc       0xec build/cli.o
 .text.cli_ProcessCommand
                0x00000000080006e8       0x68 build/cli.o
 .text.vOutputChar
                0x0000000008000750        0x8 build/cli.o
 .text.cli_backspace
                0x0000000008000758       0xa4 build/cli.o
 .text.cli_read_history_cmd
                0x00000000080007fc       0xb8 build/cli.o
 .text.cli_direction
                0x00000000080008b4       0x70 build/cli.o
 .text.cli_cInput
                0x0000000008000924       0x80 build/cli.o
 .text.CLICommandAdd
                0x00000000080009a4       0x28 build/cli.o
                0x00000000080009a4                CLICommandAdd
 .text.CLI_info_init
                0x00000000080009cc       0x4c build/cli.o
                0x00000000080009cc                CLI_info_init
 .text.read_cInput
                0x0000000008000a18       0x30 build/cli.o
                0x0000000008000a18                read_cInput
 .text.vGetchar
                0x0000000008000a48        0x8 build/cli.o
                0x0000000008000a48                vGetchar
 .text.CLI_event_handle
                0x0000000008000a50       0xe4 build/cli.o
                0x0000000008000a50                CLI_event_handle
 .text.prvUARTCommandConsoleTask
                0x0000000008000b34        0xc build/cli.o
                0x0000000008000b34                prvUARTCommandConsoleTask
 .text.write_cInput
                0x0000000008000b40       0xa0 build/cli.o
                0x0000000008000b40                write_cInput
 .text._read    0x0000000008000be0       0x10 build/syscalls.o
                0x0000000008000be0                _read
 .text._write   0x0000000008000bf0       0x14 build/syscalls.o
                0x0000000008000bf0                _write
 .text._sbrk    0x0000000008000c04       0x38 build/syscalls.o
                0x0000000008000c04                _sbrk
 .text._close   0x0000000008000c3c        0x8 build/syscalls.o
                0x0000000008000c3c                _close
 .text._fstat   0x0000000008000c44        0xc build/syscalls.o
                0x0000000008000c44                _fstat
 .text._isatty  0x0000000008000c50        0x4 build/syscalls.o
                0x0000000008000c50                _isatty
 .text._lseek   0x0000000008000c54        0x4 build/syscalls.o
                0x0000000008000c54                _lseek
 .text.MX_USB_DEVICE_Init
                0x0000000008000c58       0x38 build/usb_device.o
                0x0000000008000c58                MX_USB_DEVICE_Init
 .text.HAL_PCD_MspInit
                0x0000000008000c90       0x40 build/usbd_conf.o
                0x0000000008000c90                HAL_PCD_MspInit
 .text.HAL_PCD_SetupStageCallback
                0x0000000008000cd0       0x14 build/usbd_conf.o
                0x0000000008000cd0                HAL_PCD_SetupStageCallback
 .text.HAL_PCD_DataOutStageCallback
                0x0000000008000ce4       0x14 build/usbd_conf.o
                0x0000000008000ce4                HAL_PCD_DataOutStageCallback
 .text.HAL_PCD_DataInStageCallback
                0x0000000008000cf8       0x14 build/usbd_conf.o
                0x0000000008000cf8                HAL_PCD_DataInStageCallback
 .text.HAL_PCD_SOFCallback
                0x0000000008000d0c        0xc build/usbd_conf.o
                0x0000000008000d0c                HAL_PCD_SOFCallback
 .text.HAL_PCD_ResetCallback
                0x0000000008000d18       0x18 build/usbd_conf.o
                0x0000000008000d18                HAL_PCD_ResetCallback
 .text.HAL_PCD_SuspendCallback
                0x0000000008000d30       0x20 build/usbd_conf.o
                0x0000000008000d30                HAL_PCD_SuspendCallback
 .text.HAL_PCD_ResumeCallback
                0x0000000008000d50        0xc build/usbd_conf.o
                0x0000000008000d50                HAL_PCD_ResumeCallback
 .text.USBD_LL_Init
                0x0000000008000d5c       0x90 build/usbd_conf.o
                0x0000000008000d5c                USBD_LL_Init
 .text.USBD_LL_Start
                0x0000000008000dec       0x20 build/usbd_conf.o
                0x0000000008000dec                USBD_LL_Start
 .text.USBD_LL_OpenEP
                0x0000000008000e0c       0x24 build/usbd_conf.o
                0x0000000008000e0c                USBD_LL_OpenEP
 .text.USBD_LL_CloseEP
                0x0000000008000e30       0x20 build/usbd_conf.o
                0x0000000008000e30                USBD_LL_CloseEP
 .text.USBD_LL_StallEP
                0x0000000008000e50       0x20 build/usbd_conf.o
                0x0000000008000e50                USBD_LL_StallEP
 .text.USBD_LL_ClearStallEP
                0x0000000008000e70       0x20 build/usbd_conf.o
                0x0000000008000e70                USBD_LL_ClearStallEP
 .text.USBD_LL_IsStallEP
                0x0000000008000e90       0x28 build/usbd_conf.o
                0x0000000008000e90                USBD_LL_IsStallEP
 .text.USBD_LL_SetUSBAddress
                0x0000000008000eb8       0x20 build/usbd_conf.o
                0x0000000008000eb8                USBD_LL_SetUSBAddress
 .text.USBD_LL_Transmit
                0x0000000008000ed8       0x20 build/usbd_conf.o
                0x0000000008000ed8                USBD_LL_Transmit
 .text.USBD_LL_PrepareReceive
                0x0000000008000ef8       0x20 build/usbd_conf.o
                0x0000000008000ef8                USBD_LL_PrepareReceive
 .text.USBD_LL_GetRxDataSize
                0x0000000008000f18        0xc build/usbd_conf.o
                0x0000000008000f18                USBD_LL_GetRxDataSize
 .text.USBD_static_malloc
                0x0000000008000f24        0x8 build/usbd_conf.o
                0x0000000008000f24                USBD_static_malloc
 .text.USBD_static_free
                0x0000000008000f2c        0x4 build/usbd_conf.o
                0x0000000008000f2c                USBD_static_free
 .text.HAL_PCDEx_SetConnectionState
                0x0000000008000f30        0x4 build/usbd_conf.o
                0x0000000008000f30                HAL_PCDEx_SetConnectionState
 .text.USBD_FS_DeviceDescriptor
                0x0000000008000f34        0xc build/usbd_desc.o
                0x0000000008000f34                USBD_FS_DeviceDescriptor
 .text.USBD_FS_LangIDStrDescriptor
                0x0000000008000f40        0xc build/usbd_desc.o
                0x0000000008000f40                USBD_FS_LangIDStrDescriptor
 .text.USBD_FS_ProductStrDescriptor
                0x0000000008000f4c       0x24 build/usbd_desc.o
                0x0000000008000f4c                USBD_FS_ProductStrDescriptor
 .text.USBD_FS_ManufacturerStrDescriptor
                0x0000000008000f70       0x1c build/usbd_desc.o
                0x0000000008000f70                USBD_FS_ManufacturerStrDescriptor
 .text.USBD_FS_SerialStrDescriptor
                0x0000000008000f8c       0x24 build/usbd_desc.o
                0x0000000008000f8c                USBD_FS_SerialStrDescriptor
 .text.USBD_FS_ConfigStrDescriptor
                0x0000000008000fb0       0x24 build/usbd_desc.o
                0x0000000008000fb0                USBD_FS_ConfigStrDescriptor
 .text.USBD_FS_InterfaceStrDescriptor
                0x0000000008000fd4       0x24 build/usbd_desc.o
                0x0000000008000fd4                USBD_FS_InterfaceStrDescriptor
 .text.CDC_DeInit_FS
                0x0000000008000ff8        0x4 build/usbd_cdc_if.o
 .text.CDC_Control_FS
                0x0000000008000ffc        0x4 build/usbd_cdc_if.o
 .text.CDC_Receive_FS
                0x0000000008001000       0x28 build/usbd_cdc_if.o
 .text.CDC_Init_FS
                0x0000000008001028       0x28 build/usbd_cdc_if.o
 .text.CDC_Transmit_FS
                0x0000000008001050       0x6c build/usbd_cdc_if.o
                0x0000000008001050                CDC_Transmit_FS
 .text.NMI_Handler
                0x00000000080010bc        0x4 build/stm32f1xx_it.o
                0x00000000080010bc                NMI_Handler
 .text.HardFault_Handler
                0x00000000080010c0        0x4 build/stm32f1xx_it.o
                0x00000000080010c0                HardFault_Handler
 .text.MemManage_Handler
                0x00000000080010c4        0x4 build/stm32f1xx_it.o
                0x00000000080010c4                MemManage_Handler
 .text.BusFault_Handler
                0x00000000080010c8        0x4 build/stm32f1xx_it.o
                0x00000000080010c8                BusFault_Handler
 .text.UsageFault_Handler
                0x00000000080010cc        0x4 build/stm32f1xx_it.o
                0x00000000080010cc                UsageFault_Handler
 .text.SVC_Handler
                0x00000000080010d0        0x4 build/stm32f1xx_it.o
                0x00000000080010d0                SVC_Handler
 .text.DebugMon_Handler
                0x00000000080010d4        0x4 build/stm32f1xx_it.o
                0x00000000080010d4                DebugMon_Handler
 .text.PendSV_Handler
                0x00000000080010d8        0x4 build/stm32f1xx_it.o
                0x00000000080010d8                PendSV_Handler
 .text.SysTick_Handler
                0x00000000080010dc        0xc build/stm32f1xx_it.o
                0x00000000080010dc                SysTick_Handler
 .text.USB_LP_CAN1_RX0_IRQHandler
                0x00000000080010e8       0x10 build/stm32f1xx_it.o
                0x00000000080010e8                USB_LP_CAN1_RX0_IRQHandler
 .text.HAL_MspInit
                0x00000000080010f8       0xa0 build/stm32f1xx_hal_msp.o
                0x00000000080010f8                HAL_MspInit
 .text.HAL_I2C_MspInit
                0x0000000008001198       0x7c build/stm32f1xx_hal_msp.o
                0x0000000008001198                HAL_I2C_MspInit
 .text.HAL_UART_MspInit
                0x0000000008001214       0x5c build/stm32f1xx_hal_msp.o
                0x0000000008001214                HAL_UART_MspInit
 .text.HAL_PCD_Init
                0x0000000008001270       0xdc build/stm32f1xx_hal_pcd.o
                0x0000000008001270                HAL_PCD_Init
 .text.HAL_PCD_Start
                0x000000000800134c       0x30 build/stm32f1xx_hal_pcd.o
                0x000000000800134c                HAL_PCD_Start
 .text.HAL_PCD_SetAddress
                0x000000000800137c       0x28 build/stm32f1xx_hal_pcd.o
                0x000000000800137c                HAL_PCD_SetAddress
 .text.HAL_PCD_EP_Open
                0x00000000080013a4       0x54 build/stm32f1xx_hal_pcd.o
                0x00000000080013a4                HAL_PCD_EP_Open
 .text.HAL_PCD_EP_Close
                0x00000000080013f8       0x50 build/stm32f1xx_hal_pcd.o
                0x00000000080013f8                HAL_PCD_EP_Close
 .text.HAL_PCD_EP_Receive
                0x0000000008001448       0x40 build/stm32f1xx_hal_pcd.o
                0x0000000008001448                HAL_PCD_EP_Receive
 .text.HAL_PCD_EP_GetRxCount
                0x0000000008001488       0x10 build/stm32f1xx_hal_pcd.o
                0x0000000008001488                HAL_PCD_EP_GetRxCount
 .text.HAL_PCD_EP_Transmit
                0x0000000008001498       0x3c build/stm32f1xx_hal_pcd.o
                0x0000000008001498                HAL_PCD_EP_Transmit
 .text.PCD_EP_ISR_Handler
                0x00000000080014d4      0x440 build/stm32f1xx_hal_pcd.o
 .text.HAL_PCD_IRQHandler
                0x0000000008001914      0x15c build/stm32f1xx_hal_pcd.o
                0x0000000008001914                HAL_PCD_IRQHandler
 .text.HAL_PCD_EP_SetStall
                0x0000000008001a70       0x5c build/stm32f1xx_hal_pcd.o
                0x0000000008001a70                HAL_PCD_EP_SetStall
 .text.HAL_PCD_EP_ClrStall
                0x0000000008001acc       0x50 build/stm32f1xx_hal_pcd.o
                0x0000000008001acc                HAL_PCD_EP_ClrStall
 .text.HAL_PCDEx_PMAConfig
                0x0000000008001b1c       0x38 build/stm32f1xx_hal_pcd_ex.o
                0x0000000008001b1c                HAL_PCDEx_PMAConfig
 .text.USB_CoreInit
                0x0000000008001b54       0x10 build/stm32f1xx_ll_usb.o
                0x0000000008001b54                USB_CoreInit
 .text.USB_EnableGlobalInt
                0x0000000008001b64       0x14 build/stm32f1xx_ll_usb.o
                0x0000000008001b64                USB_EnableGlobalInt
 .text.USB_DisableGlobalInt
                0x0000000008001b78       0x14 build/stm32f1xx_ll_usb.o
                0x0000000008001b78                USB_DisableGlobalInt
 .text.USB_SetCurrentMode
                0x0000000008001b8c        0x4 build/stm32f1xx_ll_usb.o
                0x0000000008001b8c                USB_SetCurrentMode
 .text.USB_DevInit
                0x0000000008001b90       0x2c build/stm32f1xx_ll_usb.o
                0x0000000008001b90                USB_DevInit
 .text.USB_ActivateEndpoint
                0x0000000008001bbc      0x33c build/stm32f1xx_ll_usb.o
                0x0000000008001bbc                USB_ActivateEndpoint
 .text.USB_DeactivateEndpoint
                0x0000000008001ef8      0x1d4 build/stm32f1xx_ll_usb.o
                0x0000000008001ef8                USB_DeactivateEndpoint
 .text.USB_EPSetStall
                0x00000000080020cc       0x70 build/stm32f1xx_ll_usb.o
                0x00000000080020cc                USB_EPSetStall
 .text.USB_EPClearStall
                0x000000000800213c       0x98 build/stm32f1xx_ll_usb.o
                0x000000000800213c                USB_EPClearStall
 .text.USB_SetDevAddress
                0x00000000080021d4        0xc build/stm32f1xx_ll_usb.o
                0x00000000080021d4                USB_SetDevAddress
 .text.USB_DevConnect
                0x00000000080021e0        0x4 build/stm32f1xx_ll_usb.o
                0x00000000080021e0                USB_DevConnect
 .text.USB_DevDisconnect
                0x00000000080021e4        0x4 build/stm32f1xx_ll_usb.o
                0x00000000080021e4                USB_DevDisconnect
 .text.USB_ReadInterrupts
                0x00000000080021e8        0x8 build/stm32f1xx_ll_usb.o
                0x00000000080021e8                USB_ReadInterrupts
 .text.USB_EP0_OutStart
                0x00000000080021f0        0x4 build/stm32f1xx_ll_usb.o
                0x00000000080021f0                USB_EP0_OutStart
 .text.USB_WritePMA
                0x00000000080021f4       0x2c build/stm32f1xx_ll_usb.o
                0x00000000080021f4                USB_WritePMA
 .text.USB_EPStartXfer
                0x0000000008002220      0x2e0 build/stm32f1xx_ll_usb.o
                0x0000000008002220                USB_EPStartXfer
 .text.USB_ReadPMA
                0x0000000008002500       0x20 build/stm32f1xx_ll_usb.o
                0x0000000008002500                USB_ReadPMA
 .text.HAL_I2C_Init
                0x0000000008002520      0x168 build/stm32f1xx_hal_i2c.o
                0x0000000008002520                HAL_I2C_Init
 .text.UART_SetConfig
                0x0000000008002688      0x1bc build/stm32f1xx_hal_uart.o
 .text.HAL_UART_Init
                0x0000000008002844       0x64 build/stm32f1xx_hal_uart.o
                0x0000000008002844                HAL_UART_Init
 .text.HAL_InitTick
                0x00000000080028a8       0x4c build/stm32f1xx_hal.o
                0x00000000080028a8                HAL_InitTick
 .text.HAL_Init
                0x00000000080028f4       0x24 build/stm32f1xx_hal.o
                0x00000000080028f4                HAL_Init
 .text.HAL_IncTick
                0x0000000008002918       0x18 build/stm32f1xx_hal.o
                0x0000000008002918                HAL_IncTick
 .text.HAL_GetTick
                0x0000000008002930        0xc build/stm32f1xx_hal.o
                0x0000000008002930                HAL_GetTick
 .text.RCC_Delay
                0x000000000800293c       0x2c build/stm32f1xx_hal_rcc.o
 .text.HAL_RCC_OscConfig
                0x0000000008002968      0x400 build/stm32f1xx_hal_rcc.o
                0x0000000008002968                HAL_RCC_OscConfig
 .text.HAL_RCC_GetSysClockFreq
                0x0000000008002d68       0x70 build/stm32f1xx_hal_rcc.o
                0x0000000008002d68                HAL_RCC_GetSysClockFreq
 .text.HAL_RCC_ClockConfig
                0x0000000008002dd8      0x184 build/stm32f1xx_hal_rcc.o
                0x0000000008002dd8                HAL_RCC_ClockConfig
 .text.HAL_RCC_GetHCLKFreq
                0x0000000008002f5c        0xc build/stm32f1xx_hal_rcc.o
                0x0000000008002f5c                HAL_RCC_GetHCLKFreq
 .text.HAL_RCC_GetPCLK1Freq
                0x0000000008002f68       0x20 build/stm32f1xx_hal_rcc.o
                0x0000000008002f68                HAL_RCC_GetPCLK1Freq
 .text.HAL_RCC_GetPCLK2Freq
                0x0000000008002f88       0x20 build/stm32f1xx_hal_rcc.o
                0x0000000008002f88                HAL_RCC_GetPCLK2Freq
 .text.HAL_RCCEx_PeriphCLKConfig
                0x0000000008002fa8      0x114 build/stm32f1xx_hal_rcc_ex.o
                0x0000000008002fa8                HAL_RCCEx_PeriphCLKConfig
 .text.HAL_GPIO_Init
                0x00000000080030bc      0x1e4 build/stm32f1xx_hal_gpio.o
                0x00000000080030bc                HAL_GPIO_Init
 .text.HAL_NVIC_SetPriorityGrouping
                0x00000000080032a0       0x24 build/stm32f1xx_hal_cortex.o
                0x00000000080032a0                HAL_NVIC_SetPriorityGrouping
 .text.HAL_NVIC_SetPriority
                0x00000000080032c4       0x64 build/stm32f1xx_hal_cortex.o
                0x00000000080032c4                HAL_NVIC_SetPriority
 .text.HAL_NVIC_EnableIRQ
                0x0000000008003328       0x18 build/stm32f1xx_hal_cortex.o
                0x0000000008003328                HAL_NVIC_EnableIRQ
 .text.HAL_SYSTICK_Config
                0x0000000008003340       0x2c build/stm32f1xx_hal_cortex.o
                0x0000000008003340                HAL_SYSTICK_Config
 .text.HAL_SYSTICK_CLKSourceConfig
                0x000000000800336c       0x20 build/stm32f1xx_hal_cortex.o
                0x000000000800336c                HAL_SYSTICK_CLKSourceConfig
 .text.HAL_SYSTICK_Callback
                0x000000000800338c        0x4 build/stm32f1xx_hal_cortex.o
                0x000000000800338c                HAL_SYSTICK_Callback
 .text.HAL_SYSTICK_IRQHandler
                0x0000000008003390        0x8 build/stm32f1xx_hal_cortex.o
                0x0000000008003390                HAL_SYSTICK_IRQHandler
 .text.SystemInit
                0x0000000008003398       0x4c build/system_stm32f1xx.o
                0x0000000008003398                SystemInit
 .text.USBD_Init
                0x00000000080033e4       0x30 build/usbd_core.o
                0x00000000080033e4                USBD_Init
 .text.USBD_RegisterClass
                0x0000000008003414       0x10 build/usbd_core.o
                0x0000000008003414                USBD_RegisterClass
 .text.USBD_Start
                0x0000000008003424        0xc build/usbd_core.o
                0x0000000008003424                USBD_Start
 .text.USBD_SetClassConfig
                0x0000000008003430       0x1c build/usbd_core.o
                0x0000000008003430                USBD_SetClassConfig
 .text.USBD_ClrClassConfig
                0x000000000800344c       0x10 build/usbd_core.o
                0x000000000800344c                USBD_ClrClassConfig
 .text.USBD_LL_SetupStage
                0x000000000800345c       0x5c build/usbd_core.o
                0x000000000800345c                USBD_LL_SetupStage
 .text.USBD_LL_DataOutStage
                0x00000000080034b8       0x60 build/usbd_core.o
                0x00000000080034b8                USBD_LL_DataOutStage
 .text.USBD_LL_DataInStage
                0x0000000008003518       0xa4 build/usbd_core.o
                0x0000000008003518                USBD_LL_DataInStage
 .text.USBD_LL_Reset
                0x00000000080035bc       0x40 build/usbd_core.o
                0x00000000080035bc                USBD_LL_Reset
 .text.USBD_LL_SetSpeed
                0x00000000080035fc        0x8 build/usbd_core.o
                0x00000000080035fc                USBD_LL_SetSpeed
 .text.USBD_LL_Suspend
                0x0000000008003604       0x14 build/usbd_core.o
                0x0000000008003604                USBD_LL_Suspend
 .text.USBD_LL_Resume
                0x0000000008003618        0xc build/usbd_core.o
                0x0000000008003618                USBD_LL_Resume
 .text.USBD_LL_SOF
                0x0000000008003624       0x18 build/usbd_core.o
                0x0000000008003624                USBD_LL_SOF
 .text.USBD_GetLen
                0x000000000800363c       0x14 build/usbd_ctlreq.o
 .text.USBD_SetFeature
                0x0000000008003650       0x20 build/usbd_ctlreq.o
 .text.USBD_ParseSetupRequest
                0x0000000008003670       0x28 build/usbd_ctlreq.o
                0x0000000008003670                USBD_ParseSetupRequest
 .text.USBD_CtlError
                0x0000000008003698       0x14 build/usbd_ctlreq.o
                0x0000000008003698                USBD_CtlError
 .text.USBD_GetDescriptor
                0x00000000080036ac      0x144 build/usbd_ctlreq.o
 .text.USBD_SetAddress
                0x00000000080037f0       0x4c build/usbd_ctlreq.o
 .text.USBD_SetConfig
                0x000000000800383c       0xa8 build/usbd_ctlreq.o
 .text.USBD_GetConfig
                0x00000000080038e4       0x40 build/usbd_ctlreq.o
 .text.USBD_GetStatus
                0x0000000008003924       0x30 build/usbd_ctlreq.o
 .text.USBD_ClrFeature
                0x0000000008003954       0x30 build/usbd_ctlreq.o
 .text.USBD_StdDevReq
                0x0000000008003984       0x48 build/usbd_ctlreq.o
                0x0000000008003984                USBD_StdDevReq
 .text.USBD_StdItfReq
                0x00000000080039cc       0x38 build/usbd_ctlreq.o
                0x00000000080039cc                USBD_StdItfReq
 .text.USBD_StdEPReq
                0x0000000008003a04      0x11c build/usbd_ctlreq.o
                0x0000000008003a04                USBD_StdEPReq
 .text.USBD_GetString
                0x0000000008003b20       0x3c build/usbd_ctlreq.o
                0x0000000008003b20                USBD_GetString
 .text.USBD_CtlSendData
                0x0000000008003b5c       0x1c build/usbd_ioreq.o
                0x0000000008003b5c                USBD_CtlSendData
 .text.USBD_CtlContinueSendData
                0x0000000008003b78       0x14 build/usbd_ioreq.o
                0x0000000008003b78                USBD_CtlContinueSendData
 .text.USBD_CtlPrepareRx
                0x0000000008003b8c       0x20 build/usbd_ioreq.o
                0x0000000008003b8c                USBD_CtlPrepareRx
 .text.USBD_CtlContinueRx
                0x0000000008003bac       0x14 build/usbd_ioreq.o
                0x0000000008003bac                USBD_CtlContinueRx
 .text.USBD_CtlSendStatus
                0x0000000008003bc0       0x18 build/usbd_ioreq.o
                0x0000000008003bc0                USBD_CtlSendStatus
 .text.USBD_CtlReceiveStatus
                0x0000000008003bd8       0x18 build/usbd_ioreq.o
                0x0000000008003bd8                USBD_CtlReceiveStatus
 .text.USBD_CDC_DataIn
                0x0000000008003bf0       0x14 build/usbd_cdc.o
 .text.USBD_CDC_EP0_RxReady
                0x0000000008003c04       0x28 build/usbd_cdc.o
 .text.USBD_CDC_GetFSCfgDesc
                0x0000000008003c2c        0xc build/usbd_cdc.o
 .text.USBD_CDC_GetHSCfgDesc
                0x0000000008003c38        0xc build/usbd_cdc.o
 .text.USBD_CDC_GetOtherSpeedCfgDesc
                0x0000000008003c44        0xc build/usbd_cdc.o
 .text.USBD_CDC_GetDeviceQualifierDescriptor
                0x0000000008003c50        0xc build/usbd_cdc.o
                0x0000000008003c50                USBD_CDC_GetDeviceQualifierDescriptor
 .text.USBD_CDC_DataOut
                0x0000000008003c5c       0x30 build/usbd_cdc.o
 .text.USBD_CDC_Setup
                0x0000000008003c8c       0x74 build/usbd_cdc.o
 .text.USBD_CDC_DeInit
                0x0000000008003d00       0x3c build/usbd_cdc.o
 .text.USBD_CDC_Init
                0x0000000008003d3c       0x98 build/usbd_cdc.o
 .text.USBD_CDC_RegisterInterface
                0x0000000008003dd4       0x10 build/usbd_cdc.o
                0x0000000008003dd4                USBD_CDC_RegisterInterface
 .text.USBD_CDC_SetTxBuffer
                0x0000000008003de4       0x10 build/usbd_cdc.o
                0x0000000008003de4                USBD_CDC_SetTxBuffer
 .text.USBD_CDC_SetRxBuffer
                0x0000000008003df4        0xc build/usbd_cdc.o
                0x0000000008003df4                USBD_CDC_SetRxBuffer
 .text.USBD_CDC_TransmitPacket
                0x0000000008003e00       0x30 build/usbd_cdc.o
                0x0000000008003e00                USBD_CDC_TransmitPacket
 .text.USBD_CDC_ReceivePacket
                0x0000000008003e30       0x34 build/usbd_cdc.o
                0x0000000008003e30                USBD_CDC_ReceivePacket
 .text.Reset_Handler
                0x0000000008003e64       0x48 build/startup_stm32f103xb.o
                0x0000000008003e64                Reset_Handler
 .text.Default_Handler
                0x0000000008003eac        0x2 build/startup_stm32f103xb.o
                0x0000000008003eac                RTC_Alarm_IRQHandler
                0x0000000008003eac                EXTI2_IRQHandler
                0x0000000008003eac                TIM1_CC_IRQHandler
                0x0000000008003eac                PVD_IRQHandler
                0x0000000008003eac                EXTI3_IRQHandler
                0x0000000008003eac                EXTI0_IRQHandler
                0x0000000008003eac                I2C2_EV_IRQHandler
                0x0000000008003eac                ADC1_2_IRQHandler
                0x0000000008003eac                SPI1_IRQHandler
                0x0000000008003eac                TAMPER_IRQHandler
                0x0000000008003eac                DMA1_Channel4_IRQHandler
                0x0000000008003eac                USART3_IRQHandler
                0x0000000008003eac                RTC_IRQHandler
                0x0000000008003eac                DMA1_Channel7_IRQHandler
                0x0000000008003eac                CAN1_RX1_IRQHandler
                0x0000000008003eac                TIM4_IRQHandler
                0x0000000008003eac                I2C1_EV_IRQHandler
                0x0000000008003eac                DMA1_Channel6_IRQHandler
                0x0000000008003eac                TIM3_IRQHandler
                0x0000000008003eac                RCC_IRQHandler
                0x0000000008003eac                TIM1_TRG_COM_IRQHandler
                0x0000000008003eac                DMA1_Channel1_IRQHandler
                0x0000000008003eac                Default_Handler
                0x0000000008003eac                EXTI15_10_IRQHandler
                0x0000000008003eac                EXTI9_5_IRQHandler
                0x0000000008003eac                SPI2_IRQHandler
                0x0000000008003eac                DMA1_Channel5_IRQHandler
                0x0000000008003eac                EXTI4_IRQHandler
                0x0000000008003eac                USB_HP_CAN1_TX_IRQHandler
                0x0000000008003eac                DMA1_Channel3_IRQHandler
                0x0000000008003eac                TIM1_UP_IRQHandler
                0x0000000008003eac                WWDG_IRQHandler
                0x0000000008003eac                TIM2_IRQHandler
                0x0000000008003eac                TIM1_BRK_IRQHandler
                0x0000000008003eac                EXTI1_IRQHandler
                0x0000000008003eac                USART2_IRQHandler
                0x0000000008003eac                I2C2_ER_IRQHandler
                0x0000000008003eac                DMA1_Channel2_IRQHandler
                0x0000000008003eac                CAN1_SCE_IRQHandler
                0x0000000008003eac                FLASH_IRQHandler
                0x0000000008003eac                USART1_IRQHandler
                0x0000000008003eac                I2C1_ER_IRQHandler
                0x0000000008003eac                USBWakeUp_IRQHandler
 *fill*         0x0000000008003eae        0x2 
 .text.__errno  0x0000000008003eb0        0xc /usr/lib/gcc/arm-none-eabi/4.9.3/../../../arm-none-eabi/lib/armv7-m/libc_nano.a(lib_a-errno.o)
                0x0000000008003eb0                __errno
 .text.__libc_init_array
                0x0000000008003ebc       0x4c /usr/lib/gcc/arm-none-eabi/4.9.3/../../../arm-none-eabi/lib/armv7-m/libc_nano.a(lib_a-init.o)
                0x0000000008003ebc                __libc_init_array
 .text.memcpy   0x0000000008003f08       0x16 /usr/lib/gcc/arm-none-eabi/4.9.3/../../../arm-none-eabi/lib/armv7-m/libc_nano.a(lib_a-memcpy.o)
                0x0000000008003f08                memcpy
 .text.memset   0x0000000008003f1e       0x10 /usr/lib/gcc/arm-none-eabi/4.9.3/../../../arm-none-eabi/lib/armv7-m/libc_nano.a(lib_a-memset.o)
                0x0000000008003f1e                memset
 *fill*         0x0000000008003f2e        0x2 
 .text.printf   0x0000000008003f30       0x30 /usr/lib/gcc/arm-none-eabi/4.9.3/../../../arm-none-eabi/lib/armv7-m/libc_nano.a(lib_a-printf.o)
                0x0000000008003f30                printf
                0x0000000008003f30                iprintf
 .text.putchar  0x0000000008003f60       0x28 /usr/lib/gcc/arm-none-eabi/4.9.3/../../../arm-none-eabi/lib/armv7-m/libc_nano.a(lib_a-putchar.o)
                0x0000000008003f60                putchar
 .text.setvbuf  0x0000000008003f88      0x110 /usr/lib/gcc/arm-none-eabi/4.9.3/../../../arm-none-eabi/lib/armv7-m/libc_nano.a(lib_a-setvbuf.o)
                0x0000000008003f88                setvbuf
 .text.strchr   0x0000000008004098       0x1c /usr/lib/gcc/arm-none-eabi/4.9.3/../../../arm-none-eabi/lib/armv7-m/libc_nano.a(lib_a-strchr.o)
                0x0000000008004098                strchr
 .text.strcpy   0x00000000080040b4       0x10 /usr/lib/gcc/arm-none-eabi/4.9.3/../../../arm-none-eabi/lib/armv7-m/libc_nano.a(lib_a-strcpy.o)
                0x00000000080040b4                strcpy
 .text.strlen   0x00000000080040c4       0x10 /usr/lib/gcc/arm-none-eabi/4.9.3/../../../arm-none-eabi/lib/armv7-m/libc_nano.a(lib_a-strlen.o)
                0x00000000080040c4                strlen
 .text.strncmp  0x00000000080040d4       0x32 /usr/lib/gcc/arm-none-eabi/4.9.3/../../../arm-none-eabi/lib/armv7-m/libc_nano.a(lib_a-strncmp.o)
                0x00000000080040d4                strncmp
 .text.strncpy  0x0000000008004106       0x24 /usr/lib/gcc/arm-none-eabi/4.9.3/../../../arm-none-eabi/lib/armv7-m/libc_nano.a(lib_a-strncpy.o)
                0x0000000008004106                strncpy
 .text.__sflush_r
                0x000000000800412a      0x106 /usr/lib/gcc/arm-none-eabi/4.9.3/../../../arm-none-eabi/lib/armv7-m/libc_nano.a(lib_a-fflush.o)
                0x000000000800412a                __sflush_r
 .text._fflush_r
                0x0000000008004230       0x54 /usr/lib/gcc/arm-none-eabi/4.9.3/../../../arm-none-eabi/lib/armv7-m/libc_nano.a(lib_a-fflush.o)
                0x0000000008004230                _fflush_r
 .text._cleanup_r
                0x0000000008004284        0xc /usr/lib/gcc/arm-none-eabi/4.9.3/../../../arm-none-eabi/lib/armv7-m/libc_nano.a(lib_a-findfp.o)
                0x0000000008004284                _cleanup_r
 .text.std.isra.0
                0x0000000008004290       0x48 /usr/lib/gcc/arm-none-eabi/4.9.3/../../../arm-none-eabi/lib/armv7-m/libc_nano.a(lib_a-findfp.o)
 .text.__sfmoreglue
                0x00000000080042d8       0x2c /usr/lib/gcc/arm-none-eabi/4.9.3/../../../arm-none-eabi/lib/armv7-m/libc_nano.a(lib_a-findfp.o)
                0x00000000080042d8                __sfmoreglue
 .text.__sinit  0x0000000008004304       0x60 /usr/lib/gcc/arm-none-eabi/4.9.3/../../../arm-none-eabi/lib/armv7-m/libc_nano.a(lib_a-findfp.o)
                0x0000000008004304                __sinit
 .text.__sfp    0x0000000008004364       0x74 /usr/lib/gcc/arm-none-eabi/4.9.3/../../../arm-none-eabi/lib/armv7-m/libc_nano.a(lib_a-findfp.o)
                0x0000000008004364                __sfp
 .text._fwalk_reent
                0x00000000080043d8       0x3c /usr/lib/gcc/arm-none-eabi/4.9.3/../../../arm-none-eabi/lib/armv7-m/libc_nano.a(lib_a-fwalk.o)
                0x00000000080043d8                _fwalk_reent
 .text.malloc   0x0000000008004414       0x10 /usr/lib/gcc/arm-none-eabi/4.9.3/../../../arm-none-eabi/lib/armv7-m/libc_nano.a(lib_a-malloc.o)
                0x0000000008004414                malloc
 .text._free_r  0x0000000008004424       0x88 /usr/lib/gcc/arm-none-eabi/4.9.3/../../../arm-none-eabi/lib/armv7-m/libc_nano.a(lib_a-nano-freer.o)
                0x0000000008004424                _free_r
 .text._malloc_r
                0x00000000080044ac       0xac /usr/lib/gcc/arm-none-eabi/4.9.3/../../../arm-none-eabi/lib/armv7-m/libc_nano.a(lib_a-nano-mallocr.o)
                0x00000000080044ac                _malloc_r
 .text.__sfputc_r
                0x0000000008004558       0x2c /usr/lib/gcc/arm-none-eabi/4.9.3/../../../arm-none-eabi/lib/armv7-m/libc_nano.a(lib_a-nano-vfprintf.o)
 .text.__sfputs_r
                0x0000000008004584       0x24 /usr/lib/gcc/arm-none-eabi/4.9.3/../../../arm-none-eabi/lib/armv7-m/libc_nano.a(lib_a-nano-vfprintf.o)
                0x0000000008004584                __sfputs_r
 .text._vfprintf_r
                0x00000000080045a8      0x210 /usr/lib/gcc/arm-none-eabi/4.9.3/../../../arm-none-eabi/lib/armv7-m/libc_nano.a(lib_a-nano-vfprintf.o)
                0x00000000080045a8                _vfiprintf_r
                0x00000000080045a8                _vfprintf_r
 .text._printf_common
                0x00000000080047b8       0xea /usr/lib/gcc/arm-none-eabi/4.9.3/../../../arm-none-eabi/lib/armv7-m/libc_nano.a(lib_a-nano-vfprintf_i.o)
                0x00000000080047b8                _printf_common
 *fill*         0x00000000080048a2        0x2 
 .text._printf_i
                0x00000000080048a4      0x240 /usr/lib/gcc/arm-none-eabi/4.9.3/../../../arm-none-eabi/lib/armv7-m/libc_nano.a(lib_a-nano-vfprintf_i.o)
                0x00000000080048a4                _printf_i
 .text._putc_r  0x0000000008004ae4       0x78 /usr/lib/gcc/arm-none-eabi/4.9.3/../../../arm-none-eabi/lib/armv7-m/libc_nano.a(lib_a-putc.o)
                0x0000000008004ae4                _putc_r
 .text._sbrk_r  0x0000000008004b5c       0x20 /usr/lib/gcc/arm-none-eabi/4.9.3/../../../arm-none-eabi/lib/armv7-m/libc_nano.a(lib_a-sbrkr.o)
                0x0000000008004b5c                _sbrk_r
 .text.__sread  0x0000000008004b7c       0x22 /usr/lib/gcc/arm-none-eabi/4.9.3/../../../arm-none-eabi/lib/armv7-m/libc_nano.a(lib_a-stdio.o)
                0x0000000008004b7c                __sread
 .text.__swrite
                0x0000000008004b9e       0x38 /usr/lib/gcc/arm-none-eabi/4.9.3/../../../arm-none-eabi/lib/armv7-m/libc_nano.a(lib_a-stdio.o)
                0x0000000008004b9e                __swrite
 .text.__sseek  0x0000000008004bd6       0x24 /usr/lib/gcc/arm-none-eabi/4.9.3/../../../arm-none-eabi/lib/armv7-m/libc_nano.a(lib_a-stdio.o)
                0x0000000008004bd6                __sseek
 .text.__sclose
                0x0000000008004bfa        0x8 /usr/lib/gcc/arm-none-eabi/4.9.3/../../../arm-none-eabi/lib/armv7-m/libc_nano.a(lib_a-stdio.o)
                0x0000000008004bfa                __sclose
 *fill*         0x0000000008004c02        0x2 
 .text.__swbuf_r
                0x0000000008004c04       0xa8 /usr/lib/gcc/arm-none-eabi/4.9.3/../../../arm-none-eabi/lib/armv7-m/libc_nano.a(lib_a-wbuf.o)
                0x0000000008004c04                __swbuf_r
 .text._write_r
                0x0000000008004cac       0x24 /usr/lib/gcc/arm-none-eabi/4.9.3/../../../arm-none-eabi/lib/armv7-m/libc_nano.a(lib_a-writer.o)
                0x0000000008004cac                _write_r
 .text.__swsetup_r
                0x0000000008004cd0       0xd8 /usr/lib/gcc/arm-none-eabi/4.9.3/../../../arm-none-eabi/lib/armv7-m/libc_nano.a(lib_a-wsetup.o)
                0x0000000008004cd0                __swsetup_r
 .text._close_r
                0x0000000008004da8       0x20 /usr/lib/gcc/arm-none-eabi/4.9.3/../../../arm-none-eabi/lib/armv7-m/libc_nano.a(lib_a-closer.o)
                0x0000000008004da8                _close_r
 .text._lseek_r
                0x0000000008004dc8       0x24 /usr/lib/gcc/arm-none-eabi/4.9.3/../../../arm-none-eabi/lib/armv7-m/libc_nano.a(lib_a-lseekr.o)
                0x0000000008004dc8                _lseek_r
 .text.__smakebuf_r
                0x0000000008004dec       0x98 /usr/lib/gcc/arm-none-eabi/4.9.3/../../../arm-none-eabi/lib/armv7-m/libc_nano.a(lib_a-makebuf.o)
                0x0000000008004dec                __smakebuf_r
 .text.memchr   0x0000000008004e84       0x1c /usr/lib/gcc/arm-none-eabi/4.9.3/../../../arm-none-eabi/lib/armv7-m/libc_nano.a(lib_a-memchr.o)
                0x0000000008004e84                memchr
 .text._read_r  0x0000000008004ea0       0x24 /usr/lib/gcc/arm-none-eabi/4.9.3/../../../arm-none-eabi/lib/armv7-m/libc_nano.a(lib_a-readr.o)
                0x0000000008004ea0                _read_r
 .text._fstat_r
                0x0000000008004ec4       0x24 /usr/lib/gcc/arm-none-eabi/4.9.3/../../../arm-none-eabi/lib/armv7-m/libc_nano.a(lib_a-fstatr.o)
                0x0000000008004ec4                _fstat_r
 .text._isatty_r
                0x0000000008004ee8       0x20 /usr/lib/gcc/arm-none-eabi/4.9.3/../../../arm-none-eabi/lib/armv7-m/libc_nano.a(lib_a-isattyr.o)
                0x0000000008004ee8                _isatty_r
 *(.glue_7)
 .glue_7        0x0000000008004f08        0x0 linker stubs
 *(.glue_7t)
 .glue_7t       0x0000000008004f08        0x0 linker stubs
 *(.eh_frame)
 .eh_frame      0x0000000008004f08        0x0 /usr/lib/gcc/arm-none-eabi/4.9.3/armv7-m/crtbegin.o
 *(.init)
 .init          0x0000000008004f08        0x4 /usr/lib/gcc/arm-none-eabi/4.9.3/armv7-m/crti.o
                0x0000000008004f08                _init
 .init          0x0000000008004f0c        0x8 /usr/lib/gcc/arm-none-eabi/4.9.3/armv7-m/crtn.o
 *(.fini)
 .fini          0x0000000008004f14        0x4 /usr/lib/gcc/arm-none-eabi/4.9.3/armv7-m/crti.o
                0x0000000008004f14                _fini
 .fini          0x0000000008004f18        0x8 /usr/lib/gcc/arm-none-eabi/4.9.3/armv7-m/crtn.o
                0x0000000008004f20                . = ALIGN (0x4)
                0x0000000008004f20                _etext = .

.vfp11_veneer   0x0000000008004f20        0x0
 .vfp11_veneer  0x0000000008004f20        0x0 linker stubs

.v4_bx          0x0000000008004f20        0x0
 .v4_bx         0x0000000008004f20        0x0 linker stubs

.iplt           0x0000000008004f20        0x0
 .iplt          0x0000000008004f20        0x0 /usr/lib/gcc/arm-none-eabi/4.9.3/armv7-m/crtbegin.o

.rodata         0x0000000008004f20      0x23c
                0x0000000008004f20                . = ALIGN (0x4)
 *(.rodata)
 .rodata        0x0000000008004f20       0x12 build/stm32f1xx_hal_rcc.o
 *(.rodata*)
 *fill*         0x0000000008004f32        0x2 
 .rodata.str1.4
                0x0000000008004f34        0xb build/main.o
 *fill*         0x0000000008004f3f        0x1 
 .rodata.str1.4
                0x0000000008004f40       0xfd build/cli.o
 *fill*         0x000000000800503d        0x3 
 .rodata.str1.4
                0x0000000008005040       0x10 build/usbd_conf.o
 .rodata.str1.4
                0x0000000008005050       0x58 build/usbd_desc.o
                                         0x56 (size before relaxing)
 .rodata.AHBPrescTable
                0x00000000080050a8       0x10 build/system_stm32f1xx.o
                0x00000000080050a8                AHBPrescTable
 .rodata.APBPrescTable
                0x00000000080050b8        0x8 build/system_stm32f1xx.o
                0x00000000080050b8                APBPrescTable
 .rodata.str1.1
                0x00000000080050c0        0x2 /usr/lib/gcc/arm-none-eabi/4.9.3/../../../arm-none-eabi/lib/armv7-m/libc_nano.a(lib_a-impure.o)
 *fill*         0x00000000080050c2        0x2 
 .rodata._global_impure_ptr
                0x00000000080050c4        0x4 /usr/lib/gcc/arm-none-eabi/4.9.3/../../../arm-none-eabi/lib/armv7-m/libc_nano.a(lib_a-impure.o)
                0x00000000080050c4                _global_impure_ptr
 .rodata.__sf_fake_stdin
                0x00000000080050c8       0x20 /usr/lib/gcc/arm-none-eabi/4.9.3/../../../arm-none-eabi/lib/armv7-m/libc_nano.a(lib_a-findfp.o)
                0x00000000080050c8                __sf_fake_stdin
 .rodata.__sf_fake_stdout
                0x00000000080050e8       0x20 /usr/lib/gcc/arm-none-eabi/4.9.3/../../../arm-none-eabi/lib/armv7-m/libc_nano.a(lib_a-findfp.o)
                0x00000000080050e8                __sf_fake_stdout
 .rodata.__sf_fake_stderr
                0x0000000008005108       0x20 /usr/lib/gcc/arm-none-eabi/4.9.3/../../../arm-none-eabi/lib/armv7-m/libc_nano.a(lib_a-findfp.o)
                0x0000000008005108                __sf_fake_stderr
 .rodata.str1.1
                0x0000000008005128       0x11 /usr/lib/gcc/arm-none-eabi/4.9.3/../../../arm-none-eabi/lib/armv7-m/libc_nano.a(lib_a-nano-vfprintf.o)
 .rodata.str1.1
                0x0000000008005139       0x22 /usr/lib/gcc/arm-none-eabi/4.9.3/../../../arm-none-eabi/lib/armv7-m/libc_nano.a(lib_a-nano-vfprintf_i.o)
                0x000000000800515c                . = ALIGN (0x4)
 *fill*         0x000000000800515b        0x1 

.rel.dyn        0x000000000800515c        0x0
 .rel.iplt      0x000000000800515c        0x0 /usr/lib/gcc/arm-none-eabi/4.9.3/armv7-m/crtbegin.o

.ARM.extab
 *(.ARM.extab* .gnu.linkonce.armextab.*)

.ARM            0x000000000800515c        0x0
                0x000000000800515c                __exidx_start = .
 *(.ARM.exidx*)
                0x000000000800515c                __exidx_end = .

.preinit_array  0x000000000800515c        0x0
                0x000000000800515c                PROVIDE (__preinit_array_start, .)
 *(.preinit_array*)
                0x000000000800515c                PROVIDE (__preinit_array_end, .)

.init_array     0x000000000800515c        0x4
                0x000000000800515c                PROVIDE (__init_array_start, .)
 *(SORT(.init_array.*))
 *(.init_array*)
 .init_array    0x000000000800515c        0x4 /usr/lib/gcc/arm-none-eabi/4.9.3/armv7-m/crtbegin.o
                0x0000000008005160                PROVIDE (__init_array_end, .)

.fini_array     0x0000000008005160        0x4
                0x0000000008005160                PROVIDE (__fini_array_start, .)
 *(SORT(.fini_array.*))
 *(.fini_array*)
 .fini_array    0x0000000008005160        0x4 /usr/lib/gcc/arm-none-eabi/4.9.3/armv7-m/crtbegin.o
                0x0000000008005164                PROVIDE (__fini_array_end, .)
                0x0000000008005164                _sidata = LOADADDR (.data)

.data           0x0000000020000000      0x1c4 load address 0x0000000008005164
                0x0000000020000000                . = ALIGN (0x4)
                0x0000000020000000                _sdata = .
 *(.data)
 *(.data*)
 .data.FS_Desc  0x0000000020000000       0x1c build/usbd_desc.o
                0x0000000020000000                FS_Desc
 .data.USBD_LangIDDesc
                0x000000002000001c        0x4 build/usbd_desc.o
                0x000000002000001c                USBD_LangIDDesc
 .data.USBD_FS_DeviceDesc
                0x0000000020000020       0x12 build/usbd_desc.o
                0x0000000020000020                USBD_FS_DeviceDesc
 *fill*         0x0000000020000032        0x2 
 .data.USBD_Interface_fops_FS
                0x0000000020000034       0x10 build/usbd_cdc_if.o
                0x0000000020000034                USBD_Interface_fops_FS
 .data.uwTickPrio
                0x0000000020000044        0x4 build/stm32f1xx_hal.o
                0x0000000020000044                uwTickPrio
 .data.uwTickFreq
                0x0000000020000048        0x1 build/stm32f1xx_hal.o
                0x0000000020000048                uwTickFreq
 *fill*         0x0000000020000049        0x3 
 .data.SystemCoreClock
                0x000000002000004c        0x4 build/system_stm32f1xx.o
                0x000000002000004c                SystemCoreClock
 .data.USBD_CDC_CfgFSDesc
                0x0000000020000050       0x43 build/usbd_cdc.o
                0x0000000020000050                USBD_CDC_CfgFSDesc
 *fill*         0x0000000020000093        0x1 
 .data.USBD_CDC
                0x0000000020000094       0x38 build/usbd_cdc.o
                0x0000000020000094                USBD_CDC
 .data.USBD_CDC_DeviceQualifierDesc
                0x00000000200000cc        0xa build/usbd_cdc.o
 *fill*         0x00000000200000d6        0x2 
 .data.USBD_CDC_OtherSpeedCfgDesc
                0x00000000200000d8       0x43 build/usbd_cdc.o
                0x00000000200000d8                USBD_CDC_OtherSpeedCfgDesc
 *fill*         0x000000002000011b        0x1 
 .data.USBD_CDC_CfgHSDesc
                0x000000002000011c       0x43 build/usbd_cdc.o
                0x000000002000011c                USBD_CDC_CfgHSDesc
 *fill*         0x000000002000015f        0x1 
 .data.impure_data
                0x0000000020000160       0x60 /usr/lib/gcc/arm-none-eabi/4.9.3/../../../arm-none-eabi/lib/armv7-m/libc_nano.a(lib_a-impure.o)
 .data._impure_ptr
                0x00000000200001c0        0x4 /usr/lib/gcc/arm-none-eabi/4.9.3/../../../arm-none-eabi/lib/armv7-m/libc_nano.a(lib_a-impure.o)
                0x00000000200001c0                _impure_ptr
                0x00000000200001c4                . = ALIGN (0x4)
                0x00000000200001c4                _edata = .

.jcr            0x00000000200001c4        0x0 load address 0x0000000008005328
 .jcr           0x00000000200001c4        0x0 /usr/lib/gcc/arm-none-eabi/4.9.3/armv7-m/crtbegin.o

.tm_clone_table
                0x00000000200001c4        0x0 load address 0x0000000008005328
 .tm_clone_table
                0x00000000200001c4        0x0 /usr/lib/gcc/arm-none-eabi/4.9.3/armv7-m/crtbegin.o
 .tm_clone_table
                0x00000000200001c4        0x0 /usr/lib/gcc/arm-none-eabi/4.9.3/armv7-m/crtend.o

.igot.plt       0x00000000200001c4        0x0 load address 0x0000000008005328
 .igot.plt      0x00000000200001c4        0x0 /usr/lib/gcc/arm-none-eabi/4.9.3/armv7-m/crtbegin.o
                0x00000000200001c4                . = ALIGN (0x4)

.bss            0x00000000200001c4     0x21a8 load address 0x0000000008005328
                0x00000000200001c4                _sbss = .
                0x00000000200001c4                __bss_start__ = _sbss
 *(.bss)
 .bss           0x00000000200001c4       0x1c /usr/lib/gcc/arm-none-eabi/4.9.3/armv7-m/crtbegin.o
 *(.bss*)
 .bss.label     0x00000000200001e0        0x1 build/cli.o
 *fill*         0x00000000200001e1        0x1 
 .bss.num.7603  0x00000000200001e2        0x2 build/cli.o
 .bss.i.7508    0x00000000200001e4        0x1 build/cli.o
 *fill*         0x00000000200001e5        0x3 
 .bss.heap_end.8034
                0x00000000200001e8        0x4 build/syscalls.o
 .bss.mem.7914  0x00000000200001ec      0x220 build/usbd_conf.o
 .bss.cfgidx.7760
                0x000000002000040c        0x1 build/usbd_ctlreq.o
 .bss.ifalt.7755
                0x000000002000040d        0x1 build/usbd_cdc.o
 *fill*         0x000000002000040e        0x2 
 .bss.__malloc_sbrk_start
                0x0000000020000410        0x4 /usr/lib/gcc/arm-none-eabi/4.9.3/../../../arm-none-eabi/lib/armv7-m/libc_nano.a(lib_a-nano-mallocr.o)
                0x0000000020000410                __malloc_sbrk_start
 .bss.__malloc_free_list
                0x0000000020000414        0x4 /usr/lib/gcc/arm-none-eabi/4.9.3/../../../arm-none-eabi/lib/armv7-m/libc_nano.a(lib_a-nano-mallocr.o)
                0x0000000020000414                __malloc_free_list
 *(COMMON)
 COMMON         0x0000000020000418       0xe8 build/main.o
                0x0000000020000418                hi2c1
                0x000000002000046c                hi2c2
                0x00000000200004c0                huart1
 COMMON         0x0000000020000500      0xe10 build/cli.o
                0x0000000020000500                clilist
                0x0000000020000b40                gCmdParamInfo
                0x00000000200012a4                gUsbParamInfo
 COMMON         0x0000000020001310      0x224 build/usb_device.o
                0x0000000020001310                hUsbDeviceFS
 COMMON         0x0000000020001534      0x460 build/usbd_conf.o
                0x0000000020001534                hpcd_USB_FS
 COMMON         0x0000000020001994      0x200 build/usbd_desc.o
                0x0000000020001994                USBD_StrDesc
 COMMON         0x0000000020001b94      0x7d0 build/usbd_cdc_if.o
                0x0000000020001b94                UserRxBufferFS
                0x0000000020001f7c                UserTxBufferFS
 COMMON         0x0000000020002364        0x4 build/stm32f1xx_hal.o
                0x0000000020002364                uwTick
 COMMON         0x0000000020002368        0x4 /usr/lib/gcc/arm-none-eabi/4.9.3/../../../arm-none-eabi/lib/armv7-m/libc_nano.a(lib_a-reent.o)
                0x0000000020002368                errno
                0x000000002000236c                . = ALIGN (0x4)
                0x000000002000236c                _ebss = .
                0x000000002000236c                __bss_end__ = _ebss

._user_heap_stack
                0x000000002000236c      0x604 load address 0x0000000008005328
                0x0000000020002370                . = ALIGN (0x8)
 *fill*         0x000000002000236c        0x4 
                0x0000000020002370                PROVIDE (end, .)
                [!provide]                        PROVIDE (_end, .)
                0x0000000020002570                . = (. + _Min_Heap_Size)
 *fill*         0x0000000020002370      0x200 
                0x0000000020002970                . = (. + _Min_Stack_Size)
 *fill*         0x0000000020002570      0x400 
                0x0000000020002970                . = ALIGN (0x8)

/DISCARD/
 libc.a(*)
 libm.a(*)
 libgcc.a(*)

.ARM.attributes
                0x0000000000000000       0x29
 *(.ARM.attributes)
 .ARM.attributes
                0x0000000000000000       0x1d /usr/lib/gcc/arm-none-eabi/4.9.3/armv7-m/crti.o
 .ARM.attributes
                0x000000000000001d       0x2d /usr/lib/gcc/arm-none-eabi/4.9.3/armv7-m/crtbegin.o
 .ARM.attributes
                0x000000000000004a       0x33 build/main.o
 .ARM.attributes
                0x000000000000007d       0x33 build/cli.o
 .ARM.attributes
                0x00000000000000b0       0x33 build/syscalls.o
 .ARM.attributes
                0x00000000000000e3       0x33 build/usb_device.o
 .ARM.attributes
                0x0000000000000116       0x33 build/usbd_conf.o
 .ARM.attributes
                0x0000000000000149       0x33 build/usbd_desc.o
 .ARM.attributes
                0x000000000000017c       0x33 build/usbd_cdc_if.o
 .ARM.attributes
                0x00000000000001af       0x33 build/stm32f1xx_it.o
 .ARM.attributes
                0x00000000000001e2       0x33 build/stm32f1xx_hal_msp.o
 .ARM.attributes
                0x0000000000000215       0x33 build/stm32f1xx_hal_pcd.o
 .ARM.attributes
                0x0000000000000248       0x33 build/stm32f1xx_hal_pcd_ex.o
 .ARM.attributes
                0x000000000000027b       0x33 build/stm32f1xx_ll_usb.o
 .ARM.attributes
                0x00000000000002ae       0x33 build/stm32f1xx_hal_i2c.o
 .ARM.attributes
                0x00000000000002e1       0x33 build/stm32f1xx_hal_uart.o
 .ARM.attributes
                0x0000000000000314       0x33 build/stm32f1xx_hal.o
 .ARM.attributes
                0x0000000000000347       0x33 build/stm32f1xx_hal_rcc.o
 .ARM.attributes
                0x000000000000037a       0x33 build/stm32f1xx_hal_rcc_ex.o
 .ARM.attributes
                0x00000000000003ad       0x33 build/stm32f1xx_hal_gpio.o
 .ARM.attributes
                0x00000000000003e0       0x33 build/stm32f1xx_hal_cortex.o
 .ARM.attributes
                0x0000000000000413       0x33 build/system_stm32f1xx.o
 .ARM.attributes
                0x0000000000000446       0x33 build/usbd_core.o
 .ARM.attributes
                0x0000000000000479       0x33 build/usbd_ctlreq.o
 .ARM.attributes
                0x00000000000004ac       0x33 build/usbd_ioreq.o
 .ARM.attributes
                0x00000000000004df       0x33 build/usbd_cdc.o
 .ARM.attributes
                0x0000000000000512       0x21 build/startup_stm32f103xb.o
 .ARM.attributes
                0x0000000000000533       0x2d /usr/lib/gcc/arm-none-eabi/4.9.3/../../../arm-none-eabi/lib/armv7-m/libc_nano.a(lib_a-errno.o)
 .ARM.attributes
                0x0000000000000560       0x2d /usr/lib/gcc/arm-none-eabi/4.9.3/../../../arm-none-eabi/lib/armv7-m/libc_nano.a(lib_a-impure.o)
 .ARM.attributes
                0x000000000000058d       0x2d /usr/lib/gcc/arm-none-eabi/4.9.3/../../../arm-none-eabi/lib/armv7-m/libc_nano.a(lib_a-init.o)
 .ARM.attributes
                0x00000000000005ba       0x2d /usr/lib/gcc/arm-none-eabi/4.9.3/../../../arm-none-eabi/lib/armv7-m/libc_nano.a(lib_a-memcpy.o)
 .ARM.attributes
                0x00000000000005e7       0x2d /usr/lib/gcc/arm-none-eabi/4.9.3/../../../arm-none-eabi/lib/armv7-m/libc_nano.a(lib_a-memset.o)
 .ARM.attributes
                0x0000000000000614       0x2d /usr/lib/gcc/arm-none-eabi/4.9.3/../../../arm-none-eabi/lib/armv7-m/libc_nano.a(lib_a-printf.o)
 .ARM.attributes
                0x0000000000000641       0x2d /usr/lib/gcc/arm-none-eabi/4.9.3/../../../arm-none-eabi/lib/armv7-m/libc_nano.a(lib_a-putchar.o)
 .ARM.attributes
                0x000000000000066e       0x2d /usr/lib/gcc/arm-none-eabi/4.9.3/../../../arm-none-eabi/lib/armv7-m/libc_nano.a(lib_a-setvbuf.o)
 .ARM.attributes
                0x000000000000069b       0x2d /usr/lib/gcc/arm-none-eabi/4.9.3/../../../arm-none-eabi/lib/armv7-m/libc_nano.a(lib_a-strchr.o)
 .ARM.attributes
                0x00000000000006c8       0x1b /usr/lib/gcc/arm-none-eabi/4.9.3/../../../arm-none-eabi/lib/armv7-m/libc_nano.a(lib_a-strcmp.o)
 .ARM.attributes
                0x00000000000006e3       0x2d /usr/lib/gcc/arm-none-eabi/4.9.3/../../../arm-none-eabi/lib/armv7-m/libc_nano.a(lib_a-strcpy.o)
 .ARM.attributes
                0x0000000000000710       0x2d /usr/lib/gcc/arm-none-eabi/4.9.3/../../../arm-none-eabi/lib/armv7-m/libc_nano.a(lib_a-strlen.o)
 .ARM.attributes
                0x000000000000073d       0x2d /usr/lib/gcc/arm-none-eabi/4.9.3/../../../arm-none-eabi/lib/armv7-m/libc_nano.a(lib_a-strncmp.o)
 .ARM.attributes
                0x000000000000076a       0x2d /usr/lib/gcc/arm-none-eabi/4.9.3/../../../arm-none-eabi/lib/armv7-m/libc_nano.a(lib_a-strncpy.o)
 .ARM.attributes
                0x0000000000000797       0x2d /usr/lib/gcc/arm-none-eabi/4.9.3/../../../arm-none-eabi/lib/armv7-m/libc_nano.a(lib_a-fflush.o)
 .ARM.attributes
                0x00000000000007c4       0x2d /usr/lib/gcc/arm-none-eabi/4.9.3/../../../arm-none-eabi/lib/armv7-m/libc_nano.a(lib_a-findfp.o)
 .ARM.attributes
                0x00000000000007f1       0x2d /usr/lib/gcc/arm-none-eabi/4.9.3/../../../arm-none-eabi/lib/armv7-m/libc_nano.a(lib_a-fwalk.o)
 .ARM.attributes
                0x000000000000081e       0x2d /usr/lib/gcc/arm-none-eabi/4.9.3/../../../arm-none-eabi/lib/armv7-m/libc_nano.a(lib_a-malloc.o)
 .ARM.attributes
                0x000000000000084b       0x2d /usr/lib/gcc/arm-none-eabi/4.9.3/../../../arm-none-eabi/lib/armv7-m/libc_nano.a(lib_a-nano-freer.o)
 .ARM.attributes
                0x0000000000000878       0x2d /usr/lib/gcc/arm-none-eabi/4.9.3/../../../arm-none-eabi/lib/armv7-m/libc_nano.a(lib_a-nano-mallocr.o)
 .ARM.attributes
                0x00000000000008a5       0x2d /usr/lib/gcc/arm-none-eabi/4.9.3/../../../arm-none-eabi/lib/armv7-m/libc_nano.a(lib_a-nano-vfprintf.o)
 .ARM.attributes
                0x00000000000008d2       0x2d /usr/lib/gcc/arm-none-eabi/4.9.3/../../../arm-none-eabi/lib/armv7-m/libc_nano.a(lib_a-nano-vfprintf_i.o)
 .ARM.attributes
                0x00000000000008ff       0x2d /usr/lib/gcc/arm-none-eabi/4.9.3/../../../arm-none-eabi/lib/armv7-m/libc_nano.a(lib_a-putc.o)
 .ARM.attributes
                0x000000000000092c       0x2d /usr/lib/gcc/arm-none-eabi/4.9.3/../../../arm-none-eabi/lib/armv7-m/libc_nano.a(lib_a-sbrkr.o)
 .ARM.attributes
                0x0000000000000959       0x2d /usr/lib/gcc/arm-none-eabi/4.9.3/../../../arm-none-eabi/lib/armv7-m/libc_nano.a(lib_a-stdio.o)
 .ARM.attributes
                0x0000000000000986       0x2d /usr/lib/gcc/arm-none-eabi/4.9.3/../../../arm-none-eabi/lib/armv7-m/libc_nano.a(lib_a-wbuf.o)
 .ARM.attributes
                0x00000000000009b3       0x2d /usr/lib/gcc/arm-none-eabi/4.9.3/../../../arm-none-eabi/lib/armv7-m/libc_nano.a(lib_a-writer.o)
 .ARM.attributes
                0x00000000000009e0       0x2d /usr/lib/gcc/arm-none-eabi/4.9.3/../../../arm-none-eabi/lib/armv7-m/libc_nano.a(lib_a-wsetup.o)
 .ARM.attributes
                0x0000000000000a0d       0x2d /usr/lib/gcc/arm-none-eabi/4.9.3/../../../arm-none-eabi/lib/armv7-m/libc_nano.a(lib_a-closer.o)
 .ARM.attributes
                0x0000000000000a3a       0x2d /usr/lib/gcc/arm-none-eabi/4.9.3/../../../arm-none-eabi/lib/armv7-m/libc_nano.a(lib_a-lseekr.o)
 .ARM.attributes
                0x0000000000000a67       0x2d /usr/lib/gcc/arm-none-eabi/4.9.3/../../../arm-none-eabi/lib/armv7-m/libc_nano.a(lib_a-makebuf.o)
 .ARM.attributes
                0x0000000000000a94       0x2d /usr/lib/gcc/arm-none-eabi/4.9.3/../../../arm-none-eabi/lib/armv7-m/libc_nano.a(lib_a-memchr.o)
 .ARM.attributes
                0x0000000000000ac1       0x2d /usr/lib/gcc/arm-none-eabi/4.9.3/../../../arm-none-eabi/lib/armv7-m/libc_nano.a(lib_a-readr.o)
 .ARM.attributes
                0x0000000000000aee       0x2d /usr/lib/gcc/arm-none-eabi/4.9.3/../../../arm-none-eabi/lib/armv7-m/libc_nano.a(lib_a-reent.o)
 .ARM.attributes
                0x0000000000000b1b       0x2d /usr/lib/gcc/arm-none-eabi/4.9.3/../../../arm-none-eabi/lib/armv7-m/libc_nano.a(lib_a-fstatr.o)
 .ARM.attributes
                0x0000000000000b48       0x2d /usr/lib/gcc/arm-none-eabi/4.9.3/../../../arm-none-eabi/lib/armv7-m/libc_nano.a(lib_a-isattyr.o)
 .ARM.attributes
                0x0000000000000b75       0x2d /usr/lib/gcc/arm-none-eabi/4.9.3/armv7-m/crtend.o
 .ARM.attributes
                0x0000000000000ba2       0x1d /usr/lib/gcc/arm-none-eabi/4.9.3/armv7-m/crtn.o
OUTPUT(build/debug.elf elf32-littlearm)

.comment        0x0000000000000000       0x70
 .comment       0x0000000000000000       0x38 /usr/lib/gcc/arm-none-eabi/4.9.3/armv7-m/crtbegin.o
                                         0x39 (size before relaxing)
 .comment       0x0000000000000038       0x39 build/main.o
 .comment       0x0000000000000038       0x39 build/cli.o
 .comment       0x0000000000000038       0x39 build/syscalls.o
 .comment       0x0000000000000038       0x39 build/usb_device.o
 .comment       0x0000000000000038       0x39 build/usbd_conf.o
 .comment       0x0000000000000038       0x39 build/usbd_desc.o
 .comment       0x0000000000000038       0x39 build/usbd_cdc_if.o
 .comment       0x0000000000000038       0x39 build/stm32f1xx_it.o
 .comment       0x0000000000000038       0x39 build/stm32f1xx_hal_msp.o
 .comment       0x0000000000000038       0x39 build/stm32f1xx_hal_pcd.o
 .comment       0x0000000000000038       0x39 build/stm32f1xx_hal_pcd_ex.o
 .comment       0x0000000000000038       0x39 build/stm32f1xx_ll_usb.o
 .comment       0x0000000000000038       0x39 build/stm32f1xx_hal_i2c.o
 .comment       0x0000000000000038       0x39 build/stm32f1xx_hal_uart.o
 .comment       0x0000000000000038       0x39 build/stm32f1xx_hal.o
 .comment       0x0000000000000038       0x39 build/stm32f1xx_hal_rcc.o
 .comment       0x0000000000000038       0x39 build/stm32f1xx_hal_rcc_ex.o
 .comment       0x0000000000000038       0x39 build/stm32f1xx_hal_gpio.o
 .comment       0x0000000000000038       0x39 build/stm32f1xx_hal_cortex.o
 .comment       0x0000000000000038       0x39 build/system_stm32f1xx.o
 .comment       0x0000000000000038       0x39 build/usbd_core.o
 .comment       0x0000000000000038       0x39 build/usbd_ctlreq.o
 .comment       0x0000000000000038       0x39 build/usbd_ioreq.o
 .comment       0x0000000000000038       0x39 build/usbd_cdc.o
 .comment       0x0000000000000038       0x38 /usr/lib/gcc/arm-none-eabi/4.9.3/../../../arm-none-eabi/lib/armv7-m/libc_nano.a(lib_a-errno.o)
                                         0x39 (size before relaxing)
 .comment       0x0000000000000070       0x39 /usr/lib/gcc/arm-none-eabi/4.9.3/../../../arm-none-eabi/lib/armv7-m/libc_nano.a(lib_a-impure.o)
 .comment       0x0000000000000070       0x39 /usr/lib/gcc/arm-none-eabi/4.9.3/../../../arm-none-eabi/lib/armv7-m/libc_nano.a(lib_a-init.o)
 .comment       0x0000000000000070       0x39 /usr/lib/gcc/arm-none-eabi/4.9.3/../../../arm-none-eabi/lib/armv7-m/libc_nano.a(lib_a-memcpy.o)
 .comment       0x0000000000000070       0x39 /usr/lib/gcc/arm-none-eabi/4.9.3/../../../arm-none-eabi/lib/armv7-m/libc_nano.a(lib_a-memset.o)
 .comment       0x0000000000000070       0x39 /usr/lib/gcc/arm-none-eabi/4.9.3/../../../arm-none-eabi/lib/armv7-m/libc_nano.a(lib_a-printf.o)
 .comment       0x0000000000000070       0x39 /usr/lib/gcc/arm-none-eabi/4.9.3/../../../arm-none-eabi/lib/armv7-m/libc_nano.a(lib_a-putchar.o)
 .comment       0x0000000000000070       0x39 /usr/lib/gcc/arm-none-eabi/4.9.3/../../../arm-none-eabi/lib/armv7-m/libc_nano.a(lib_a-setvbuf.o)
 .comment       0x0000000000000070       0x39 /usr/lib/gcc/arm-none-eabi/4.9.3/../../../arm-none-eabi/lib/armv7-m/libc_nano.a(lib_a-strchr.o)
 .comment       0x0000000000000070       0x39 /usr/lib/gcc/arm-none-eabi/4.9.3/../../../arm-none-eabi/lib/armv7-m/libc_nano.a(lib_a-strcpy.o)
 .comment       0x0000000000000070       0x39 /usr/lib/gcc/arm-none-eabi/4.9.3/../../../arm-none-eabi/lib/armv7-m/libc_nano.a(lib_a-strlen.o)
 .comment       0x0000000000000070       0x39 /usr/lib/gcc/arm-none-eabi/4.9.3/../../../arm-none-eabi/lib/armv7-m/libc_nano.a(lib_a-strncmp.o)
 .comment       0x0000000000000070       0x39 /usr/lib/gcc/arm-none-eabi/4.9.3/../../../arm-none-eabi/lib/armv7-m/libc_nano.a(lib_a-strncpy.o)
 .comment       0x0000000000000070       0x39 /usr/lib/gcc/arm-none-eabi/4.9.3/../../../arm-none-eabi/lib/armv7-m/libc_nano.a(lib_a-fflush.o)
 .comment       0x0000000000000070       0x39 /usr/lib/gcc/arm-none-eabi/4.9.3/../../../arm-none-eabi/lib/armv7-m/libc_nano.a(lib_a-findfp.o)
 .comment       0x0000000000000070       0x39 /usr/lib/gcc/arm-none-eabi/4.9.3/../../../arm-none-eabi/lib/armv7-m/libc_nano.a(lib_a-fwalk.o)
 .comment       0x0000000000000070       0x39 /usr/lib/gcc/arm-none-eabi/4.9.3/../../../arm-none-eabi/lib/armv7-m/libc_nano.a(lib_a-malloc.o)
 .comment       0x0000000000000070       0x39 /usr/lib/gcc/arm-none-eabi/4.9.3/../../../arm-none-eabi/lib/armv7-m/libc_nano.a(lib_a-nano-freer.o)
 .comment       0x0000000000000070       0x39 /usr/lib/gcc/arm-none-eabi/4.9.3/../../../arm-none-eabi/lib/armv7-m/libc_nano.a(lib_a-nano-mallocr.o)
 .comment       0x0000000000000070       0x39 /usr/lib/gcc/arm-none-eabi/4.9.3/../../../arm-none-eabi/lib/armv7-m/libc_nano.a(lib_a-nano-vfprintf.o)
 .comment       0x0000000000000070       0x39 /usr/lib/gcc/arm-none-eabi/4.9.3/../../../arm-none-eabi/lib/armv7-m/libc_nano.a(lib_a-nano-vfprintf_i.o)
 .comment       0x0000000000000070       0x39 /usr/lib/gcc/arm-none-eabi/4.9.3/../../../arm-none-eabi/lib/armv7-m/libc_nano.a(lib_a-putc.o)
 .comment       0x0000000000000070       0x39 /usr/lib/gcc/arm-none-eabi/4.9.3/../../../arm-none-eabi/lib/armv7-m/libc_nano.a(lib_a-sbrkr.o)
 .comment       0x0000000000000070       0x39 /usr/lib/gcc/arm-none-eabi/4.9.3/../../../arm-none-eabi/lib/armv7-m/libc_nano.a(lib_a-stdio.o)
 .comment       0x0000000000000070       0x39 /usr/lib/gcc/arm-none-eabi/4.9.3/../../../arm-none-eabi/lib/armv7-m/libc_nano.a(lib_a-wbuf.o)
 .comment       0x0000000000000070       0x39 /usr/lib/gcc/arm-none-eabi/4.9.3/../../../arm-none-eabi/lib/armv7-m/libc_nano.a(lib_a-writer.o)
 .comment       0x0000000000000070       0x39 /usr/lib/gcc/arm-none-eabi/4.9.3/../../../arm-none-eabi/lib/armv7-m/libc_nano.a(lib_a-wsetup.o)
 .comment       0x0000000000000070       0x39 /usr/lib/gcc/arm-none-eabi/4.9.3/../../../arm-none-eabi/lib/armv7-m/libc_nano.a(lib_a-closer.o)
 .comment       0x0000000000000070       0x39 /usr/lib/gcc/arm-none-eabi/4.9.3/../../../arm-none-eabi/lib/armv7-m/libc_nano.a(lib_a-lseekr.o)
 .comment       0x0000000000000070       0x39 /usr/lib/gcc/arm-none-eabi/4.9.3/../../../arm-none-eabi/lib/armv7-m/libc_nano.a(lib_a-makebuf.o)
 .comment       0x0000000000000070       0x39 /usr/lib/gcc/arm-none-eabi/4.9.3/../../../arm-none-eabi/lib/armv7-m/libc_nano.a(lib_a-memchr.o)
 .comment       0x0000000000000070       0x39 /usr/lib/gcc/arm-none-eabi/4.9.3/../../../arm-none-eabi/lib/armv7-m/libc_nano.a(lib_a-readr.o)
 .comment       0x0000000000000070       0x39 /usr/lib/gcc/arm-none-eabi/4.9.3/../../../arm-none-eabi/lib/armv7-m/libc_nano.a(lib_a-reent.o)
 .comment       0x0000000000000070       0x39 /usr/lib/gcc/arm-none-eabi/4.9.3/../../../arm-none-eabi/lib/armv7-m/libc_nano.a(lib_a-fstatr.o)
 .comment       0x0000000000000070       0x39 /usr/lib/gcc/arm-none-eabi/4.9.3/../../../arm-none-eabi/lib/armv7-m/libc_nano.a(lib_a-isattyr.o)
 .comment       0x0000000000000070       0x39 /usr/lib/gcc/arm-none-eabi/4.9.3/armv7-m/crtend.o

.debug_info     0x0000000000000000    0x23b73
 .debug_info    0x0000000000000000     0x1939 build/main.o
 .debug_info    0x0000000000001939     0x106e build/cli.o
 .debug_info    0x00000000000029a7      0x526 build/syscalls.o
 .debug_info    0x0000000000002ecd      0x705 build/usb_device.o
 .debug_info    0x00000000000035d2     0x1b95 build/usbd_conf.o
 .debug_info    0x0000000000005167      0x509 build/usbd_desc.o
 .debug_info    0x0000000000005670      0x9a0 build/usbd_cdc_if.o
 .debug_info    0x0000000000006010      0x672 build/stm32f1xx_it.o
 .debug_info    0x0000000000006682      0xed1 build/stm32f1xx_hal_msp.o
 .debug_info    0x0000000000007553     0x13ef build/stm32f1xx_hal_pcd.o
 .debug_info    0x0000000000008942      0x610 build/stm32f1xx_hal_pcd_ex.o
 .debug_info    0x0000000000008f52      0xfc4 build/stm32f1xx_ll_usb.o
 .debug_info    0x0000000000009f16     0x3114 build/stm32f1xx_hal_i2c.o
 .debug_info    0x000000000000d02a     0x178e build/stm32f1xx_hal_uart.o
 .debug_info    0x000000000000e7b8      0x7ec build/stm32f1xx_hal.o
 .debug_info    0x000000000000efa4      0xa9c build/stm32f1xx_hal_rcc.o
 .debug_info    0x000000000000fa40      0x438 build/stm32f1xx_hal_rcc_ex.o
 .debug_info    0x000000000000fe78      0x65b build/stm32f1xx_hal_gpio.o
 .debug_info    0x00000000000104d3      0xcb4 build/stm32f1xx_hal_cortex.o
 .debug_info    0x0000000000011187      0x412 build/system_stm32f1xx.o
 .debug_info    0x0000000000011599      0xe02 build/usbd_core.o
 .debug_info    0x000000000001239b      0xf1a build/usbd_ctlreq.o
 .debug_info    0x00000000000132b5      0x828 build/usbd_ioreq.o
 .debug_info    0x0000000000013add      0xe83 build/usbd_cdc.o
 .debug_info    0x0000000000014960       0x62 build/startup_stm32f103xb.o
 .debug_info    0x00000000000149c2      0x735 /usr/lib/gcc/arm-none-eabi/4.9.3/../../../arm-none-eabi/lib/armv7-m/libc_nano.a(lib_a-errno.o)
 .debug_info    0x00000000000150f7      0x7d3 /usr/lib/gcc/arm-none-eabi/4.9.3/../../../arm-none-eabi/lib/armv7-m/libc_nano.a(lib_a-impure.o)
 .debug_info    0x00000000000158ca      0x105 /usr/lib/gcc/arm-none-eabi/4.9.3/../../../arm-none-eabi/lib/armv7-m/libc_nano.a(lib_a-init.o)
 .debug_info    0x00000000000159cf      0x104 /usr/lib/gcc/arm-none-eabi/4.9.3/../../../arm-none-eabi/lib/armv7-m/libc_nano.a(lib_a-memcpy.o)
 .debug_info    0x0000000000015ad3       0xd3 /usr/lib/gcc/arm-none-eabi/4.9.3/../../../arm-none-eabi/lib/armv7-m/libc_nano.a(lib_a-memset.o)
 .debug_info    0x0000000000015ba6      0x895 /usr/lib/gcc/arm-none-eabi/4.9.3/../../../arm-none-eabi/lib/armv7-m/libc_nano.a(lib_a-printf.o)
 .debug_info    0x000000000001643b      0x81a /usr/lib/gcc/arm-none-eabi/4.9.3/../../../arm-none-eabi/lib/armv7-m/libc_nano.a(lib_a-putchar.o)
 .debug_info    0x0000000000016c55      0x91a /usr/lib/gcc/arm-none-eabi/4.9.3/../../../arm-none-eabi/lib/armv7-m/libc_nano.a(lib_a-setvbuf.o)
 .debug_info    0x000000000001756f       0xe3 /usr/lib/gcc/arm-none-eabi/4.9.3/../../../arm-none-eabi/lib/armv7-m/libc_nano.a(lib_a-strchr.o)
 .debug_info    0x0000000000017652       0xd4 /usr/lib/gcc/arm-none-eabi/4.9.3/../../../arm-none-eabi/lib/armv7-m/libc_nano.a(lib_a-strcmp.o)
 .debug_info    0x0000000000017726       0xbd /usr/lib/gcc/arm-none-eabi/4.9.3/../../../arm-none-eabi/lib/armv7-m/libc_nano.a(lib_a-strcpy.o)
 .debug_info    0x00000000000177e3       0xcd /usr/lib/gcc/arm-none-eabi/4.9.3/../../../arm-none-eabi/lib/armv7-m/libc_nano.a(lib_a-strlen.o)
 .debug_info    0x00000000000178b0       0xcf /usr/lib/gcc/arm-none-eabi/4.9.3/../../../arm-none-eabi/lib/armv7-m/libc_nano.a(lib_a-strncmp.o)
 .debug_info    0x000000000001797f       0xf5 /usr/lib/gcc/arm-none-eabi/4.9.3/../../../arm-none-eabi/lib/armv7-m/libc_nano.a(lib_a-strncpy.o)
 .debug_info    0x0000000000017a74      0xa00 /usr/lib/gcc/arm-none-eabi/4.9.3/../../../arm-none-eabi/lib/armv7-m/libc_nano.a(lib_a-fflush.o)
 .debug_info    0x0000000000018474      0xd5a /usr/lib/gcc/arm-none-eabi/4.9.3/../../../arm-none-eabi/lib/armv7-m/libc_nano.a(lib_a-findfp.o)
 .debug_info    0x00000000000191ce      0x846 /usr/lib/gcc/arm-none-eabi/4.9.3/../../../arm-none-eabi/lib/armv7-m/libc_nano.a(lib_a-fwalk.o)
 .debug_info    0x0000000000019a14      0x7c1 /usr/lib/gcc/arm-none-eabi/4.9.3/../../../arm-none-eabi/lib/armv7-m/libc_nano.a(lib_a-malloc.o)
 .debug_info    0x000000000001a1d5      0x81a /usr/lib/gcc/arm-none-eabi/4.9.3/../../../arm-none-eabi/lib/armv7-m/libc_nano.a(lib_a-nano-freer.o)
 .debug_info    0x000000000001a9ef      0x8fb /usr/lib/gcc/arm-none-eabi/4.9.3/../../../arm-none-eabi/lib/armv7-m/libc_nano.a(lib_a-nano-mallocr.o)
 .debug_info    0x000000000001b2ea      0xe05 /usr/lib/gcc/arm-none-eabi/4.9.3/../../../arm-none-eabi/lib/armv7-m/libc_nano.a(lib_a-nano-vfprintf.o)
 .debug_info    0x000000000001c0ef      0xb5b /usr/lib/gcc/arm-none-eabi/4.9.3/../../../arm-none-eabi/lib/armv7-m/libc_nano.a(lib_a-nano-vfprintf_i.o)
 .debug_info    0x000000000001cc4a      0x8c0 /usr/lib/gcc/arm-none-eabi/4.9.3/../../../arm-none-eabi/lib/armv7-m/libc_nano.a(lib_a-putc.o)
 .debug_info    0x000000000001d50a      0x7a0 /usr/lib/gcc/arm-none-eabi/4.9.3/../../../arm-none-eabi/lib/armv7-m/libc_nano.a(lib_a-sbrkr.o)
 .debug_info    0x000000000001dcaa      0xa36 /usr/lib/gcc/arm-none-eabi/4.9.3/../../../arm-none-eabi/lib/armv7-m/libc_nano.a(lib_a-stdio.o)
 .debug_info    0x000000000001e6e0      0x916 /usr/lib/gcc/arm-none-eabi/4.9.3/../../../arm-none-eabi/lib/armv7-m/libc_nano.a(lib_a-wbuf.o)
 .debug_info    0x000000000001eff6      0x7d5 /usr/lib/gcc/arm-none-eabi/4.9.3/../../../arm-none-eabi/lib/armv7-m/libc_nano.a(lib_a-writer.o)
 .debug_info    0x000000000001f7cb      0x881 /usr/lib/gcc/arm-none-eabi/4.9.3/../../../arm-none-eabi/lib/armv7-m/libc_nano.a(lib_a-wsetup.o)
 .debug_info    0x000000000002004c      0x78c /usr/lib/gcc/arm-none-eabi/4.9.3/../../../arm-none-eabi/lib/armv7-m/libc_nano.a(lib_a-closer.o)
 .debug_info    0x00000000000207d8      0x7b8 /usr/lib/gcc/arm-none-eabi/4.9.3/../../../arm-none-eabi/lib/armv7-m/libc_nano.a(lib_a-lseekr.o)
 .debug_info    0x0000000000020f90      0x98c /usr/lib/gcc/arm-none-eabi/4.9.3/../../../arm-none-eabi/lib/armv7-m/libc_nano.a(lib_a-makebuf.o)
 .debug_info    0x000000000002191c       0xf8 /usr/lib/gcc/arm-none-eabi/4.9.3/../../../arm-none-eabi/lib/armv7-m/libc_nano.a(lib_a-memchr.o)
 .debug_info    0x0000000000021a14      0x7ce /usr/lib/gcc/arm-none-eabi/4.9.3/../../../arm-none-eabi/lib/armv7-m/libc_nano.a(lib_a-readr.o)
 .debug_info    0x00000000000221e2      0x8fb /usr/lib/gcc/arm-none-eabi/4.9.3/../../../arm-none-eabi/lib/armv7-m/libc_nano.a(lib_a-reent.o)
 .debug_info    0x0000000000022add      0x90a /usr/lib/gcc/arm-none-eabi/4.9.3/../../../arm-none-eabi/lib/armv7-m/libc_nano.a(lib_a-fstatr.o)
 .debug_info    0x00000000000233e7      0x78c /usr/lib/gcc/arm-none-eabi/4.9.3/../../../arm-none-eabi/lib/armv7-m/libc_nano.a(lib_a-isattyr.o)

.debug_abbrev   0x0000000000000000     0x6892
 .debug_abbrev  0x0000000000000000      0x2fd build/main.o
 .debug_abbrev  0x00000000000002fd      0x373 build/cli.o
 .debug_abbrev  0x0000000000000670      0x183 build/syscalls.o
 .debug_abbrev  0x00000000000007f3      0x175 build/usb_device.o
 .debug_abbrev  0x0000000000000968      0x2e9 build/usbd_conf.o
 .debug_abbrev  0x0000000000000c51      0x164 build/usbd_desc.o
 .debug_abbrev  0x0000000000000db5      0x26f build/usbd_cdc_if.o
 .debug_abbrev  0x0000000000001024      0x172 build/stm32f1xx_it.o
 .debug_abbrev  0x0000000000001196      0x1a9 build/stm32f1xx_hal_msp.o
 .debug_abbrev  0x000000000000133f      0x2e3 build/stm32f1xx_hal_pcd.o
 .debug_abbrev  0x0000000000001622      0x15c build/stm32f1xx_hal_pcd_ex.o
 .debug_abbrev  0x000000000000177e      0x1f9 build/stm32f1xx_ll_usb.o
 .debug_abbrev  0x0000000000001977      0x2bb build/stm32f1xx_hal_i2c.o
 .debug_abbrev  0x0000000000001c32      0x2a8 build/stm32f1xx_hal_uart.o
 .debug_abbrev  0x0000000000001eda      0x232 build/stm32f1xx_hal.o
 .debug_abbrev  0x000000000000210c      0x2aa build/stm32f1xx_hal_rcc.o
 .debug_abbrev  0x00000000000023b6      0x1b5 build/stm32f1xx_hal_rcc_ex.o
 .debug_abbrev  0x000000000000256b      0x200 build/stm32f1xx_hal_gpio.o
 .debug_abbrev  0x000000000000276b      0x2bf build/stm32f1xx_hal_cortex.o
 .debug_abbrev  0x0000000000002a2a      0x122 build/system_stm32f1xx.o
 .debug_abbrev  0x0000000000002b4c      0x23f build/usbd_core.o
 .debug_abbrev  0x0000000000002d8b      0x28b build/usbd_ctlreq.o
 .debug_abbrev  0x0000000000003016      0x15d build/usbd_ioreq.o
 .debug_abbrev  0x0000000000003173      0x298 build/usbd_cdc.o
 .debug_abbrev  0x000000000000340b       0x12 build/startup_stm32f103xb.o
 .debug_abbrev  0x000000000000341d      0x134 /usr/lib/gcc/arm-none-eabi/4.9.3/../../../arm-none-eabi/lib/armv7-m/libc_nano.a(lib_a-errno.o)
 .debug_abbrev  0x0000000000003551      0x136 /usr/lib/gcc/arm-none-eabi/4.9.3/../../../arm-none-eabi/lib/armv7-m/libc_nano.a(lib_a-impure.o)
 .debug_abbrev  0x0000000000003687       0xba /usr/lib/gcc/arm-none-eabi/4.9.3/../../../arm-none-eabi/lib/armv7-m/libc_nano.a(lib_a-init.o)
 .debug_abbrev  0x0000000000003741       0xa4 /usr/lib/gcc/arm-none-eabi/4.9.3/../../../arm-none-eabi/lib/armv7-m/libc_nano.a(lib_a-memcpy.o)
 .debug_abbrev  0x00000000000037e5       0x8e /usr/lib/gcc/arm-none-eabi/4.9.3/../../../arm-none-eabi/lib/armv7-m/libc_nano.a(lib_a-memset.o)
 .debug_abbrev  0x0000000000003873      0x1ec /usr/lib/gcc/arm-none-eabi/4.9.3/../../../arm-none-eabi/lib/armv7-m/libc_nano.a(lib_a-printf.o)
 .debug_abbrev  0x0000000000003a5f      0x1bf /usr/lib/gcc/arm-none-eabi/4.9.3/../../../arm-none-eabi/lib/armv7-m/libc_nano.a(lib_a-putchar.o)
 .debug_abbrev  0x0000000000003c1e      0x1e9 /usr/lib/gcc/arm-none-eabi/4.9.3/../../../arm-none-eabi/lib/armv7-m/libc_nano.a(lib_a-setvbuf.o)
 .debug_abbrev  0x0000000000003e07       0x83 /usr/lib/gcc/arm-none-eabi/4.9.3/../../../arm-none-eabi/lib/armv7-m/libc_nano.a(lib_a-strchr.o)
 .debug_abbrev  0x0000000000003e8a       0x14 /usr/lib/gcc/arm-none-eabi/4.9.3/../../../arm-none-eabi/lib/armv7-m/libc_nano.a(lib_a-strcmp.o)
 .debug_abbrev  0x0000000000003e9e       0x72 /usr/lib/gcc/arm-none-eabi/4.9.3/../../../arm-none-eabi/lib/armv7-m/libc_nano.a(lib_a-strcpy.o)
 .debug_abbrev  0x0000000000003f10       0x8c /usr/lib/gcc/arm-none-eabi/4.9.3/../../../arm-none-eabi/lib/armv7-m/libc_nano.a(lib_a-strlen.o)
 .debug_abbrev  0x0000000000003f9c       0x70 /usr/lib/gcc/arm-none-eabi/4.9.3/../../../arm-none-eabi/lib/armv7-m/libc_nano.a(lib_a-strncmp.o)
 .debug_abbrev  0x000000000000400c       0x8e /usr/lib/gcc/arm-none-eabi/4.9.3/../../../arm-none-eabi/lib/armv7-m/libc_nano.a(lib_a-strncpy.o)
 .debug_abbrev  0x000000000000409a      0x24e /usr/lib/gcc/arm-none-eabi/4.9.3/../../../arm-none-eabi/lib/armv7-m/libc_nano.a(lib_a-fflush.o)
 .debug_abbrev  0x00000000000042e8      0x300 /usr/lib/gcc/arm-none-eabi/4.9.3/../../../arm-none-eabi/lib/armv7-m/libc_nano.a(lib_a-findfp.o)
 .debug_abbrev  0x00000000000045e8      0x176 /usr/lib/gcc/arm-none-eabi/4.9.3/../../../arm-none-eabi/lib/armv7-m/libc_nano.a(lib_a-fwalk.o)
 .debug_abbrev  0x000000000000475e      0x19f /usr/lib/gcc/arm-none-eabi/4.9.3/../../../arm-none-eabi/lib/armv7-m/libc_nano.a(lib_a-malloc.o)
 .debug_abbrev  0x00000000000048fd      0x1b6 /usr/lib/gcc/arm-none-eabi/4.9.3/../../../arm-none-eabi/lib/armv7-m/libc_nano.a(lib_a-nano-freer.o)
 .debug_abbrev  0x0000000000004ab3      0x250 /usr/lib/gcc/arm-none-eabi/4.9.3/../../../arm-none-eabi/lib/armv7-m/libc_nano.a(lib_a-nano-mallocr.o)
 .debug_abbrev  0x0000000000004d03      0x2a5 /usr/lib/gcc/arm-none-eabi/4.9.3/../../../arm-none-eabi/lib/armv7-m/libc_nano.a(lib_a-nano-vfprintf.o)
 .debug_abbrev  0x0000000000004fa8      0x1fb /usr/lib/gcc/arm-none-eabi/4.9.3/../../../arm-none-eabi/lib/armv7-m/libc_nano.a(lib_a-nano-vfprintf_i.o)
 .debug_abbrev  0x00000000000051a3      0x1e3 /usr/lib/gcc/arm-none-eabi/4.9.3/../../../arm-none-eabi/lib/armv7-m/libc_nano.a(lib_a-putc.o)
 .debug_abbrev  0x0000000000005386      0x1a2 /usr/lib/gcc/arm-none-eabi/4.9.3/../../../arm-none-eabi/lib/armv7-m/libc_nano.a(lib_a-sbrkr.o)
 .debug_abbrev  0x0000000000005528      0x1eb /usr/lib/gcc/arm-none-eabi/4.9.3/../../../arm-none-eabi/lib/armv7-m/libc_nano.a(lib_a-stdio.o)
 .debug_abbrev  0x0000000000005713      0x1f7 /usr/lib/gcc/arm-none-eabi/4.9.3/../../../arm-none-eabi/lib/armv7-m/libc_nano.a(lib_a-wbuf.o)
 .debug_abbrev  0x000000000000590a      0x199 /usr/lib/gcc/arm-none-eabi/4.9.3/../../../arm-none-eabi/lib/armv7-m/libc_nano.a(lib_a-writer.o)
 .debug_abbrev  0x0000000000005aa3      0x1a5 /usr/lib/gcc/arm-none-eabi/4.9.3/../../../arm-none-eabi/lib/armv7-m/libc_nano.a(lib_a-wsetup.o)
 .debug_abbrev  0x0000000000005c48      0x194 /usr/lib/gcc/arm-none-eabi/4.9.3/../../../arm-none-eabi/lib/armv7-m/libc_nano.a(lib_a-closer.o)
 .debug_abbrev  0x0000000000005ddc      0x1a3 /usr/lib/gcc/arm-none-eabi/4.9.3/../../../arm-none-eabi/lib/armv7-m/libc_nano.a(lib_a-lseekr.o)
 .debug_abbrev  0x0000000000005f7f      0x1ab /usr/lib/gcc/arm-none-eabi/4.9.3/../../../arm-none-eabi/lib/armv7-m/libc_nano.a(lib_a-makebuf.o)
 .debug_abbrev  0x000000000000612a       0xab /usr/lib/gcc/arm-none-eabi/4.9.3/../../../arm-none-eabi/lib/armv7-m/libc_nano.a(lib_a-memchr.o)
 .debug_abbrev  0x00000000000061d5      0x194 /usr/lib/gcc/arm-none-eabi/4.9.3/../../../arm-none-eabi/lib/armv7-m/libc_nano.a(lib_a-readr.o)
 .debug_abbrev  0x0000000000006369      0x1f2 /usr/lib/gcc/arm-none-eabi/4.9.3/../../../arm-none-eabi/lib/armv7-m/libc_nano.a(lib_a-reent.o)
 .debug_abbrev  0x000000000000655b      0x1a3 /usr/lib/gcc/arm-none-eabi/4.9.3/../../../arm-none-eabi/lib/armv7-m/libc_nano.a(lib_a-fstatr.o)
 .debug_abbrev  0x00000000000066fe      0x194 /usr/lib/gcc/arm-none-eabi/4.9.3/../../../arm-none-eabi/lib/armv7-m/libc_nano.a(lib_a-isattyr.o)

.debug_loc      0x0000000000000000     0xe1d0
 .debug_loc     0x0000000000000000       0xe5 build/main.o
 .debug_loc     0x00000000000000e5      0x979 build/cli.o
 .debug_loc     0x0000000000000a5e      0x1c7 build/syscalls.o
 .debug_loc     0x0000000000000c25       0x20 build/usb_device.o
 .debug_loc     0x0000000000000c45      0xee2 build/usbd_conf.o
 .debug_loc     0x0000000000001b27      0x357 build/usbd_desc.o
 .debug_loc     0x0000000000001e7e      0x196 build/usbd_cdc_if.o
 .debug_loc     0x0000000000002014       0x40 build/stm32f1xx_it.o
 .debug_loc     0x0000000000002054      0x1b5 build/stm32f1xx_hal_msp.o
 .debug_loc     0x0000000000002209      0xc2b build/stm32f1xx_hal_pcd.o
 .debug_loc     0x0000000000002e34      0x118 build/stm32f1xx_hal_pcd_ex.o
 .debug_loc     0x0000000000002f4c      0xcc4 build/stm32f1xx_ll_usb.o
 .debug_loc     0x0000000000003c10     0x3787 build/stm32f1xx_hal_i2c.o
 .debug_loc     0x0000000000007397     0x1763 build/stm32f1xx_hal_uart.o
 .debug_loc     0x0000000000008afa      0x1a8 build/stm32f1xx_hal.o
 .debug_loc     0x0000000000008ca2      0x6fc build/stm32f1xx_hal_rcc.o
 .debug_loc     0x000000000000939e      0x344 build/stm32f1xx_hal_rcc_ex.o
 .debug_loc     0x00000000000096e2      0x401 build/stm32f1xx_hal_gpio.o
 .debug_loc     0x0000000000009ae3      0x545 build/stm32f1xx_hal_cortex.o
 .debug_loc     0x000000000000a028       0xe4 build/system_stm32f1xx.o
 .debug_loc     0x000000000000a10c      0x7aa build/usbd_core.o
 .debug_loc     0x000000000000a8b6      0xce3 build/usbd_ctlreq.o
 .debug_loc     0x000000000000b599      0x2e4 build/usbd_ioreq.o
 .debug_loc     0x000000000000b87d      0x591 build/usbd_cdc.o
 .debug_loc     0x000000000000be0e       0x48 /usr/lib/gcc/arm-none-eabi/4.9.3/../../../arm-none-eabi/lib/armv7-m/libc_nano.a(lib_a-init.o)
 .debug_loc     0x000000000000be56       0x87 /usr/lib/gcc/arm-none-eabi/4.9.3/../../../arm-none-eabi/lib/armv7-m/libc_nano.a(lib_a-memcpy.o)
 .debug_loc     0x000000000000bedd       0x49 /usr/lib/gcc/arm-none-eabi/4.9.3/../../../arm-none-eabi/lib/armv7-m/libc_nano.a(lib_a-memset.o)
 .debug_loc     0x000000000000bf26       0x3f /usr/lib/gcc/arm-none-eabi/4.9.3/../../../arm-none-eabi/lib/armv7-m/libc_nano.a(lib_a-printf.o)
 .debug_loc     0x000000000000bf65       0xc3 /usr/lib/gcc/arm-none-eabi/4.9.3/../../../arm-none-eabi/lib/armv7-m/libc_nano.a(lib_a-putchar.o)
 .debug_loc     0x000000000000c028      0x175 /usr/lib/gcc/arm-none-eabi/4.9.3/../../../arm-none-eabi/lib/armv7-m/libc_nano.a(lib_a-setvbuf.o)
 .debug_loc     0x000000000000c19d       0x6b /usr/lib/gcc/arm-none-eabi/4.9.3/../../../arm-none-eabi/lib/armv7-m/libc_nano.a(lib_a-strchr.o)
 .debug_loc     0x000000000000c208       0x21 /usr/lib/gcc/arm-none-eabi/4.9.3/../../../arm-none-eabi/lib/armv7-m/libc_nano.a(lib_a-strcpy.o)
 .debug_loc     0x000000000000c229       0x21 /usr/lib/gcc/arm-none-eabi/4.9.3/../../../arm-none-eabi/lib/armv7-m/libc_nano.a(lib_a-strlen.o)
 .debug_loc     0x000000000000c24a       0x8b /usr/lib/gcc/arm-none-eabi/4.9.3/../../../arm-none-eabi/lib/armv7-m/libc_nano.a(lib_a-strncmp.o)
 .debug_loc     0x000000000000c2d5       0xc5 /usr/lib/gcc/arm-none-eabi/4.9.3/../../../arm-none-eabi/lib/armv7-m/libc_nano.a(lib_a-strncpy.o)
 .debug_loc     0x000000000000c39a      0x24c /usr/lib/gcc/arm-none-eabi/4.9.3/../../../arm-none-eabi/lib/armv7-m/libc_nano.a(lib_a-fflush.o)
 .debug_loc     0x000000000000c5e6      0x200 /usr/lib/gcc/arm-none-eabi/4.9.3/../../../arm-none-eabi/lib/armv7-m/libc_nano.a(lib_a-findfp.o)
 .debug_loc     0x000000000000c7e6      0x11f /usr/lib/gcc/arm-none-eabi/4.9.3/../../../arm-none-eabi/lib/armv7-m/libc_nano.a(lib_a-fwalk.o)
 .debug_loc     0x000000000000c905       0x58 /usr/lib/gcc/arm-none-eabi/4.9.3/../../../arm-none-eabi/lib/armv7-m/libc_nano.a(lib_a-malloc.o)
 .debug_loc     0x000000000000c95d      0x172 /usr/lib/gcc/arm-none-eabi/4.9.3/../../../arm-none-eabi/lib/armv7-m/libc_nano.a(lib_a-nano-freer.o)
 .debug_loc     0x000000000000cacf      0x304 /usr/lib/gcc/arm-none-eabi/4.9.3/../../../arm-none-eabi/lib/armv7-m/libc_nano.a(lib_a-nano-mallocr.o)
 .debug_loc     0x000000000000cdd3      0x4f6 /usr/lib/gcc/arm-none-eabi/4.9.3/../../../arm-none-eabi/lib/armv7-m/libc_nano.a(lib_a-nano-vfprintf.o)
 .debug_loc     0x000000000000d2c9      0x46d /usr/lib/gcc/arm-none-eabi/4.9.3/../../../arm-none-eabi/lib/armv7-m/libc_nano.a(lib_a-nano-vfprintf_i.o)
 .debug_loc     0x000000000000d736      0x121 /usr/lib/gcc/arm-none-eabi/4.9.3/../../../arm-none-eabi/lib/armv7-m/libc_nano.a(lib_a-putc.o)
 .debug_loc     0x000000000000d857       0x4d /usr/lib/gcc/arm-none-eabi/4.9.3/../../../arm-none-eabi/lib/armv7-m/libc_nano.a(lib_a-sbrkr.o)
 .debug_loc     0x000000000000d8a4      0x236 /usr/lib/gcc/arm-none-eabi/4.9.3/../../../arm-none-eabi/lib/armv7-m/libc_nano.a(lib_a-stdio.o)
 .debug_loc     0x000000000000dada      0x113 /usr/lib/gcc/arm-none-eabi/4.9.3/../../../arm-none-eabi/lib/armv7-m/libc_nano.a(lib_a-wbuf.o)
 .debug_loc     0x000000000000dbed       0xa5 /usr/lib/gcc/arm-none-eabi/4.9.3/../../../arm-none-eabi/lib/armv7-m/libc_nano.a(lib_a-writer.o)
 .debug_loc     0x000000000000dc92       0x5d /usr/lib/gcc/arm-none-eabi/4.9.3/../../../arm-none-eabi/lib/armv7-m/libc_nano.a(lib_a-wsetup.o)
 .debug_loc     0x000000000000dcef       0x4d /usr/lib/gcc/arm-none-eabi/4.9.3/../../../arm-none-eabi/lib/armv7-m/libc_nano.a(lib_a-closer.o)
 .debug_loc     0x000000000000dd3c       0xa5 /usr/lib/gcc/arm-none-eabi/4.9.3/../../../arm-none-eabi/lib/armv7-m/libc_nano.a(lib_a-lseekr.o)
 .debug_loc     0x000000000000dde1       0xe0 /usr/lib/gcc/arm-none-eabi/4.9.3/../../../arm-none-eabi/lib/armv7-m/libc_nano.a(lib_a-makebuf.o)
 .debug_loc     0x000000000000dec1       0xaa /usr/lib/gcc/arm-none-eabi/4.9.3/../../../arm-none-eabi/lib/armv7-m/libc_nano.a(lib_a-memchr.o)
 .debug_loc     0x000000000000df6b       0xa5 /usr/lib/gcc/arm-none-eabi/4.9.3/../../../arm-none-eabi/lib/armv7-m/libc_nano.a(lib_a-readr.o)
 .debug_loc     0x000000000000e010       0xfa /usr/lib/gcc/arm-none-eabi/4.9.3/../../../arm-none-eabi/lib/armv7-m/libc_nano.a(lib_a-reent.o)
 .debug_loc     0x000000000000e10a       0x79 /usr/lib/gcc/arm-none-eabi/4.9.3/../../../arm-none-eabi/lib/armv7-m/libc_nano.a(lib_a-fstatr.o)
 .debug_loc     0x000000000000e183       0x4d /usr/lib/gcc/arm-none-eabi/4.9.3/../../../arm-none-eabi/lib/armv7-m/libc_nano.a(lib_a-isattyr.o)

.debug_aranges  0x0000000000000000     0x14a8
 .debug_aranges
                0x0000000000000000       0x50 build/main.o
 .debug_aranges
                0x0000000000000050       0xc8 build/cli.o
 .debug_aranges
                0x0000000000000118       0x50 build/syscalls.o
 .debug_aranges
                0x0000000000000168       0x20 build/usb_device.o
 .debug_aranges
                0x0000000000000188      0x110 build/usbd_conf.o
 .debug_aranges
                0x0000000000000298       0x50 build/usbd_desc.o
 .debug_aranges
                0x00000000000002e8       0x40 build/usbd_cdc_if.o
 .debug_aranges
                0x0000000000000328       0x68 build/stm32f1xx_it.o
 .debug_aranges
                0x0000000000000390       0x40 build/stm32f1xx_hal_msp.o
 .debug_aranges
                0x00000000000003d0      0x120 build/stm32f1xx_hal_pcd.o
 .debug_aranges
                0x00000000000004f0       0x28 build/stm32f1xx_hal_pcd_ex.o
 .debug_aranges
                0x0000000000000518      0x100 build/stm32f1xx_ll_usb.o
 .debug_aranges
                0x0000000000000618      0x268 build/stm32f1xx_hal_i2c.o
 .debug_aranges
                0x0000000000000880      0x1d0 build/stm32f1xx_hal_uart.o
 .debug_aranges
                0x0000000000000a50       0xd0 build/stm32f1xx_hal.o
 .debug_aranges
                0x0000000000000b20       0x90 build/stm32f1xx_hal_rcc.o
 .debug_aranges
                0x0000000000000bb0       0x30 build/stm32f1xx_hal_rcc_ex.o
 .debug_aranges
                0x0000000000000be0       0x58 build/stm32f1xx_hal_gpio.o
 .debug_aranges
                0x0000000000000c38       0x90 build/stm32f1xx_hal_cortex.o
 .debug_aranges
                0x0000000000000cc8       0x28 build/system_stm32f1xx.o
 .debug_aranges
                0x0000000000000cf0       0xb8 build/usbd_core.o
 .debug_aranges
                0x0000000000000da8       0x88 build/usbd_ctlreq.o
 .debug_aranges
                0x0000000000000e30       0x50 build/usbd_ioreq.o
 .debug_aranges
                0x0000000000000e80       0x90 build/usbd_cdc.o
 .debug_aranges
                0x0000000000000f10       0x28 build/startup_stm32f103xb.o
 .debug_aranges
                0x0000000000000f38       0x20 /usr/lib/gcc/arm-none-eabi/4.9.3/../../../arm-none-eabi/lib/armv7-m/libc_nano.a(lib_a-errno.o)
 .debug_aranges
                0x0000000000000f58       0x18 /usr/lib/gcc/arm-none-eabi/4.9.3/../../../arm-none-eabi/lib/armv7-m/libc_nano.a(lib_a-impure.o)
 .debug_aranges
                0x0000000000000f70       0x20 /usr/lib/gcc/arm-none-eabi/4.9.3/../../../arm-none-eabi/lib/armv7-m/libc_nano.a(lib_a-init.o)
 .debug_aranges
                0x0000000000000f90       0x20 /usr/lib/gcc/arm-none-eabi/4.9.3/../../../arm-none-eabi/lib/armv7-m/libc_nano.a(lib_a-memcpy.o)
 .debug_aranges
                0x0000000000000fb0       0x20 /usr/lib/gcc/arm-none-eabi/4.9.3/../../../arm-none-eabi/lib/armv7-m/libc_nano.a(lib_a-memset.o)
 .debug_aranges
                0x0000000000000fd0       0x28 /usr/lib/gcc/arm-none-eabi/4.9.3/../../../arm-none-eabi/lib/armv7-m/libc_nano.a(lib_a-printf.o)
 .debug_aranges
                0x0000000000000ff8       0x28 /usr/lib/gcc/arm-none-eabi/4.9.3/../../../arm-none-eabi/lib/armv7-m/libc_nano.a(lib_a-putchar.o)
 .debug_aranges
                0x0000000000001020       0x20 /usr/lib/gcc/arm-none-eabi/4.9.3/../../../arm-none-eabi/lib/armv7-m/libc_nano.a(lib_a-setvbuf.o)
 .debug_aranges
                0x0000000000001040       0x20 /usr/lib/gcc/arm-none-eabi/4.9.3/../../../arm-none-eabi/lib/armv7-m/libc_nano.a(lib_a-strchr.o)
 .debug_aranges
                0x0000000000001060       0x20 /usr/lib/gcc/arm-none-eabi/4.9.3/../../../arm-none-eabi/lib/armv7-m/libc_nano.a(lib_a-strcmp.o)
 .debug_aranges
                0x0000000000001080       0x20 /usr/lib/gcc/arm-none-eabi/4.9.3/../../../arm-none-eabi/lib/armv7-m/libc_nano.a(lib_a-strcpy.o)
 .debug_aranges
                0x00000000000010a0       0x20 /usr/lib/gcc/arm-none-eabi/4.9.3/../../../arm-none-eabi/lib/armv7-m/libc_nano.a(lib_a-strlen.o)
 .debug_aranges
                0x00000000000010c0       0x20 /usr/lib/gcc/arm-none-eabi/4.9.3/../../../arm-none-eabi/lib/armv7-m/libc_nano.a(lib_a-strncmp.o)
 .debug_aranges
                0x00000000000010e0       0x20 /usr/lib/gcc/arm-none-eabi/4.9.3/../../../arm-none-eabi/lib/armv7-m/libc_nano.a(lib_a-strncpy.o)
 .debug_aranges
                0x0000000000001100       0x30 /usr/lib/gcc/arm-none-eabi/4.9.3/../../../arm-none-eabi/lib/armv7-m/libc_nano.a(lib_a-fflush.o)
 .debug_aranges