Archive member included to satisfy reference by file (symbol)

/usr/lib/gcc/arm-none-eabi/6.3.1/../../../arm-none-eabi/lib/libc_nano.a(lib_a-atexit.o)
                              /usr/lib/gcc/arm-none-eabi/6.3.1/../../../arm-none-eabi/lib/crt0.o (atexit)
/usr/lib/gcc/arm-none-eabi/6.3.1/../../../arm-none-eabi/lib/libc_nano.a(lib_a-atoi.o)
                              build/common.o (atoi)
/usr/lib/gcc/arm-none-eabi/6.3.1/../../../arm-none-eabi/lib/libc_nano.a(lib_a-errno.o)
                              build/syscalls.o (__errno)
/usr/lib/gcc/arm-none-eabi/6.3.1/../../../arm-none-eabi/lib/libc_nano.a(lib_a-exit.o)
                              /usr/lib/gcc/arm-none-eabi/6.3.1/../../../arm-none-eabi/lib/crt0.o (exit)
/usr/lib/gcc/arm-none-eabi/6.3.1/../../../arm-none-eabi/lib/libc_nano.a(lib_a-fini.o)
                              /usr/lib/gcc/arm-none-eabi/6.3.1/../../../arm-none-eabi/lib/crt0.o (__libc_fini_array)
/usr/lib/gcc/arm-none-eabi/6.3.1/../../../arm-none-eabi/lib/libc_nano.a(lib_a-impure.o)
                              /usr/lib/gcc/arm-none-eabi/6.3.1/../../../arm-none-eabi/lib/libc_nano.a(lib_a-exit.o) (_global_impure_ptr)
/usr/lib/gcc/arm-none-eabi/6.3.1/../../../arm-none-eabi/lib/libc_nano.a(lib_a-init.o)
                              /usr/lib/gcc/arm-none-eabi/6.3.1/../../../arm-none-eabi/lib/crt0.o (__libc_init_array)
/usr/lib/gcc/arm-none-eabi/6.3.1/../../../arm-none-eabi/lib/libc_nano.a(lib_a-memcpy-stub.o)
                              build/cli.o (memcpy)
/usr/lib/gcc/arm-none-eabi/6.3.1/../../../arm-none-eabi/lib/libc_nano.a(lib_a-memset.o)
                              /usr/lib/gcc/arm-none-eabi/6.3.1/../../../arm-none-eabi/lib/crt0.o (memset)
/usr/lib/gcc/arm-none-eabi/6.3.1/../../../arm-none-eabi/lib/libc_nano.a(lib_a-printf.o)
                              build/cli.o (printf)
/usr/lib/gcc/arm-none-eabi/6.3.1/../../../arm-none-eabi/lib/libc_nano.a(lib_a-putchar.o)
                              build/cli.o (putchar)
/usr/lib/gcc/arm-none-eabi/6.3.1/../../../arm-none-eabi/lib/libc_nano.a(lib_a-setvbuf.o)
                              build/main.o (setvbuf)
/usr/lib/gcc/arm-none-eabi/6.3.1/../../../arm-none-eabi/lib/libc_nano.a(lib_a-strchr.o)
                              build/cli.o (strchr)
/usr/lib/gcc/arm-none-eabi/6.3.1/../../../arm-none-eabi/lib/libc_nano.a(lib_a-strcmp.o)
                              build/cli.o (strcmp)
/usr/lib/gcc/arm-none-eabi/6.3.1/../../../arm-none-eabi/lib/libc_nano.a(lib_a-strcpy.o)
                              build/cli.o (strcpy)
/usr/lib/gcc/arm-none-eabi/6.3.1/../../../arm-none-eabi/lib/libc_nano.a(lib_a-strlen-stub.o)
                              build/cli.o (strlen)
/usr/lib/gcc/arm-none-eabi/6.3.1/../../../arm-none-eabi/lib/libc_nano.a(lib_a-strncmp.o)
                              build/cli.o (strncmp)
/usr/lib/gcc/arm-none-eabi/6.3.1/../../../arm-none-eabi/lib/libc_nano.a(lib_a-strncpy.o)
                              build/cli.o (strncpy)
/usr/lib/gcc/arm-none-eabi/6.3.1/../../../arm-none-eabi/lib/libc_nano.a(lib_a-strtol.o)
                              /usr/lib/gcc/arm-none-eabi/6.3.1/../../../arm-none-eabi/lib/libc_nano.a(lib_a-atoi.o) (_strtol_r)
/usr/lib/gcc/arm-none-eabi/6.3.1/../../../arm-none-eabi/lib/libc_nano.a(lib_a-__atexit.o)
                              /usr/lib/gcc/arm-none-eabi/6.3.1/../../../arm-none-eabi/lib/libc_nano.a(lib_a-atexit.o) (__register_exitproc)
/usr/lib/gcc/arm-none-eabi/6.3.1/../../../arm-none-eabi/lib/libc_nano.a(lib_a-__call_atexit.o)
                              /usr/lib/gcc/arm-none-eabi/6.3.1/../../../arm-none-eabi/lib/libc_nano.a(lib_a-__atexit.o) (__call_exitprocs)
/usr/lib/gcc/arm-none-eabi/6.3.1/../../../arm-none-eabi/lib/libc_nano.a(lib_a-ctype_.o)
                              /usr/lib/gcc/arm-none-eabi/6.3.1/../../../arm-none-eabi/lib/libc_nano.a(lib_a-strtol.o) (__ctype_ptr__)
/usr/lib/gcc/arm-none-eabi/6.3.1/../../../arm-none-eabi/lib/libc_nano.a(lib_a-fflush.o)
                              /usr/lib/gcc/arm-none-eabi/6.3.1/../../../arm-none-eabi/lib/libc_nano.a(lib_a-setvbuf.o) (_fflush_r)
/usr/lib/gcc/arm-none-eabi/6.3.1/../../../arm-none-eabi/lib/libc_nano.a(lib_a-findfp.o)
                              /usr/lib/gcc/arm-none-eabi/6.3.1/../../../arm-none-eabi/lib/libc_nano.a(lib_a-printf.o) (__sinit)
/usr/lib/gcc/arm-none-eabi/6.3.1/../../../arm-none-eabi/lib/libc_nano.a(lib_a-fwalk.o)
                              /usr/lib/gcc/arm-none-eabi/6.3.1/../../../arm-none-eabi/lib/libc_nano.a(lib_a-findfp.o) (_fwalk)
/usr/lib/gcc/arm-none-eabi/6.3.1/../../../arm-none-eabi/lib/libc_nano.a(lib_a-makebuf.o)
                              /usr/lib/gcc/arm-none-eabi/6.3.1/../../../arm-none-eabi/lib/libc_nano.a(lib_a-setvbuf.o) (__swhatbuf_r)
/usr/lib/gcc/arm-none-eabi/6.3.1/../../../arm-none-eabi/lib/libc_nano.a(lib_a-malloc.o)
                              /usr/lib/gcc/arm-none-eabi/6.3.1/../../../arm-none-eabi/lib/libc_nano.a(lib_a-setvbuf.o) (malloc)
[...]
Memory Configuration

Name             Origin             Length             Attributes
RAM              0x0000000020000000 0x0000000000005000 xrw
FLASH            0x0000000008000000 0x0000000000010000 xr
*default*        0x0000000000000000 0xffffffffffffffff

Linker script and memory map

LOAD /usr/lib/gcc/arm-none-eabi/6.3.1/thumb/v7-m/crti.o
LOAD /usr/lib/gcc/arm-none-eabi/6.3.1/thumb/v7-m/crtbegin.o
LOAD /usr/lib/gcc/arm-none-eabi/6.3.1/../../../arm-none-eabi/lib/crt0.o
LOAD build/main.o
LOAD build/cli.o
LOAD build/common.o
LOAD build/cmd_app.o
LOAD build/mpu9250.o
LOAD build/syscalls.o
LOAD build/usb_device.o
LOAD build/usbd_conf.o
LOAD build/usbd_desc.o
LOAD build/usbd_cdc_if.o
LOAD build/stm32f1xx_it.o
LOAD build/stm32f1xx_hal_msp.o
LOAD build/stm32f1xx_hal_gpio_ex.o
LOAD build/stm32f1xx_hal_pcd.o
LOAD build/stm32f1xx_hal_pcd_ex.o
LOAD build/stm32f1xx_ll_usb.o
LOAD build/stm32f1xx_hal_i2c.o
LOAD build/stm32f1xx_hal_tim.o
LOAD build/stm32f1xx_hal_tim_ex.o
LOAD build/stm32f1xx_hal_uart.o
LOAD build/stm32f1xx_hal.o
LOAD build/stm32f1xx_hal_rcc.o
LOAD build/stm32f1xx_hal_rcc_ex.o
LOAD build/stm32f1xx_hal_gpio.o
LOAD build/stm32f1xx_hal_dma.o
LOAD build/stm32f1xx_hal_cortex.o
LOAD build/stm32f1xx_hal_pwr.o
LOAD build/stm32f1xx_hal_flash.o
LOAD build/stm32f1xx_hal_flash_ex.o
LOAD build/system_stm32f1xx.o
LOAD build/usbd_core.o
LOAD build/usbd_ctlreq.o
LOAD build/usbd_ioreq.o
LOAD build/usbd_cdc.o
LOAD build/startup_stm32f103xb.o
LOAD /usr/lib/gcc/arm-none-eabi/6.3.1/../../../arm-none-eabi/lib/libc_nano.a
LOAD /usr/lib/gcc/arm-none-eabi/6.3.1/../../../arm-none-eabi/lib/libm.a
LOAD /usr/lib/gcc/arm-none-eabi/6.3.1/../../../arm-none-eabi/lib/libnosys.a
START GROUP
LOAD /usr/lib/gcc/arm-none-eabi/6.3.1/thumb/v7-m/libgcc.a
LOAD /usr/lib/gcc/arm-none-eabi/6.3.1/../../../arm-none-eabi/lib/libc_nano.a
END GROUP
START GROUP
LOAD /usr/lib/gcc/arm-none-eabi/6.3.1/thumb/v7-m/libgcc.a
LOAD /usr/lib/gcc/arm-none-eabi/6.3.1/../../../arm-none-eabi/lib/libc_nano.a
END GROUP
LOAD /usr/lib/gcc/arm-none-eabi/6.3.1/thumb/v7-m/crtend.o
LOAD /usr/lib/gcc/arm-none-eabi/6.3.1/thumb/v7-m/crtn.o
                0x0000000020005000                _estack = 0x20005000
                0x0000000000000200                _Min_Heap_Size = 0x200
                0x0000000000000400                _Min_Stack_Size = 0x400

.isr_vector     0x0000000008000000      0x10c
                0x0000000008000000                . = ALIGN (0x4)
 *(.isr_vector)
 .isr_vector    0x0000000008000000      0x10c build/startup_stm32f103xb.o
                0x0000000008000000                g_pfnVectors
                0x000000000800010c                . = ALIGN (0x4)

.text           0x000000000800010c     0x6f00
                0x000000000800010c                . = ALIGN (0x4)
 *(.text)
 .text          0x000000000800010c       0xa4 /usr/lib/gcc/arm-none-eabi/6.3.1/thumb/v7-m/crtbegin.o
 .text          0x00000000080001b0       0x10 /usr/lib/gcc/arm-none-eabi/6.3.1/../../../arm-none-eabi/lib/libc_nano.a(lib_a-errno.o)
                0x00000000080001b0                __errno
 .text          0x00000000080001c0       0x80 /usr/lib/gcc/arm-none-eabi/6.3.1/../../../arm-none-eabi/lib/libc_nano.a(lib_a-init.o)
                0x00000000080001c0                __libc_init_array
 .text          0x0000000008000240       0xf0 /usr/lib/gcc/arm-none-eabi/6.3.1/../../../arm-none-eabi/lib/libc_nano.a(lib_a-memcpy-stub.o)
                0x0000000008000240                memcpy
 .text          0x0000000008000330       0xf4 /usr/lib/gcc/arm-none-eabi/6.3.1/../../../arm-none-eabi/lib/libc_nano.a(lib_a-memset.o)
                0x0000000008000330                memset
 .text          0x0000000008000424       0xa8 /usr/lib/gcc/arm-none-eabi/6.3.1/../../../arm-none-eabi/lib/libc_nano.a(lib_a-printf.o)
                0x0000000008000424                _printf_r
                0x0000000008000424                _iprintf_r
                0x0000000008000470                printf
                0x0000000008000470                iprintf
 .text          0x00000000080004cc       0x84 /usr/lib/gcc/arm-none-eabi/6.3.1/../../../arm-none-eabi/lib/libc_nano.a(lib_a-putchar.o)
                0x00000000080004cc                _putchar_r
                0x000000000800050c                putchar
 .text          0x0000000008000550      0x234 /usr/lib/gcc/arm-none-eabi/6.3.1/../../../arm-none-eabi/lib/libc_nano.a(lib_a-setvbuf.o)
                0x0000000008000550                setvbuf
 .text          0x0000000008000784      0x168 /usr/lib/gcc/arm-none-eabi/6.3.1/../../../arm-none-eabi/lib/libc_nano.a(lib_a-strchr.o)
                0x0000000008000784                strchr
 .text          0x00000000080008ec      0x224 /usr/lib/gcc/arm-none-eabi/6.3.1/../../../arm-none-eabi/lib/libc_nano.a(lib_a-strcmp.o)
                0x00000000080008ec                strcmp
 .text          0x0000000008000b10       0xf0 /usr/lib/gcc/arm-none-eabi/6.3.1/../../../arm-none-eabi/lib/libc_nano.a(lib_a-strcpy.o)
                0x0000000008000b10                strcpy
 .text          0x0000000008000c00       0x60 /usr/lib/gcc/arm-none-eabi/6.3.1/../../../arm-none-eabi/lib/libc_nano.a(lib_a-strlen-stub.o)
                0x0000000008000c00                strlen
 .text          0x0000000008000c60      0x124 /usr/lib/gcc/arm-none-eabi/6.3.1/../../../arm-none-eabi/lib/libc_nano.a(lib_a-strncmp.o)
                0x0000000008000c60                strncmp
 .text          0x0000000008000d84       0xe4 /usr/lib/gcc/arm-none-eabi/6.3.1/../../../arm-none-eabi/lib/libc_nano.a(lib_a-strncpy.o)
                0x0000000008000d84                strncpy
 .text          0x0000000008000e68      0x2f0 /usr/lib/gcc/arm-none-eabi/6.3.1/../../../arm-none-eabi/lib/libc_nano.a(lib_a-fflush.o)
                0x0000000008000e68                __sflush_r
                0x0000000008001078                _fflush_r
                0x0000000008001120                fflush
 .text          0x0000000008001158      0x384 /usr/lib/gcc/arm-none-eabi/6.3.1/../../../arm-none-eabi/lib/libc_nano.a(lib_a-findfp.o)
                0x0000000008001160                _cleanup_r
                0x0000000008001180                __sfmoreglue
                0x00000000080011d0                __sfp
                0x0000000008001450                _cleanup
                0x0000000008001474                __sinit
                0x0000000008001484                __sfp_lock_acquire
                0x0000000008001488                __sfp_lock_release
                0x000000000800148c                __sinit_lock_acquire
                0x0000000008001490                __sinit_lock_release
                0x0000000008001494                __fp_lock_all
                0x00000000080014b8                __fp_unlock_all
 .text          0x00000000080014dc      0x110 /usr/lib/gcc/arm-none-eabi/6.3.1/../../../arm-none-eabi/lib/libc_nano.a(lib_a-fwalk.o)
                0x00000000080014dc                _fwalk
                0x0000000008001560                _fwalk_reent
 .text          0x00000000080015ec      0x17c /usr/lib/gcc/arm-none-eabi/6.3.1/../../../arm-none-eabi/lib/libc_nano.a(lib_a-makebuf.o)
                0x00000000080015ec                __swhatbuf_r
                0x0000000008001680                __smakebuf_r
 .text          0x0000000008001768       0x40 /usr/lib/gcc/arm-none-eabi/6.3.1/../../../arm-none-eabi/lib/libc_nano.a(lib_a-malloc.o)
                0x0000000008001768                malloc
                0x0000000008001788                free
 .text          0x00000000080017a8       0xf8 /usr/lib/gcc/arm-none-eabi/6.3.1/../../../arm-none-eabi/lib/libc_nano.a(lib_a-nano-freer.o)
                0x00000000080017a8                _free_r
 .text          0x00000000080018a0      0x14c /usr/lib/gcc/arm-none-eabi/6.3.1/../../../arm-none-eabi/lib/libc_nano.a(lib_a-nano-mallocr.o)
                0x00000000080018a0                _malloc_r
 .text          0x00000000080019ec      0x494 /usr/lib/gcc/arm-none-eabi/6.3.1/../../../arm-none-eabi/lib/libc_nano.a(lib_a-nano-vfprintf.o)
                0x0000000008001a48                __sfputs_r
                0x0000000008001aa4                __sprint_r
                0x0000000008001adc                _vfiprintf_r
                0x0000000008001adc                _vfprintf_r
                0x0000000008001e64                vfiprintf
                0x0000000008001e64                vfprintf
 .text          0x0000000008001e80      0x5fc /usr/lib/gcc/arm-none-eabi/6.3.1/../../../arm-none-eabi/lib/libc_nano.a(lib_a-nano-vfprintf_i.o)
                0x0000000008001e80                _printf_common
                0x0000000008002054                _printf_i
 .text          0x000000000800247c      0x190 /usr/lib/gcc/arm-none-eabi/6.3.1/../../../arm-none-eabi/lib/libc_nano.a(lib_a-putc.o)
                0x000000000800247c                _putc_r
                0x000000000800253c                putc
 .text          0x000000000800260c       0x44 /usr/lib/gcc/arm-none-eabi/6.3.1/../../../arm-none-eabi/lib/libc_nano.a(lib_a-sbrkr.o)
                0x000000000800260c                _sbrk_r
 .text          0x0000000008002650       0xd8 /usr/lib/gcc/arm-none-eabi/6.3.1/../../../arm-none-eabi/lib/libc_nano.a(lib_a-stdio.o)
                0x0000000008002650                __sread
                0x0000000008002684                __seofread
                0x000000000800268c                __swrite
                0x00000000080026e4                __sseek
                0x0000000008002714                __sclose
 .text          0x0000000008002728      0x15c /usr/lib/gcc/arm-none-eabi/6.3.1/../../../arm-none-eabi/lib/libc_nano.a(lib_a-wbuf.o)
                0x0000000008002728                __swbuf_r
                0x000000000800286c                __swbuf
 .text          0x0000000008002884       0x48 /usr/lib/gcc/arm-none-eabi/6.3.1/../../../arm-none-eabi/lib/libc_nano.a(lib_a-writer.o)
                0x0000000008002884                _write_r
 .text          0x00000000080028cc      0x19c /usr/lib/gcc/arm-none-eabi/6.3.1/../../../arm-none-eabi/lib/libc_nano.a(lib_a-wsetup.o)
                0x00000000080028cc                __swsetup_r
 .text          0x0000000008002a68       0x3c /usr/lib/gcc/arm-none-eabi/6.3.1/../../../arm-none-eabi/lib/libc_nano.a(lib_a-closer.o)
                0x0000000008002a68                _close_r
 .text          0x0000000008002aa4       0x44 /usr/lib/gcc/arm-none-eabi/6.3.1/../../../arm-none-eabi/lib/libc_nano.a(lib_a-fstatr.o)
                0x0000000008002aa4                _fstat_r
 .text          0x0000000008002ae8      0x4c8 /usr/lib/gcc/arm-none-eabi/6.3.1/../../../arm-none-eabi/lib/libc_nano.a(lib_a-fvwrite.o)
                0x0000000008002ae8                __sfvwrite_r
 .text          0x0000000008002fb0       0x3c /usr/lib/gcc/arm-none-eabi/6.3.1/../../../arm-none-eabi/lib/libc_nano.a(lib_a-isattyr.o)
                0x0000000008002fb0                _isatty_r
 .text          0x0000000008002fec       0x48 /usr/lib/gcc/arm-none-eabi/6.3.1/../../../arm-none-eabi/lib/libc_nano.a(lib_a-lseekr.o)
                0x0000000008002fec                _lseek_r
 .text          0x0000000008003034      0x114 /usr/lib/gcc/arm-none-eabi/6.3.1/../../../arm-none-eabi/lib/libc_nano.a(lib_a-memchr-stub.o)
                0x0000000008003034                memchr
 .text          0x0000000008003148      0x12c /usr/lib/gcc/arm-none-eabi/6.3.1/../../../arm-none-eabi/lib/libc_nano.a(lib_a-memmove.o)
                0x0000000008003148                memmove
 .text          0x0000000008003274       0x88 /usr/lib/gcc/arm-none-eabi/6.3.1/../../../arm-none-eabi/lib/libc_nano.a(lib_a-nano-reallocr.o)
                0x0000000008003274                _realloc_r
 .text          0x00000000080032fc       0x48 /usr/lib/gcc/arm-none-eabi/6.3.1/../../../arm-none-eabi/lib/libc_nano.a(lib_a-readr.o)
                0x00000000080032fc                _read_r
 .text          0x0000000008003344       0x1c /usr/lib/gcc/arm-none-eabi/6.3.1/../../../arm-none-eabi/lib/libc_nano.a(lib_a-nano-msizer.o)
                0x0000000008003344                _malloc_usable_size_r
 .text          0x0000000008003360       0x24 /usr/lib/gcc/arm-none-eabi/6.3.1/thumb/v7-m/libgcc.a(_udivsi3.o)
                0x0000000008003360                __udivsi3
                0x0000000008003360                __aeabi_uidiv
                0x0000000008003374                __aeabi_uidivmod
 .text          0x0000000008003384       0x2c /usr/lib/gcc/arm-none-eabi/6.3.1/thumb/v7-m/libgcc.a(_divsi3.o)
                0x0000000008003384                __aeabi_idiv
                0x0000000008003384                __divsi3
                0x00000000080033a0                __aeabi_idivmod
 .text          0x00000000080033b0        0x4 /usr/lib/gcc/arm-none-eabi/6.3.1/thumb/v7-m/libgcc.a(_dvmd_tls.o)
                0x00000000080033b0                __aeabi_ldiv0
                0x00000000080033b0                __aeabi_idiv0
 *(.text*)
 .text.MX_GPIO_Init
                0x00000000080033b4       0x44 build/main.o
 .text._Error_Handler
                0x00000000080033f8        0x2 build/main.o
                0x00000000080033f8                _Error_Handler
 *fill*         0x00000000080033fa        0x2 
 .text.MX_I2C1_Init
                0x00000000080033fc       0x40 build/main.o
 .text.MX_I2C2_Init
                0x000000000800343c       0x40 build/main.o
 .text.MX_USART1_UART_Init
                0x000000000800347c       0x3c build/main.o
 .text.SystemClock_Config
                0x00000000080034b8       0x9c build/main.o
                0x00000000080034b8                SystemClock_Config
 .text.main     0x0000000008003554       0x3c build/main.o
                0x0000000008003554                main
 .text.cli_deinit
                0x0000000008003590       0x18 build/cli.o
 .text.vOutputString
                0x00000000080035a8       0x10 build/cli.o
 .text.prvDispHelpConfig
                0x00000000080035b8       0x24 build/cli.o
 .text.cli_write_history_cmd
                0x00000000080035dc       0x60 build/cli.o
 .text.CLIGetParameter
                0x000000000800363c       0x68 build/cli.o
 .text.CLI_Charmatching
                0x00000000080036a4       0xe8 build/cli.o
 .text.CLICommandSeek
                0x000000000800378c       0x74 build/cli.o
 .text.cli_format_cmd
                0x0000000008003800       0xf0 build/cli.o
 .text.cli_ProcessCommand
                0x00000000080038f0       0x5c build/cli.o
 .text.vOutputChar
                0x000000000800394c        0x8 build/cli.o
 .text.cli_backspace
                0x0000000008003954       0xa8 build/cli.o
 .text.cli_read_history_cmd
                0x00000000080039fc       0xb4 build/cli.o
 .text.cli_direction
                0x0000000008003ab0       0x70 build/cli.o
 .text.cli_cInput
                0x0000000008003b20       0x84 build/cli.o
 .text.CLICommandAdd
                0x0000000008003ba4       0x24 build/cli.o
                0x0000000008003ba4                CLICommandAdd
 .text.CLI_info_init
                0x0000000008003bc8       0x4c build/cli.o
                0x0000000008003bc8                CLI_info_init
 .text.read_cInput
                0x0000000008003c14       0x30 build/cli.o
                0x0000000008003c14                read_cInput
 .text.vGetchar
                0x0000000008003c44        0x8 build/cli.o
                0x0000000008003c44                vGetchar
 .text.CLI_event_handle
                0x0000000008003c4c       0xe8 build/cli.o
                0x0000000008003c4c                CLI_event_handle
 .text.prvUARTCommandConsoleTask
                0x0000000008003d34        0xc build/cli.o
                0x0000000008003d34                prvUARTCommandConsoleTask
 .text.write_cInput
                0x0000000008003d40       0xa0 build/cli.o
                0x0000000008003d40                write_cInput
 .text._read    0x0000000008003de0        0xe build/syscalls.o
                0x0000000008003de0                _read
 .text._write   0x0000000008003dee       0x14 build/syscalls.o
                0x0000000008003dee                _write
 *fill*         0x0000000008003e02        0x2 
 .text._sbrk    0x0000000008003e04       0x3c build/syscalls.o
                0x0000000008003e04                _sbrk
 .text._close   0x0000000008003e40        0x6 build/syscalls.o
                0x0000000008003e40                _close
 .text._fstat   0x0000000008003e46        0xa build/syscalls.o
                0x0000000008003e46                _fstat
 .text._isatty  0x0000000008003e50        0x4 build/syscalls.o
                0x0000000008003e50                _isatty
 .text._lseek   0x0000000008003e54        0x4 build/syscalls.o
                0x0000000008003e54                _lseek
 .text.MX_USB_DEVICE_Init
                0x0000000008003e58       0x38 build/usb_device.o
                0x0000000008003e58                MX_USB_DEVICE_Init
 .text.HAL_PCD_MspInit
                0x0000000008003e90       0x40 build/usbd_conf.o
                0x0000000008003e90                HAL_PCD_MspInit
 .text.HAL_PCD_SetupStageCallback
                0x0000000008003ed0       0x10 build/usbd_conf.o
                0x0000000008003ed0                HAL_PCD_SetupStageCallback
 .text.HAL_PCD_DataOutStageCallback
                0x0000000008003ee0       0x14 build/usbd_conf.o
                0x0000000008003ee0                HAL_PCD_DataOutStageCallback
 .text.HAL_PCD_DataInStageCallback
                0x0000000008003ef4       0x12 build/usbd_conf.o
                0x0000000008003ef4                HAL_PCD_DataInStageCallback
 .text.HAL_PCD_SOFCallback
                0x0000000008003f06        0xc build/usbd_conf.o
                0x0000000008003f06                HAL_PCD_SOFCallback
 .text.HAL_PCD_ResetCallback
                0x0000000008003f12       0x18 build/usbd_conf.o
                0x0000000008003f12                HAL_PCD_ResetCallback
 *fill*         0x0000000008003f2a        0x2 
 .text.HAL_PCD_SuspendCallback
                0x0000000008003f2c       0x20 build/usbd_conf.o
                0x0000000008003f2c                HAL_PCD_SuspendCallback
 .text.HAL_PCD_ResumeCallback
                0x0000000008003f4c        0xc build/usbd_conf.o
                0x0000000008003f4c                HAL_PCD_ResumeCallback
 .text.USBD_LL_Init
                0x0000000008003f58       0x94 build/usbd_conf.o
                0x0000000008003f58                USBD_LL_Init
 .text.USBD_LL_Start
                0x0000000008003fec       0x1c build/usbd_conf.o
                0x0000000008003fec                USBD_LL_Start
 .text.USBD_LL_OpenEP
                0x0000000008004008       0x22 build/usbd_conf.o
                0x0000000008004008                USBD_LL_OpenEP
 .text.USBD_LL_CloseEP
                0x000000000800402a       0x1c build/usbd_conf.o
                0x000000000800402a                USBD_LL_CloseEP
 .text.USBD_LL_StallEP
                0x0000000008004046       0x1c build/usbd_conf.o
                0x0000000008004046                USBD_LL_StallEP
 .text.USBD_LL_ClearStallEP
                0x0000000008004062       0x1c build/usbd_conf.o
                0x0000000008004062                USBD_LL_ClearStallEP
 .text.USBD_LL_IsStallEP
                0x000000000800407e       0x26 build/usbd_conf.o
                0x000000000800407e                USBD_LL_IsStallEP
 .text.USBD_LL_SetUSBAddress
                0x00000000080040a4       0x1c build/usbd_conf.o
                0x00000000080040a4                USBD_LL_SetUSBAddress
 .text.USBD_LL_Transmit
                0x00000000080040c0       0x1c build/usbd_conf.o
                0x00000000080040c0                USBD_LL_Transmit
 .text.USBD_LL_PrepareReceive
                0x00000000080040dc       0x1c build/usbd_conf.o
                0x00000000080040dc                USBD_LL_PrepareReceive
 .text.USBD_LL_GetRxDataSize
                0x00000000080040f8        0xc build/usbd_conf.o
                0x00000000080040f8                USBD_LL_GetRxDataSize
 .text.USBD_static_malloc
                0x0000000008004104        0x8 build/usbd_conf.o
                0x0000000008004104                USBD_static_malloc
 .text.USBD_static_free
                0x000000000800410c        0x2 build/usbd_conf.o
                0x000000000800410c                USBD_static_free
 .text.HAL_PCDEx_SetConnectionState
                0x000000000800410e        0x2 build/usbd_conf.o
                0x000000000800410e                HAL_PCDEx_SetConnectionState
 .text.USBD_FS_DeviceDescriptor
                0x0000000008004110        0xc build/usbd_desc.o
                0x0000000008004110                USBD_FS_DeviceDescriptor
 .text.USBD_FS_LangIDStrDescriptor
                0x000000000800411c        0xc build/usbd_desc.o
                0x000000000800411c                USBD_FS_LangIDStrDescriptor
 .text.USBD_FS_ProductStrDescriptor
                0x0000000008004128       0x24 build/usbd_desc.o
                0x0000000008004128                USBD_FS_ProductStrDescriptor
 .text.USBD_FS_ManufacturerStrDescriptor
                0x000000000800414c       0x1c build/usbd_desc.o
                0x000000000800414c                USBD_FS_ManufacturerStrDescriptor
 .text.USBD_FS_SerialStrDescriptor
                0x0000000008004168       0x24 build/usbd_desc.o
                0x0000000008004168                USBD_FS_SerialStrDescriptor
 .text.USBD_FS_ConfigStrDescriptor
                0x000000000800418c       0x24 build/usbd_desc.o
                0x000000000800418c                USBD_FS_ConfigStrDescriptor
 .text.USBD_FS_InterfaceStrDescriptor
                0x00000000080041b0       0x24 build/usbd_desc.o
                0x00000000080041b0                USBD_FS_InterfaceStrDescriptor
 .text.CDC_DeInit_FS
                0x00000000080041d4        0x4 build/usbd_cdc_if.o
 .text.CDC_Control_FS
                0x00000000080041d8        0x4 build/usbd_cdc_if.o
 .text.CDC_Receive_FS
                0x00000000080041dc       0x28 build/usbd_cdc_if.o
 .text.CDC_Init_FS
                0x0000000008004204       0x28 build/usbd_cdc_if.o
 .text.CDC_Transmit_FS
                0x000000000800422c       0x6c build/usbd_cdc_if.o
                0x000000000800422c                CDC_Transmit_FS
 .text.NMI_Handler
                0x0000000008004298        0x2 build/stm32f1xx_it.o
                0x0000000008004298                NMI_Handler
 .text.HardFault_Handler
                0x000000000800429a        0x2 build/stm32f1xx_it.o
                0x000000000800429a                HardFault_Handler
 .text.MemManage_Handler
                0x000000000800429c        0x2 build/stm32f1xx_it.o
                0x000000000800429c                MemManage_Handler
 .text.BusFault_Handler
                0x000000000800429e        0x2 build/stm32f1xx_it.o
                0x000000000800429e                BusFault_Handler
 .text.UsageFault_Handler
                0x00000000080042a0        0x2 build/stm32f1xx_it.o
                0x00000000080042a0                UsageFault_Handler
 .text.SVC_Handler
                0x00000000080042a2        0x2 build/stm32f1xx_it.o
                0x00000000080042a2                SVC_Handler
 .text.DebugMon_Handler
                0x00000000080042a4        0x2 build/stm32f1xx_it.o
                0x00000000080042a4                DebugMon_Handler
 .text.PendSV_Handler
                0x00000000080042a6        0x2 build/stm32f1xx_it.o
                0x00000000080042a6                PendSV_Handler
 .text.SysTick_Handler
                0x00000000080042a8        0xc build/stm32f1xx_it.o
                0x00000000080042a8                SysTick_Handler
 .text.USB_LP_CAN1_RX0_IRQHandler
                0x00000000080042b4       0x10 build/stm32f1xx_it.o
                0x00000000080042b4                USB_LP_CAN1_RX0_IRQHandler
 .text.HAL_MspInit
                0x00000000080042c4       0xa0 build/stm32f1xx_hal_msp.o
                0x00000000080042c4                HAL_MspInit
 .text.HAL_I2C_MspInit
                0x0000000008004364       0x80 build/stm32f1xx_hal_msp.o
                0x0000000008004364                HAL_I2C_MspInit
 .text.HAL_UART_MspInit
                0x00000000080043e4       0x5c build/stm32f1xx_hal_msp.o
                0x00000000080043e4                HAL_UART_MspInit
 .text.HAL_PCD_Init
                0x0000000008004440       0xd6 build/stm32f1xx_hal_pcd.o
                0x0000000008004440                HAL_PCD_Init
 .text.HAL_PCD_Start
                0x0000000008004516       0x2e build/stm32f1xx_hal_pcd.o
                0x0000000008004516                HAL_PCD_Start
 .text.HAL_PCD_SetAddress
                0x0000000008004544       0x28 build/stm32f1xx_hal_pcd.o
                0x0000000008004544                HAL_PCD_SetAddress
 .text.HAL_PCD_EP_Open
                0x000000000800456c       0x52 build/stm32f1xx_hal_pcd.o
                0x000000000800456c                HAL_PCD_EP_Open
 .text.HAL_PCD_EP_Close
                0x00000000080045be       0x4e build/stm32f1xx_hal_pcd.o
                0x00000000080045be                HAL_PCD_EP_Close
 .text.HAL_PCD_EP_Receive
                0x000000000800460c       0x3e build/stm32f1xx_hal_pcd.o
                0x000000000800460c                HAL_PCD_EP_Receive
 .text.HAL_PCD_EP_GetRxCount
                0x000000000800464a        0xe build/stm32f1xx_hal_pcd.o
                0x000000000800464a                HAL_PCD_EP_GetRxCount
 .text.HAL_PCD_EP_Transmit
                0x0000000008004658       0x3c build/stm32f1xx_hal_pcd.o
                0x0000000008004658                HAL_PCD_EP_Transmit
 .text.PCD_EP_ISR_Handler
                0x0000000008004694      0x46e build/stm32f1xx_hal_pcd.o
 .text.HAL_PCD_IRQHandler
                0x0000000008004b02      0x164 build/stm32f1xx_hal_pcd.o
                0x0000000008004b02                HAL_PCD_IRQHandler
 .text.HAL_PCD_EP_SetStall
                0x0000000008004c66       0x5c build/stm32f1xx_hal_pcd.o
                0x0000000008004c66                HAL_PCD_EP_SetStall
 .text.HAL_PCD_EP_ClrStall
                0x0000000008004cc2       0x4e build/stm32f1xx_hal_pcd.o
                0x0000000008004cc2                HAL_PCD_EP_ClrStall
 .text.HAL_PCDEx_PMAConfig
                0x0000000008004d10       0x30 build/stm32f1xx_hal_pcd_ex.o
                0x0000000008004d10                HAL_PCDEx_PMAConfig
 .text.USB_CoreInit
                0x0000000008004d40        0xe build/stm32f1xx_ll_usb.o
                0x0000000008004d40                USB_CoreInit
 .text.USB_EnableGlobalInt
                0x0000000008004d4e       0x12 build/stm32f1xx_ll_usb.o
                0x0000000008004d4e                USB_EnableGlobalInt
 .text.USB_DisableGlobalInt
                0x0000000008004d60       0x14 build/stm32f1xx_ll_usb.o
                0x0000000008004d60                USB_DisableGlobalInt
 .text.USB_SetCurrentMode
                0x0000000008004d74        0x4 build/stm32f1xx_ll_usb.o
                0x0000000008004d74                USB_SetCurrentMode
 .text.USB_DevInit
                0x0000000008004d78       0x2c build/stm32f1xx_ll_usb.o
                0x0000000008004d78                USB_DevInit
 .text.USB_ActivateEndpoint
                0x0000000008004da4      0x332 build/stm32f1xx_ll_usb.o
                0x0000000008004da4                USB_ActivateEndpoint
 .text.USB_DeactivateEndpoint
                0x00000000080050d6      0x1c4 build/stm32f1xx_ll_usb.o
                0x00000000080050d6                USB_DeactivateEndpoint
 .text.USB_EPSetStall
                0x000000000800529a       0x6e build/stm32f1xx_ll_usb.o
                0x000000000800529a                USB_EPSetStall
 .text.USB_EPClearStall
                0x0000000008005308       0x92 build/stm32f1xx_ll_usb.o
                0x0000000008005308                USB_EPClearStall
 .text.USB_SetDevAddress
                0x000000000800539a        0xc build/stm32f1xx_ll_usb.o
                0x000000000800539a                USB_SetDevAddress
 .text.USB_DevConnect
                0x00000000080053a6        0x4 build/stm32f1xx_ll_usb.o
                0x00000000080053a6                USB_DevConnect
 .text.USB_DevDisconnect
                0x00000000080053aa        0x4 build/stm32f1xx_ll_usb.o
                0x00000000080053aa                USB_DevDisconnect
 .text.USB_ReadInterrupts
                0x00000000080053ae        0x8 build/stm32f1xx_ll_usb.o
                0x00000000080053ae                USB_ReadInterrupts
 .text.USB_EP0_OutStart
                0x00000000080053b6        0x4 build/stm32f1xx_ll_usb.o
                0x00000000080053b6                USB_EP0_OutStart
 .text.USB_WritePMA
                0x00000000080053ba       0x2a build/stm32f1xx_ll_usb.o
                0x00000000080053ba                USB_WritePMA
 .text.USB_EPStartXfer
                0x00000000080053e4      0x2cc build/stm32f1xx_ll_usb.o
                0x00000000080053e4                USB_EPStartXfer
 .text.USB_ReadPMA
                0x00000000080056b0       0x1e build/stm32f1xx_ll_usb.o
                0x00000000080056b0                USB_ReadPMA
 *fill*         0x00000000080056ce        0x2 
 .text.HAL_I2C_Init
                0x00000000080056d0      0x168 build/stm32f1xx_hal_i2c.o
                0x00000000080056d0                HAL_I2C_Init
 .text.UART_SetConfig
                0x0000000008005838      0x1b0 build/stm32f1xx_hal_uart.o
 .text.HAL_UART_Init
                0x00000000080059e8       0x5e build/stm32f1xx_hal_uart.o
                0x00000000080059e8                HAL_UART_Init
 *fill*         0x0000000008005a46        0x2 
 .text.HAL_InitTick
                0x0000000008005a48       0x4c build/stm32f1xx_hal.o
                0x0000000008005a48                HAL_InitTick
 .text.HAL_Init
                0x0000000008005a94       0x24 build/stm32f1xx_hal.o
                0x0000000008005a94                HAL_Init
 .text.HAL_IncTick
                0x0000000008005ab8       0x18 build/stm32f1xx_hal.o
                0x0000000008005ab8                HAL_IncTick
 .text.HAL_GetTick
                0x0000000008005ad0        0xc build/stm32f1xx_hal.o
                0x0000000008005ad0                HAL_GetTick
 .text.RCC_Delay
                0x0000000008005adc       0x2c build/stm32f1xx_hal_rcc.o
 .text.HAL_RCC_OscConfig
                0x0000000008005b08      0x3e0 build/stm32f1xx_hal_rcc.o
                0x0000000008005b08                HAL_RCC_OscConfig
 .text.HAL_RCC_GetSysClockFreq
                0x0000000008005ee8       0x6c build/stm32f1xx_hal_rcc.o
                0x0000000008005ee8                HAL_RCC_GetSysClockFreq
 .text.HAL_RCC_ClockConfig
                0x0000000008005f54      0x178 build/stm32f1xx_hal_rcc.o
                0x0000000008005f54                HAL_RCC_ClockConfig
 .text.HAL_RCC_GetHCLKFreq
                0x00000000080060cc        0xc build/stm32f1xx_hal_rcc.o
                0x00000000080060cc                HAL_RCC_GetHCLKFreq
 .text.HAL_RCC_GetPCLK1Freq
                0x00000000080060d8       0x20 build/stm32f1xx_hal_rcc.o
                0x00000000080060d8                HAL_RCC_GetPCLK1Freq
 .text.HAL_RCC_GetPCLK2Freq
                0x00000000080060f8       0x20 build/stm32f1xx_hal_rcc.o
                0x00000000080060f8                HAL_RCC_GetPCLK2Freq
 .text.HAL_RCCEx_PeriphCLKConfig
                0x0000000008006118      0x114 build/stm32f1xx_hal_rcc_ex.o
                0x0000000008006118                HAL_RCCEx_PeriphCLKConfig
 .text.HAL_GPIO_Init
                0x000000000800622c      0x1ec build/stm32f1xx_hal_gpio.o
                0x000000000800622c                HAL_GPIO_Init
 .text.HAL_NVIC_SetPriorityGrouping
                0x0000000008006418       0x24 build/stm32f1xx_hal_cortex.o
                0x0000000008006418                HAL_NVIC_SetPriorityGrouping
 .text.HAL_NVIC_SetPriority
                0x000000000800643c       0x64 build/stm32f1xx_hal_cortex.o
                0x000000000800643c                HAL_NVIC_SetPriority
 .text.HAL_NVIC_EnableIRQ
                0x00000000080064a0       0x18 build/stm32f1xx_hal_cortex.o
                0x00000000080064a0                HAL_NVIC_EnableIRQ
 .text.HAL_SYSTICK_Config
                0x00000000080064b8       0x2c build/stm32f1xx_hal_cortex.o
                0x00000000080064b8                HAL_SYSTICK_Config
 .text.HAL_SYSTICK_CLKSourceConfig
                0x00000000080064e4       0x20 build/stm32f1xx_hal_cortex.o
                0x00000000080064e4                HAL_SYSTICK_CLKSourceConfig
 .text.HAL_SYSTICK_Callback
                0x0000000008006504        0x2 build/stm32f1xx_hal_cortex.o
                0x0000000008006504                HAL_SYSTICK_Callback
 .text.HAL_SYSTICK_IRQHandler
                0x0000000008006506        0x8 build/stm32f1xx_hal_cortex.o
                0x0000000008006506                HAL_SYSTICK_IRQHandler
 *fill*         0x000000000800650e        0x2 
 .text.SystemInit
                0x0000000008006510       0x4c build/system_stm32f1xx.o
                0x0000000008006510                SystemInit
 .text.USBD_Init
                0x000000000800655c       0x2e build/usbd_core.o
                0x000000000800655c                USBD_Init
 .text.USBD_RegisterClass
                0x000000000800658a        0xe build/usbd_core.o
                0x000000000800658a                USBD_RegisterClass
 .text.USBD_Start
                0x0000000008006598        0xa build/usbd_core.o
                0x0000000008006598                USBD_Start
 .text.USBD_SetClassConfig
                0x00000000080065a2       0x1a build/usbd_core.o
                0x00000000080065a2                USBD_SetClassConfig
 .text.USBD_ClrClassConfig
                0x00000000080065bc        0xe build/usbd_core.o
                0x00000000080065bc                USBD_ClrClassConfig
 .text.USBD_LL_SetupStage
                0x00000000080065ca       0x5a build/usbd_core.o
                0x00000000080065ca                USBD_LL_SetupStage
 .text.USBD_LL_DataOutStage
                0x0000000008006624       0x6a build/usbd_core.o
                0x0000000008006624                USBD_LL_DataOutStage
 .text.USBD_LL_DataInStage
                0x000000000800668e       0xb2 build/usbd_core.o
                0x000000000800668e                USBD_LL_DataInStage
 .text.USBD_LL_Reset
                0x0000000008006740       0x3e build/usbd_core.o
                0x0000000008006740                USBD_LL_Reset
 .text.USBD_LL_SetSpeed
                0x000000000800677e        0x6 build/usbd_core.o
                0x000000000800677e                USBD_LL_SetSpeed
 .text.USBD_LL_Suspend
                0x0000000008006784       0x12 build/usbd_core.o
                0x0000000008006784                USBD_LL_Suspend
 .text.USBD_LL_Resume
                0x0000000008006796        0xc build/usbd_core.o
                0x0000000008006796                USBD_LL_Resume
 .text.USBD_LL_SOF
                0x00000000080067a2       0x1c build/usbd_core.o
                0x00000000080067a2                USBD_LL_SOF
 .text.USBD_GetLen
                0x00000000080067be       0x14 build/usbd_ctlreq.o
 .text.USBD_SetFeature
                0x00000000080067d2       0x20 build/usbd_ctlreq.o
 .text.USBD_ParseSetupRequest
                0x00000000080067f2       0x28 build/usbd_ctlreq.o
                0x00000000080067f2                USBD_ParseSetupRequest
 .text.USBD_CtlError
                0x000000000800681a       0x14 build/usbd_ctlreq.o
                0x000000000800681a                USBD_CtlError
 .text.USBD_GetDescriptor
                0x000000000800682e      0x132 build/usbd_ctlreq.o
 .text.USBD_SetAddress
                0x0000000008006960       0x4a build/usbd_ctlreq.o
 *fill*         0x00000000080069aa        0x2 
 .text.USBD_SetConfig
                0x00000000080069ac       0xa4 build/usbd_ctlreq.o
 .text.USBD_GetConfig
                0x0000000008006a50       0x3a build/usbd_ctlreq.o
 .text.USBD_GetStatus
                0x0000000008006a8a       0x2c build/usbd_ctlreq.o
 .text.USBD_ClrFeature
                0x0000000008006ab6       0x32 build/usbd_ctlreq.o
 .text.USBD_StdDevReq
                0x0000000008006ae8       0x48 build/usbd_ctlreq.o
                0x0000000008006ae8                USBD_StdDevReq
 .text.USBD_StdItfReq
                0x0000000008006b30       0x38 build/usbd_ctlreq.o
                0x0000000008006b30                USBD_StdItfReq
 .text.USBD_StdEPReq
                0x0000000008006b68      0x118 build/usbd_ctlreq.o
                0x0000000008006b68                USBD_StdEPReq
 .text.USBD_GetString
                0x0000000008006c80       0x3a build/usbd_ctlreq.o
                0x0000000008006c80                USBD_GetString
 .text.USBD_CtlSendData
                0x0000000008006cba       0x1a build/usbd_ioreq.o
                0x0000000008006cba                USBD_CtlSendData
 .text.USBD_CtlContinueSendData
                0x0000000008006cd4       0x10 build/usbd_ioreq.o
                0x0000000008006cd4                USBD_CtlContinueSendData
 .text.USBD_CtlPrepareRx
                0x0000000008006ce4       0x1e build/usbd_ioreq.o
                0x0000000008006ce4                USBD_CtlPrepareRx
 .text.USBD_CtlContinueRx
                0x0000000008006d02       0x10 build/usbd_ioreq.o
                0x0000000008006d02                USBD_CtlContinueRx
 .text.USBD_CtlSendStatus
                0x0000000008006d12       0x16 build/usbd_ioreq.o
                0x0000000008006d12                USBD_CtlSendStatus
 .text.USBD_CtlReceiveStatus
                0x0000000008006d28       0x16 build/usbd_ioreq.o
                0x0000000008006d28                USBD_CtlReceiveStatus
 .text.USBD_CDC_DataIn
                0x0000000008006d3e       0x12 build/usbd_cdc.o
 .text.USBD_CDC_EP0_RxReady
                0x0000000008006d50       0x28 build/usbd_cdc.o
 .text.USBD_CDC_GetFSCfgDesc
                0x0000000008006d78        0xc build/usbd_cdc.o
 .text.USBD_CDC_GetHSCfgDesc
                0x0000000008006d84        0xc build/usbd_cdc.o
 .text.USBD_CDC_GetOtherSpeedCfgDesc
                0x0000000008006d90        0xc build/usbd_cdc.o
 .text.USBD_CDC_GetDeviceQualifierDescriptor
                0x0000000008006d9c        0xc build/usbd_cdc.o
                0x0000000008006d9c                USBD_CDC_GetDeviceQualifierDescriptor
 .text.USBD_CDC_DataOut
                0x0000000008006da8       0x2e build/usbd_cdc.o
 *fill*         0x0000000008006dd6        0x2 
 .text.USBD_CDC_Setup
                0x0000000008006dd8       0x74 build/usbd_cdc.o
 .text.USBD_CDC_DeInit
                0x0000000008006e4c       0x3a build/usbd_cdc.o
 .text.USBD_CDC_Init
                0x0000000008006e86       0x96 build/usbd_cdc.o
 .text.USBD_CDC_RegisterInterface
                0x0000000008006f1c        0xe build/usbd_cdc.o
                0x0000000008006f1c                USBD_CDC_RegisterInterface
 .text.USBD_CDC_SetTxBuffer
                0x0000000008006f2a       0x10 build/usbd_cdc.o
                0x0000000008006f2a                USBD_CDC_SetTxBuffer
 .text.USBD_CDC_SetRxBuffer
                0x0000000008006f3a        0xc build/usbd_cdc.o
                0x0000000008006f3a                USBD_CDC_SetRxBuffer
 .text.USBD_CDC_TransmitPacket
                0x0000000008006f46       0x2e build/usbd_cdc.o
                0x0000000008006f46                USBD_CDC_TransmitPacket
 .text.USBD_CDC_ReceivePacket
                0x0000000008006f74       0x32 build/usbd_cdc.o
                0x0000000008006f74                USBD_CDC_ReceivePacket
 *fill*         0x0000000008006fa6        0x2 
 .text.Reset_Handler
                0x0000000008006fa8       0x48 build/startup_stm32f103xb.o
                0x0000000008006fa8                Reset_Handler
 .text.Default_Handler
                0x0000000008006ff0        0x2 build/startup_stm32f103xb.o
                0x0000000008006ff0                RTC_Alarm_IRQHandler
                0x0000000008006ff0                EXTI2_IRQHandler
                0x0000000008006ff0                TIM1_CC_IRQHandler
                0x0000000008006ff0                PVD_IRQHandler
                0x0000000008006ff0                EXTI3_IRQHandler
                0x0000000008006ff0                EXTI0_IRQHandler
                0x0000000008006ff0                I2C2_EV_IRQHandler
                0x0000000008006ff0                ADC1_2_IRQHandler
                0x0000000008006ff0                SPI1_IRQHandler
                0x0000000008006ff0                TAMPER_IRQHandler
                0x0000000008006ff0                DMA1_Channel4_IRQHandler
                0x0000000008006ff0                USART3_IRQHandler
                0x0000000008006ff0                RTC_IRQHandler
                0x0000000008006ff0                DMA1_Channel7_IRQHandler
                0x0000000008006ff0                CAN1_RX1_IRQHandler
                0x0000000008006ff0                TIM4_IRQHandler
                0x0000000008006ff0                I2C1_EV_IRQHandler
                0x0000000008006ff0                DMA1_Channel6_IRQHandler
                0x0000000008006ff0                TIM3_IRQHandler
                0x0000000008006ff0                RCC_IRQHandler
                0x0000000008006ff0                TIM1_TRG_COM_IRQHandler
                0x0000000008006ff0                DMA1_Channel1_IRQHandler
                0x0000000008006ff0                Default_Handler
                0x0000000008006ff0                EXTI15_10_IRQHandler
                0x0000000008006ff0                EXTI9_5_IRQHandler
                0x0000000008006ff0                SPI2_IRQHandler
                0x0000000008006ff0                DMA1_Channel5_IRQHandler
                0x0000000008006ff0                EXTI4_IRQHandler
                0x0000000008006ff0                USB_HP_CAN1_TX_IRQHandler
                0x0000000008006ff0                DMA1_Channel3_IRQHandler
                0x0000000008006ff0                TIM1_UP_IRQHandler
                0x0000000008006ff0                WWDG_IRQHandler
                0x0000000008006ff0                TIM2_IRQHandler
                0x0000000008006ff0                TIM1_BRK_IRQHandler
                0x0000000008006ff0                EXTI1_IRQHandler
                0x0000000008006ff0                USART2_IRQHandler
                0x0000000008006ff0                I2C2_ER_IRQHandler
                0x0000000008006ff0                DMA1_Channel2_IRQHandler
                0x0000000008006ff0                CAN1_SCE_IRQHandler
                0x0000000008006ff0                FLASH_IRQHandler
                0x0000000008006ff0                USART1_IRQHandler
                0x0000000008006ff0                I2C1_ER_IRQHandler
                0x0000000008006ff0                USBWakeUp_IRQHandler
 *(.glue_7)
 .glue_7        0x0000000008006ff2        0x0 linker stubs
 *(.glue_7t)
 .glue_7t       0x0000000008006ff2        0x0 linker stubs
 *(.eh_frame)
 *fill*         0x0000000008006ff2        0x2 
 .eh_frame      0x0000000008006ff4        0x0 /usr/lib/gcc/arm-none-eabi/6.3.1/thumb/v7-m/crtbegin.o
 *(.init)
 .init          0x0000000008006ff4        0x4 /usr/lib/gcc/arm-none-eabi/6.3.1/thumb/v7-m/crti.o
                0x0000000008006ff4                _init
 .init          0x0000000008006ff8        0x8 /usr/lib/gcc/arm-none-eabi/6.3.1/thumb/v7-m/crtn.o
 *(.fini)
 .fini          0x0000000008007000        0x4 /usr/lib/gcc/arm-none-eabi/6.3.1/thumb/v7-m/crti.o
                0x0000000008007000                _fini
 .fini          0x0000000008007004        0x8 /usr/lib/gcc/arm-none-eabi/6.3.1/thumb/v7-m/crtn.o
                0x000000000800700c                . = ALIGN (0x4)
                0x000000000800700c                _etext = .

.vfp11_veneer   0x000000000800700c        0x0
 .vfp11_veneer  0x000000000800700c        0x0 linker stubs

.v4_bx          0x000000000800700c        0x0
 .v4_bx         0x000000000800700c        0x0 linker stubs

.iplt           0x000000000800700c        0x0
 .iplt          0x000000000800700c        0x0 /usr/lib/gcc/arm-none-eabi/6.3.1/thumb/v7-m/crtbegin.o

.rodata         0x000000000800700c      0x240
                0x000000000800700c                . = ALIGN (0x4)
 *(.rodata)
 .rodata        0x000000000800700c       0x12 build/stm32f1xx_hal_rcc.o
 *fill*         0x000000000800701e        0x2 
 .rodata        0x0000000008007020        0x4 /usr/lib/gcc/arm-none-eabi/6.3.1/../../../arm-none-eabi/lib/libc_nano.a(lib_a-impure.o)
                0x0000000008007020                _global_impure_ptr
 .rodata        0x0000000008007024       0x60 /usr/lib/gcc/arm-none-eabi/6.3.1/../../../arm-none-eabi/lib/libc_nano.a(lib_a-findfp.o)
                0x0000000008007024                __sf_fake_stderr
                0x0000000008007044                __sf_fake_stdout
                0x0000000008007064                __sf_fake_stdin
 *(.rodata*)
 .rodata.MX_I2C1_Init.str1.4
                0x0000000008007084        0xb build/main.o
 *fill*         0x000000000800708f        0x1 
 .rodata.CLIGetParameter.str1.4
                0x0000000008007090       0x43 build/cli.o
 *fill*         0x00000000080070d3        0x1 
 .rodata.CLI_info_init.str1.4
                0x00000000080070d4       0x11 build/cli.o
 *fill*         0x00000000080070e5        0x3 
 .rodata.cli_ProcessCommand.str1.4
                0x00000000080070e8       0x82 build/cli.o
 *fill*         0x000000000800716a        0x2 
 .rodata.cli_backspace.str1.4
                0x000000000800716c        0x7 build/cli.o
                                          0xb (size before relaxing)
 *fill*         0x0000000008007173        0x1 
 .rodata.cli_format_cmd.str1.4
                0x0000000008007174        0x5 build/cli.o
 *fill*         0x0000000008007179        0x3 
 .rodata.prvDispHelpConfig.str1.4
                0x000000000800717c        0xb build/cli.o
 *fill*         0x0000000008007187        0x1 
 .rodata.vOutputString.str1.4
                0x0000000008007188        0x3 build/cli.o
 *fill*         0x000000000800718b        0x1 
 .rodata.USBD_LL_Init.str1.4
                0x000000000800718c       0x10 build/usbd_conf.o
 .rodata.USBD_FS_ConfigStrDescriptor.str1.4
                0x000000000800719c        0xb build/usbd_desc.o
 *fill*         0x00000000080071a7        0x1 
 .rodata.USBD_FS_InterfaceStrDescriptor.str1.4
                0x00000000080071a8        0xe build/usbd_desc.o
 *fill*         0x00000000080071b6        0x2 
 .rodata.USBD_FS_ManufacturerStrDescriptor.str1.4
                0x00000000080071b8       0x13 build/usbd_desc.o
 *fill*         0x00000000080071cb        0x1 
 .rodata.USBD_FS_ProductStrDescriptor.str1.4
                0x00000000080071cc       0x16 build/usbd_desc.o
 *fill*         0x00000000080071e2        0x2 
 .rodata.USBD_FS_SerialStrDescriptor.str1.4
                0x00000000080071e4        0xd build/usbd_desc.o
 *fill*         0x00000000080071f1        0x3 
 .rodata.AHBPrescTable
                0x00000000080071f4       0x10 build/system_stm32f1xx.o
                0x00000000080071f4                AHBPrescTable
 .rodata.APBPrescTable
                0x0000000008007204        0x8 build/system_stm32f1xx.o
                0x0000000008007204                APBPrescTable
 .rodata.str1.4
                0x000000000800720c        0x2 /usr/lib/gcc/arm-none-eabi/6.3.1/../../../arm-none-eabi/lib/libc_nano.a(lib_a-impure.o)
 *fill*         0x000000000800720e        0x2 
 .rodata.str1.4
                0x0000000008007210       0x13 /usr/lib/gcc/arm-none-eabi/6.3.1/../../../arm-none-eabi/lib/libc_nano.a(lib_a-nano-vfprintf.o)
 *fill*         0x0000000008007223        0x1 
 .rodata.str1.4
                0x0000000008007224       0x28 /usr/lib/gcc/arm-none-eabi/6.3.1/../../../arm-none-eabi/lib/libc_nano.a(lib_a-nano-vfprintf_i.o)
                                         0x25 (size before relaxing)
                0x000000000800724c                . = ALIGN (0x4)

.rel.dyn        0x000000000800724c        0x0
 .rel.iplt      0x000000000800724c        0x0 /usr/lib/gcc/arm-none-eabi/6.3.1/thumb/v7-m/crtbegin.o

.ARM.extab
 *(.ARM.extab* .gnu.linkonce.armextab.*)

.ARM            0x000000000800724c        0x0
                0x000000000800724c                __exidx_start = .
 *(.ARM.exidx*)
                0x000000000800724c                __exidx_end = .

.preinit_array  0x000000000800724c        0x0
                0x000000000800724c                PROVIDE (__preinit_array_start, .)
 *(.preinit_array*)
                0x000000000800724c                PROVIDE (__preinit_array_end, .)

.init_array     0x000000000800724c        0x4
                0x000000000800724c                PROVIDE (__init_array_start, .)
 *(SORT(.init_array.*))
 *(.init_array*)
 .init_array    0x000000000800724c        0x4 /usr/lib/gcc/arm-none-eabi/6.3.1/thumb/v7-m/crtbegin.o
                0x0000000008007250                PROVIDE (__init_array_end, .)

.fini_array     0x0000000008007250        0x4
                0x0000000008007250                PROVIDE (__fini_array_start, .)
 *(SORT(.fini_array.*))
 *(.fini_array*)
 .fini_array    0x0000000008007250        0x4 /usr/lib/gcc/arm-none-eabi/6.3.1/thumb/v7-m/crtbegin.o
                0x0000000008007254                PROVIDE (__fini_array_end, .)
                0x0000000008007254                _sidata = LOADADDR (.data)

.data           0x0000000020000000      0x1c4 load address 0x0000000008007254
                0x0000000020000000                . = ALIGN (0x4)
                0x0000000020000000                _sdata = .
 *(.data)
 .data          0x0000000020000000       0x64 /usr/lib/gcc/arm-none-eabi/6.3.1/../../../arm-none-eabi/lib/libc_nano.a(lib_a-impure.o)
                0x0000000020000000                _impure_ptr
 *(.data*)
 .data.FS_Desc  0x0000000020000064       0x1c build/usbd_desc.o
                0x0000000020000064                FS_Desc
 .data.USBD_FS_DeviceDesc
                0x0000000020000080       0x12 build/usbd_desc.o
                0x0000000020000080                USBD_FS_DeviceDesc
 *fill*         0x0000000020000092        0x2 
 .data.USBD_LangIDDesc
                0x0000000020000094        0x4 build/usbd_desc.o
                0x0000000020000094                USBD_LangIDDesc
 .data.USBD_Interface_fops_FS
                0x0000000020000098       0x10 build/usbd_cdc_if.o
                0x0000000020000098                USBD_Interface_fops_FS
 .data.uwTickFreq
                0x00000000200000a8        0x1 build/stm32f1xx_hal.o
                0x00000000200000a8                uwTickFreq
 *fill*         0x00000000200000a9        0x3 
 .data.uwTickPrio
                0x00000000200000ac        0x4 build/stm32f1xx_hal.o
                0x00000000200000ac                uwTickPrio
 .data.SystemCoreClock
                0x00000000200000b0        0x4 build/system_stm32f1xx.o
                0x00000000200000b0                SystemCoreClock
 .data.USBD_CDC
                0x00000000200000b4       0x38 build/usbd_cdc.o
                0x00000000200000b4                USBD_CDC
 .data.USBD_CDC_CfgFSDesc
                0x00000000200000ec       0x43 build/usbd_cdc.o
                0x00000000200000ec                USBD_CDC_CfgFSDesc
 *fill*         0x000000002000012f        0x1 
 .data.USBD_CDC_CfgHSDesc
                0x0000000020000130       0x43 build/usbd_cdc.o
                0x0000000020000130                USBD_CDC_CfgHSDesc
 *fill*         0x0000000020000173        0x1 
 .data.USBD_CDC_DeviceQualifierDesc
                0x0000000020000174        0xa build/usbd_cdc.o
 *fill*         0x000000002000017e        0x2 
 .data.USBD_CDC_OtherSpeedCfgDesc
                0x0000000020000180       0x43 build/usbd_cdc.o
                0x0000000020000180                USBD_CDC_OtherSpeedCfgDesc
                0x00000000200001c4                . = ALIGN (0x4)
 *fill*         0x00000000200001c3        0x1 
                0x00000000200001c4                _edata = .

.jcr            0x00000000200001c4        0x0 load address 0x0000000008007418
 .jcr           0x00000000200001c4        0x0 /usr/lib/gcc/arm-none-eabi/6.3.1/thumb/v7-m/crtbegin.o

.tm_clone_table
                0x00000000200001c4        0x0 load address 0x0000000008007418
 .tm_clone_table
                0x00000000200001c4        0x0 /usr/lib/gcc/arm-none-eabi/6.3.1/thumb/v7-m/crtbegin.o
 .tm_clone_table
                0x00000000200001c4        0x0 /usr/lib/gcc/arm-none-eabi/6.3.1/thumb/v7-m/crtend.o

.igot.plt       0x00000000200001c4        0x0 load address 0x0000000008007418
 .igot.plt      0x00000000200001c4        0x0 /usr/lib/gcc/arm-none-eabi/6.3.1/thumb/v7-m/crtbegin.o
                0x00000000200001c4                . = ALIGN (0x4)

.bss            0x00000000200001c4     0x21a4 load address 0x0000000008007418
                0x00000000200001c4                _sbss = .
                0x00000000200001c4                __bss_start__ = _sbss
 *(.bss)
 .bss           0x00000000200001c4       0x1c /usr/lib/gcc/arm-none-eabi/6.3.1/thumb/v7-m/crtbegin.o
 .bss           0x00000000200001e0        0x8 /usr/lib/gcc/arm-none-eabi/6.3.1/../../../arm-none-eabi/lib/libc_nano.a(lib_a-nano-mallocr.o)
                0x00000000200001e0                __malloc_free_list
                0x00000000200001e4                __malloc_sbrk_start
 *(.bss*)
 .bss.i.7572    0x00000000200001e8        0x1 build/cli.o
 .bss.label     0x00000000200001e9        0x1 build/cli.o
 .bss.num.7667  0x00000000200001ea        0x2 build/cli.o
 .bss.heap_end.8108
                0x00000000200001ec        0x4 build/syscalls.o
 .bss.mem.7978  0x00000000200001f0      0x220 build/usbd_conf.o
 .bss.cfgidx.7824
                0x0000000020000410        0x1 build/usbd_ctlreq.o
 .bss.ifalt.7819
                0x0000000020000411        0x1 build/usbd_cdc.o
 *(COMMON)
 *fill*         0x0000000020000412        0x2 
 COMMON         0x0000000020000414       0xe8 build/main.o
                0x0000000020000414                hi2c1
                0x0000000020000468                hi2c2
                0x00000000200004bc                huart1
 COMMON         0x00000000200004fc      0xe10 build/cli.o
                0x00000000200004fc                clilist
                0x0000000020000b3c                gCmdParamInfo
                0x00000000200012a0                gUsbParamInfo
 COMMON         0x000000002000130c      0x224 build/usb_device.o
                0x000000002000130c                hUsbDeviceFS
 COMMON         0x0000000020001530      0x460 build/usbd_conf.o
                0x0000000020001530                hpcd_USB_FS
 COMMON         0x0000000020001990      0x200 build/usbd_desc.o
                0x0000000020001990                USBD_StrDesc
 COMMON         0x0000000020001b90      0x7d0 build/usbd_cdc_if.o
                0x0000000020001b90                UserRxBufferFS
                0x0000000020001f78                UserTxBufferFS
 COMMON         0x0000000020002360        0x4 build/stm32f1xx_hal.o
                0x0000000020002360                uwTick
 COMMON         0x0000000020002364        0x4 /usr/lib/gcc/arm-none-eabi/6.3.1/../../../arm-none-eabi/lib/libc_nano.a(lib_a-reent.o)
                0x0000000020002364                errno
                0x0000000020002368                . = ALIGN (0x4)
                0x0000000020002368                _ebss = .
                0x0000000020002368                __bss_end__ = _ebss

._user_heap_stack
                0x0000000020002368      0x600 load address 0x0000000008007418
                0x0000000020002368                . = ALIGN (0x8)
                0x0000000020002368                PROVIDE (end, .)
                [!provide]                        PROVIDE (_end, .)
                0x0000000020002568                . = (. + _Min_Heap_Size)
 *fill*         0x0000000020002368      0x200 
                0x0000000020002968                . = (. + _Min_Stack_Size)
 *fill*         0x0000000020002568      0x400 
                0x0000000020002968                . = ALIGN (0x8)

/DISCARD/
 libc.a(*)
 libm.a(*)
 libgcc.a(*)

.ARM.attributes
                0x0000000000000000       0x2b
 *(.ARM.attributes)
 .ARM.attributes
                0x0000000000000000       0x1d /usr/lib/gcc/arm-none-eabi/6.3.1/thumb/v7-m/crti.o
 .ARM.attributes
                0x000000000000001d       0x2d /usr/lib/gcc/arm-none-eabi/6.3.1/thumb/v7-m/crtbegin.o
 .ARM.attributes
                0x000000000000004a       0x33 build/main.o
 .ARM.attributes
                0x000000000000007d       0x33 build/cli.o
 .ARM.attributes
                0x00000000000000b0       0x33 build/syscalls.o
 .ARM.attributes
                0x00000000000000e3       0x33 build/usb_device.o
 .ARM.attributes
                0x0000000000000116       0x33 build/usbd_conf.o
 .ARM.attributes
                0x0000000000000149       0x33 build/usbd_desc.o
 .ARM.attributes
                0x000000000000017c       0x33 build/usbd_cdc_if.o
 .ARM.attributes
                0x00000000000001af       0x33 build/stm32f1xx_it.o
 .ARM.attributes
                0x00000000000001e2       0x33 build/stm32f1xx_hal_msp.o
 .ARM.attributes
                0x0000000000000215       0x33 build/stm32f1xx_hal_pcd.o
 .ARM.attributes
                0x0000000000000248       0x33 build/stm32f1xx_hal_pcd_ex.o
 .ARM.attributes
                0x000000000000027b       0x33 build/stm32f1xx_ll_usb.o
 .ARM.attributes
                0x00000000000002ae       0x33 build/stm32f1xx_hal_i2c.o
 .ARM.attributes
                0x00000000000002e1       0x33 build/stm32f1xx_hal_uart.o
 .ARM.attributes
                0x0000000000000314       0x33 build/stm32f1xx_hal.o
 .ARM.attributes
                0x0000000000000347       0x33 build/stm32f1xx_hal_rcc.o
 .ARM.attributes
                0x000000000000037a       0x33 build/stm32f1xx_hal_rcc_ex.o
 .ARM.attributes
                0x00000000000003ad       0x33 build/stm32f1xx_hal_gpio.o
 .ARM.attributes
                0x00000000000003e0       0x33 build/stm32f1xx_hal_cortex.o
 .ARM.attributes
                0x0000000000000413       0x33 build/system_stm32f1xx.o
 .ARM.attributes
                0x0000000000000446       0x33 build/usbd_core.o
 .ARM.attributes
                0x0000000000000479       0x33 build/usbd_ctlreq.o
 .ARM.attributes
                0x00000000000004ac       0x33 build/usbd_ioreq.o
 .ARM.attributes
                0x00000000000004df       0x33 build/usbd_cdc.o
 .ARM.attributes
                0x0000000000000512       0x21 build/startup_stm32f103xb.o
 .ARM.attributes
                0x0000000000000533       0x30 /usr/lib/gcc/arm-none-eabi/6.3.1/../../../arm-none-eabi/lib/libc_nano.a(lib_a-errno.o)
 .ARM.attributes
                0x0000000000000563       0x30 /usr/lib/gcc/arm-none-eabi/6.3.1/../../../arm-none-eabi/lib/libc_nano.a(lib_a-impure.o)
 .ARM.attributes
                0x0000000000000593       0x30 /usr/lib/gcc/arm-none-eabi/6.3.1/../../../arm-none-eabi/lib/libc_nano.a(lib_a-init.o)
 .ARM.attributes
                0x00000000000005c3       0x30 /usr/lib/gcc/arm-none-eabi/6.3.1/../../../arm-none-eabi/lib/libc_nano.a(lib_a-memcpy-stub.o)
 .ARM.attributes
                0x00000000000005f3       0x30 /usr/lib/gcc/arm-none-eabi/6.3.1/../../../arm-none-eabi/lib/libc_nano.a(lib_a-memset.o)
 .ARM.attributes
                0x0000000000000623       0x30 /usr/lib/gcc/arm-none-eabi/6.3.1/../../../arm-none-eabi/lib/libc_nano.a(lib_a-printf.o)
 .ARM.attributes
                0x0000000000000653       0x30 /usr/lib/gcc/arm-none-eabi/6.3.1/../../../arm-none-eabi/lib/libc_nano.a(lib_a-putchar.o)
 .ARM.attributes
                0x0000000000000683       0x30 /usr/lib/gcc/arm-none-eabi/6.3.1/../../../arm-none-eabi/lib/libc_nano.a(lib_a-setvbuf.o)
 .ARM.attributes
                0x00000000000006b3       0x30 /usr/lib/gcc/arm-none-eabi/6.3.1/../../../arm-none-eabi/lib/libc_nano.a(lib_a-strchr.o)
 .ARM.attributes
                0x00000000000006e3       0x16 /usr/lib/gcc/arm-none-eabi/6.3.1/../../../arm-none-eabi/lib/libc_nano.a(lib_a-strcmp.o)
 .ARM.attributes
                0x00000000000006f9       0x30 /usr/lib/gcc/arm-none-eabi/6.3.1/../../../arm-none-eabi/lib/libc_nano.a(lib_a-strcpy.o)
 .ARM.attributes
                0x0000000000000729       0x30 /usr/lib/gcc/arm-none-eabi/6.3.1/../../../arm-none-eabi/lib/libc_nano.a(lib_a-strlen-stub.o)
 .ARM.attributes
                0x0000000000000759       0x30 /usr/lib/gcc/arm-none-eabi/6.3.1/../../../arm-none-eabi/lib/libc_nano.a(lib_a-strncmp.o)
 .ARM.attributes
                0x0000000000000789       0x30 /usr/lib/gcc/arm-none-eabi/6.3.1/../../../arm-none-eabi/lib/libc_nano.a(lib_a-strncpy.o)
 .ARM.attributes
                0x00000000000007b9       0x30 /usr/lib/gcc/arm-none-eabi/6.3.1/../../../arm-none-eabi/lib/libc_nano.a(lib_a-fflush.o)
 .ARM.attributes
                0x00000000000007e9       0x30 /usr/lib/gcc/arm-none-eabi/6.3.1/../../../arm-none-eabi/lib/libc_nano.a(lib_a-findfp.o)
 .ARM.attributes
                0x0000000000000819       0x30 /usr/lib/gcc/arm-none-eabi/6.3.1/../../../arm-none-eabi/lib/libc_nano.a(lib_a-fwalk.o)
 .ARM.attributes
                0x0000000000000849       0x30 /usr/lib/gcc/arm-none-eabi/6.3.1/../../../arm-none-eabi/lib/libc_nano.a(lib_a-makebuf.o)
 .ARM.attributes
                0x0000000000000879       0x30 /usr/lib/gcc/arm-none-eabi/6.3.1/../../../arm-none-eabi/lib/libc_nano.a(lib_a-malloc.o)
 .ARM.attributes
                0x00000000000008a9       0x30 /usr/lib/gcc/arm-none-eabi/6.3.1/../../../arm-none-eabi/lib/libc_nano.a(lib_a-nano-freer.o)
 .ARM.attributes
                0x00000000000008d9       0x30 /usr/lib/gcc/arm-none-eabi/6.3.1/../../../arm-none-eabi/lib/libc_nano.a(lib_a-nano-mallocr.o)
 .ARM.attributes
                0x0000000000000909       0x30 /usr/lib/gcc/arm-none-eabi/6.3.1/../../../arm-none-eabi/lib/libc_nano.a(lib_a-nano-vfprintf.o)
 .ARM.attributes
                0x0000000000000939       0x30 /usr/lib/gcc/arm-none-eabi/6.3.1/../../../arm-none-eabi/lib/libc_nano.a(lib_a-nano-vfprintf_i.o)
 .ARM.attributes
                0x0000000000000969       0x30 /usr/lib/gcc/arm-none-eabi/6.3.1/../../../arm-none-eabi/lib/libc_nano.a(lib_a-putc.o)
 .ARM.attributes
                0x0000000000000999       0x30 /usr/lib/gcc/arm-none-eabi/6.3.1/../../../arm-none-eabi/lib/libc_nano.a(lib_a-sbrkr.o)
 .ARM.attributes
                0x00000000000009c9       0x30 /usr/lib/gcc/arm-none-eabi/6.3.1/../../../arm-none-eabi/lib/libc_nano.a(lib_a-stdio.o)
 .ARM.attributes
                0x00000000000009f9       0x30 /usr/lib/gcc/arm-none-eabi/6.3.1/../../../arm-none-eabi/lib/libc_nano.a(lib_a-wbuf.o)
 .ARM.attributes
                0x0000000000000a29       0x30 /usr/lib/gcc/arm-none-eabi/6.3.1/../../../arm-none-eabi/lib/libc_nano.a(lib_a-writer.o)
 .ARM.attributes
                0x0000000000000a59       0x30 /usr/lib/gcc/arm-none-eabi/6.3.1/../../../arm-none-eabi/lib/libc_nano.a(lib_a-wsetup.o)
 .ARM.attributes
                0x0000000000000a89       0x30 /usr/lib/gcc/arm-none-eabi/6.3.1/../../../arm-none-eabi/lib/libc_nano.a(lib_a-closer.o)
 .ARM.attributes
                0x0000000000000ab9       0x30 /usr/lib/gcc/arm-none-eabi/6.3.1/../../../arm-none-eabi/lib/libc_nano.a(lib_a-fstatr.o)
 .ARM.attributes
                0x0000000000000ae9       0x30 /usr/lib/gcc/arm-none-eabi/6.3.1/../../../arm-none-eabi/lib/libc_nano.a(lib_a-fvwrite.o)
 .ARM.attributes
                0x0000000000000b19       0x30 /usr/lib/gcc/arm-none-eabi/6.3.1/../../../arm-none-eabi/lib/libc_nano.a(lib_a-isattyr.o)
 .ARM.attributes
                0x0000000000000b49       0x30 /usr/lib/gcc/arm-none-eabi/6.3.1/../../../arm-none-eabi/lib/libc_nano.a(lib_a-lseekr.o)
 .ARM.attributes
                0x0000000000000b79       0x30 /usr/lib/gcc/arm-none-eabi/6.3.1/../../../arm-none-eabi/lib/libc_nano.a(lib_a-memchr-stub.o)
 .ARM.attributes
                0x0000000000000ba9       0x30 /usr/lib/gcc/arm-none-eabi/6.3.1/../../../arm-none-eabi/lib/libc_nano.a(lib_a-memmove.o)
 .ARM.attributes
                0x0000000000000bd9       0x30 /usr/lib/gcc/arm-none-eabi/6.3.1/../../../arm-none-eabi/lib/libc_nano.a(lib_a-nano-reallocr.o)
 .ARM.attributes
                0x0000000000000c09       0x30 /usr/lib/gcc/arm-none-eabi/6.3.1/../../../arm-none-eabi/lib/libc_nano.a(lib_a-readr.o)
 .ARM.attributes
                0x0000000000000c39       0x30 /usr/lib/gcc/arm-none-eabi/6.3.1/../../../arm-none-eabi/lib/libc_nano.a(lib_a-reent.o)
 .ARM.attributes
                0x0000000000000c69       0x30 /usr/lib/gcc/arm-none-eabi/6.3.1/../../../arm-none-eabi/lib/libc_nano.a(lib_a-nano-msizer.o)
 .ARM.attributes
                0x0000000000000c99       0x1d /usr/lib/gcc/arm-none-eabi/6.3.1/thumb/v7-m/libgcc.a(_udivsi3.o)
 .ARM.attributes
                0x0000000000000cb6       0x1d /usr/lib/gcc/arm-none-eabi/6.3.1/thumb/v7-m/libgcc.a(_divsi3.o)
 .ARM.attributes
                0x0000000000000cd3       0x1d /usr/lib/gcc/arm-none-eabi/6.3.1/thumb/v7-m/libgcc.a(_dvmd_tls.o)
 .ARM.attributes
                0x0000000000000cf0       0x2d /usr/lib/gcc/arm-none-eabi/6.3.1/thumb/v7-m/crtend.o
 .ARM.attributes
                0x0000000000000d1d       0x1d /usr/lib/gcc/arm-none-eabi/6.3.1/thumb/v7-m/crtn.o
OUTPUT(build/debug.elf elf32-littlearm)

.comment        0x0000000000000000       0x5c
 .comment       0x0000000000000000       0x31 /usr/lib/gcc/arm-none-eabi/6.3.1/thumb/v7-m/crtbegin.o
                                         0x32 (size before relaxing)
 .comment       0x0000000000000031       0x32 build/main.o
 .comment       0x0000000000000031       0x32 build/cli.o
 .comment       0x0000000000000031       0x32 build/syscalls.o
 .comment       0x0000000000000031       0x32 build/usb_device.o
 .comment       0x0000000000000031       0x32 build/usbd_conf.o
 .comment       0x0000000000000031       0x32 build/usbd_desc.o
 .comment       0x0000000000000031       0x32 build/usbd_cdc_if.o
 .comment       0x0000000000000031       0x32 build/stm32f1xx_it.o
 .comment       0x0000000000000031       0x32 build/stm32f1xx_hal_msp.o
 .comment       0x0000000000000031       0x32 build/stm32f1xx_hal_pcd.o
 .comment       0x0000000000000031       0x32 build/stm32f1xx_hal_pcd_ex.o
 .comment       0x0000000000000031       0x32 build/stm32f1xx_ll_usb.o
 .comment       0x0000000000000031       0x32 build/stm32f1xx_hal_i2c.o
 .comment       0x0000000000000031       0x32 build/stm32f1xx_hal_uart.o
 .comment       0x0000000000000031       0x32 build/stm32f1xx_hal.o
 .comment       0x0000000000000031       0x32 build/stm32f1xx_hal_rcc.o
 .comment       0x0000000000000031       0x32 build/stm32f1xx_hal_rcc_ex.o
 .comment       0x0000000000000031       0x32 build/stm32f1xx_hal_gpio.o
 .comment       0x0000000000000031       0x32 build/stm32f1xx_hal_cortex.o
 .comment       0x0000000000000031       0x32 build/system_stm32f1xx.o
 .comment       0x0000000000000031       0x32 build/usbd_core.o
 .comment       0x0000000000000031       0x32 build/usbd_ctlreq.o
 .comment       0x0000000000000031       0x32 build/usbd_ioreq.o
 .comment       0x0000000000000031       0x32 build/usbd_cdc.o
 .comment       0x0000000000000031       0x2b /usr/lib/gcc/arm-none-eabi/6.3.1/../../../arm-none-eabi/lib/libc_nano.a(lib_a-errno.o)
                                         0x2c (size before relaxing)
 .comment       0x000000000000005c       0x2c /usr/lib/gcc/arm-none-eabi/6.3.1/../../../arm-none-eabi/lib/libc_nano.a(lib_a-impure.o)
 .comment       0x000000000000005c       0x2c /usr/lib/gcc/arm-none-eabi/6.3.1/../../../arm-none-eabi/lib/libc_nano.a(lib_a-init.o)
 .comment       0x000000000000005c       0x2c /usr/lib/gcc/arm-none-eabi/6.3.1/../../../arm-none-eabi/lib/libc_nano.a(lib_a-memcpy-stub.o)
 .comment       0x000000000000005c       0x2c /usr/lib/gcc/arm-none-eabi/6.3.1/../../../arm-none-eabi/lib/libc_nano.a(lib_a-memset.o)
 .comment       0x000000000000005c       0x2c /usr/lib/gcc/arm-none-eabi/6.3.1/../../../arm-none-eabi/lib/libc_nano.a(lib_a-printf.o)
 .comment       0x000000000000005c       0x2c /usr/lib/gcc/arm-none-eabi/6.3.1/../../../arm-none-eabi/lib/libc_nano.a(lib_a-putchar.o)
 .comment       0x000000000000005c       0x2c /usr/lib/gcc/arm-none-eabi/6.3.1/../../../arm-none-eabi/lib/libc_nano.a(lib_a-setvbuf.o)
 .comment       0x000000000000005c       0x2c /usr/lib/gcc/arm-none-eabi/6.3.1/../../../arm-none-eabi/lib/libc_nano.a(lib_a-strchr.o)
 .comment       0x000000000000005c       0x2c /usr/lib/gcc/arm-none-eabi/6.3.1/../../../arm-none-eabi/lib/libc_nano.a(lib_a-strcpy.o)
 .comment       0x000000000000005c       0x2c /usr/lib/gcc/arm-none-eabi/6.3.1/../../../arm-none-eabi/lib/libc_nano.a(lib_a-strlen-stub.o)
 .comment       0x000000000000005c       0x2c /usr/lib/gcc/arm-none-eabi/6.3.1/../../../arm-none-eabi/lib/libc_nano.a(lib_a-strncmp.o)
 .comment       0x000000000000005c       0x2c /usr/lib/gcc/arm-none-eabi/6.3.1/../../../arm-none-eabi/lib/libc_nano.a(lib_a-strncpy.o)
 .comment       0x000000000000005c       0x2c /usr/lib/gcc/arm-none-eabi/6.3.1/../../../arm-none-eabi/lib/libc_nano.a(lib_a-fflush.o)
 .comment       0x000000000000005c       0x2c /usr/lib/gcc/arm-none-eabi/6.3.1/../../../arm-none-eabi/lib/libc_nano.a(lib_a-findfp.o)
 .comment       0x000000000000005c       0x2c /usr/lib/gcc/arm-none-eabi/6.3.1/../../../arm-none-eabi/lib/libc_nano.a(lib_a-fwalk.o)
 .comment       0x000000000000005c       0x2c /usr/lib/gcc/arm-none-eabi/6.3.1/../../../arm-none-eabi/lib/libc_nano.a(lib_a-makebuf.o)
 .comment       0x000000000000005c       0x2c /usr/lib/gcc/arm-none-eabi/6.3.1/../../../arm-none-eabi/lib/libc_nano.a(lib_a-malloc.o)
 .comment       0x000000000000005c       0x2c /usr/lib/gcc/arm-none-eabi/6.3.1/../../../arm-none-eabi/lib/libc_nano.a(lib_a-nano-freer.o)
 .comment       0x000000000000005c       0x2c /usr/lib/gcc/arm-none-eabi/6.3.1/../../../arm-none-eabi/lib/libc_nano.a(lib_a-nano-mallocr.o)
 .comment       0x000000000000005c       0x2c /usr/lib/gcc/arm-none-eabi/6.3.1/../../../arm-none-eabi/lib/libc_nano.a(lib_a-nano-vfprintf.o)
 .comment       0x000000000000005c       0x2c /usr/lib/gcc/arm-none-eabi/6.3.1/../../../arm-none-eabi/lib/libc_nano.a(lib_a-nano-vfprintf_i.o)
 .comment       0x000000000000005c       0x2c /usr/lib/gcc/arm-none-eabi/6.3.1/../../../arm-none-eabi/lib/libc_nano.a(lib_a-putc.o)
 .comment       0x000000000000005c       0x2c /usr/lib/gcc/arm-none-eabi/6.3.1/../../../arm-none-eabi/lib/libc_nano.a(lib_a-sbrkr.o)
 .comment       0x000000000000005c       0x2c /usr/lib/gcc/arm-none-eabi/6.3.1/../../../arm-none-eabi/lib/libc_nano.a(lib_a-stdio.o)
 .comment       0x000000000000005c       0x2c /usr/lib/gcc/arm-none-eabi/6.3.1/../../../arm-none-eabi/lib/libc_nano.a(lib_a-wbuf.o)
 .comment       0x000000000000005c       0x2c /usr/lib/gcc/arm-none-eabi/6.3.1/../../../arm-none-eabi/lib/libc_nano.a(lib_a-writer.o)
 .comment       0x000000000000005c       0x2c /usr/lib/gcc/arm-none-eabi/6.3.1/../../../arm-none-eabi/lib/libc_nano.a(lib_a-wsetup.o)
 .comment       0x000000000000005c       0x2c /usr/lib/gcc/arm-none-eabi/6.3.1/../../../arm-none-eabi/lib/libc_nano.a(lib_a-closer.o)
 .comment       0x000000000000005c       0x2c /usr/lib/gcc/arm-none-eabi/6.3.1/../../../arm-none-eabi/lib/libc_nano.a(lib_a-fstatr.o)
 .comment       0x000000000000005c       0x2c /usr/lib/gcc/arm-none-eabi/6.3.1/../../../arm-none-eabi/lib/libc_nano.a(lib_a-fvwrite.o)
 .comment       0x000000000000005c       0x2c /usr/lib/gcc/arm-none-eabi/6.3.1/../../../arm-none-eabi/lib/libc_nano.a(lib_a-isattyr.o)
 .comment       0x000000000000005c       0x2c /usr/lib/gcc/arm-none-eabi/6.3.1/../../../arm-none-eabi/lib/libc_nano.a(lib_a-lseekr.o)
 .comment       0x000000000000005c       0x2c /usr/lib/gcc/arm-none-eabi/6.3.1/../../../arm-none-eabi/lib/libc_nano.a(lib_a-memchr-stub.o)
 .comment       0x000000000000005c       0x2c /usr/lib/gcc/arm-none-eabi/6.3.1/../../../arm-none-eabi/lib/libc_nano.a(lib_a-memmove.o)
 .comment       0x000000000000005c       0x2c /usr/lib/gcc/arm-none-eabi/6.3.1/../../../arm-none-eabi/lib/libc_nano.a(lib_a-nano-reallocr.o)
 .comment       0x000000000000005c       0x2c /usr/lib/gcc/arm-none-eabi/6.3.1/../../../arm-none-eabi/lib/libc_nano.a(lib_a-readr.o)
 .comment       0x000000000000005c       0x2c /usr/lib/gcc/arm-none-eabi/6.3.1/../../../arm-none-eabi/lib/libc_nano.a(lib_a-reent.o)
 .comment       0x000000000000005c       0x2c /usr/lib/gcc/arm-none-eabi/6.3.1/../../../arm-none-eabi/lib/libc_nano.a(lib_a-nano-msizer.o)
 .comment       0x000000000000005c       0x32 /usr/lib/gcc/arm-none-eabi/6.3.1/thumb/v7-m/crtend.o

.debug_info     0x0000000000000000    0x33340
 .debug_info    0x0000000000000000     0x1d25 build/main.o
 .debug_info    0x0000000000001d25     0x192a build/cli.o
 .debug_info    0x000000000000364f     0x13d1 build/syscalls.o
 .debug_info    0x0000000000004a20      0xfee build/usb_device.o
 .debug_info    0x0000000000005a0e     0x233a build/usbd_conf.o
 .debug_info    0x0000000000007d48      0xe6b build/usbd_desc.o
 .debug_info    0x0000000000008bb3     0x12b4 build/usbd_cdc_if.o
 .debug_info    0x0000000000009e67      0xfb1 build/stm32f1xx_it.o
 .debug_info    0x000000000000ae18     0x17de build/stm32f1xx_hal_msp.o
 .debug_info    0x000000000000c5f6     0x1bd7 build/stm32f1xx_hal_pcd.o
 .debug_info    0x000000000000e1cd      0xf59 build/stm32f1xx_hal_pcd_ex.o
 .debug_info    0x000000000000f126     0x18d8 build/stm32f1xx_ll_usb.o
 .debug_info    0x00000000000109fe     0x3a32 build/stm32f1xx_hal_i2c.o
 .debug_info    0x0000000000014430     0x20b0 build/stm32f1xx_hal_uart.o
 .debug_info    0x00000000000164e0     0x1116 build/stm32f1xx_hal.o
 .debug_info    0x00000000000175f6     0x136e build/stm32f1xx_hal_rcc.o
 .debug_info    0x0000000000018964      0xd6d build/stm32f1xx_hal_rcc_ex.o
 .debug_info    0x00000000000196d1      0xfbf build/stm32f1xx_hal_gpio.o
 .debug_info    0x000000000001a690     0x15e9 build/stm32f1xx_hal_cortex.o
 .debug_info    0x000000000001bc79      0xd32 build/system_stm32f1xx.o
 .debug_info    0x000000000001c9ab     0x1647 build/usbd_core.o
 .debug_info    0x000000000001dff2     0x17ef build/usbd_ctlreq.o
 .debug_info    0x000000000001f7e1     0x113f build/usbd_ioreq.o
 .debug_info    0x0000000000020920     0x1737 build/usbd_cdc.o
 .debug_info    0x0000000000022057       0x54 build/startup_stm32f103xb.o
 .debug_info    0x00000000000220ab      0x73c /usr/lib/gcc/arm-none-eabi/6.3.1/../../../arm-none-eabi/lib/libc_nano.a(lib_a-errno.o)
 .debug_info    0x00000000000227e7      0x7da /usr/lib/gcc/arm-none-eabi/6.3.1/../../../arm-none-eabi/lib/libc_nano.a(lib_a-impure.o)
 .debug_info    0x0000000000022fc1      0x110 /usr/lib/gcc/arm-none-eabi/6.3.1/../../../arm-none-eabi/lib/libc_nano.a(lib_a-init.o)
 .debug_info    0x00000000000230d1      0x142 /usr/lib/gcc/arm-none-eabi/6.3.1/../../../arm-none-eabi/lib/libc_nano.a(lib_a-memcpy-stub.o)
 .debug_info    0x0000000000023213      0x11e /usr/lib/gcc/arm-none-eabi/6.3.1/../../../arm-none-eabi/lib/libc_nano.a(lib_a-memset.o)
 .debug_info    0x0000000000023331      0x871 /usr/lib/gcc/arm-none-eabi/6.3.1/../../../arm-none-eabi/lib/libc_nano.a(lib_a-printf.o)
 .debug_info    0x0000000000023ba2      0x7f3 /usr/lib/gcc/arm-none-eabi/6.3.1/../../../arm-none-eabi/lib/libc_nano.a(lib_a-putchar.o)
 .debug_info    0x0000000000024395      0x96c /usr/lib/gcc/arm-none-eabi/6.3.1/../../../arm-none-eabi/lib/libc_nano.a(lib_a-setvbuf.o)
 .debug_info    0x0000000000024d01      0x11d /usr/lib/gcc/arm-none-eabi/6.3.1/../../../arm-none-eabi/lib/libc_nano.a(lib_a-strchr.o)
 .debug_info    0x0000000000024e1e       0xbb /usr/lib/gcc/arm-none-eabi/6.3.1/../../../arm-none-eabi/lib/libc_nano.a(lib_a-strcmp.o)
 .debug_info    0x0000000000024ed9       0xc4 /usr/lib/gcc/arm-none-eabi/6.3.1/../../../arm-none-eabi/lib/libc_nano.a(lib_a-strcpy.o)
 .debug_info    0x0000000000024f9d       0xbc /usr/lib/gcc/arm-none-eabi/6.3.1/../../../arm-none-eabi/lib/libc_nano.a(lib_a-strlen-stub.o)
 .debug_info    0x0000000000025059       0xfc /usr/lib/gcc/arm-none-eabi/6.3.1/../../../arm-none-eabi/lib/libc_nano.a(lib_a-strncmp.o)
 .debug_info    0x0000000000025155      0x139 /usr/lib/gcc/arm-none-eabi/6.3.1/../../../arm-none-eabi/lib/libc_nano.a(lib_a-strncpy.o)
 .debug_info    0x000000000002528e      0x9cb /usr/lib/gcc/arm-none-eabi/6.3.1/../../../arm-none-eabi/lib/libc_nano.a(lib_a-fflush.o)
 .debug_info    0x0000000000025c59      0xd7c /usr/lib/gcc/arm-none-eabi/6.3.1/../../../arm-none-eabi/lib/libc_nano.a(lib_a-findfp.o)
 .debug_info    0x00000000000269d5      0x851 /usr/lib/gcc/arm-none-eabi/6.3.1/../../../arm-none-eabi/lib/libc_nano.a(lib_a-fwalk.o)
 .debug_info    0x0000000000027226      0xacd /usr/lib/gcc/arm-none-eabi/6.3.1/../../../arm-none-eabi/lib/libc_nano.a(lib_a-makebuf.o)
 .debug_info    0x0000000000027cf3      0x7b2 /usr/lib/gcc/arm-none-eabi/6.3.1/../../../arm-none-eabi/lib/libc_nano.a(lib_a-malloc.o)
 .debug_info    0x00000000000284a5      0x825 /usr/lib/gcc/arm-none-eabi/6.3.1/../../../arm-none-eabi/lib/libc_nano.a(lib_a-nano-freer.o)
 .debug_info    0x0000000000028cca      0x8ec /usr/lib/gcc/arm-none-eabi/6.3.1/../../../arm-none-eabi/lib/libc_nano.a(lib_a-nano-mallocr.o)
 .debug_info    0x00000000000295b6      0xd6f /usr/lib/gcc/arm-none-eabi/6.3.1/../../../arm-none-eabi/lib/libc_nano.a(lib_a-nano-vfprintf.o)
 .debug_info    0x000000000002a325      0xb3e /usr/lib/gcc/arm-none-eabi/6.3.1/../../../arm-none-eabi/lib/libc_nano.a(lib_a-nano-vfprintf_i.o)
 .debug_info    0x000000000002ae63      0x988 /usr/lib/gcc/arm-none-eabi/6.3.1/../../../arm-none-eabi/lib/libc_nano.a(lib_a-putc.o)
 .debug_info    0x000000000002b7eb      0x7a1 /usr/lib/gcc/arm-none-eabi/6.3.1/../../../arm-none-eabi/lib/libc_nano.a(lib_a-sbrkr.o)
 .debug_info    0x000000000002bf8c      0x9d4 /usr/lib/gcc/arm-none-eabi/6.3.1/../../../arm-none-eabi/lib/libc_nano.a(lib_a-stdio.o)
 .debug_info    0x000000000002c960      0x8f2 /usr/lib/gcc/arm-none-eabi/6.3.1/../../../arm-none-eabi/lib/libc_nano.a(lib_a-wbuf.o)
 .debug_info    0x000000000002d252      0x7e0 /usr/lib/gcc/arm-none-eabi/6.3.1/../../../arm-none-eabi/lib/libc_nano.a(lib_a-writer.o)
 .debug_info    0x000000000002da32      0x871 /usr/lib/gcc/arm-none-eabi/6.3.1/../../../arm-none-eabi/lib/libc_nano.a(lib_a-wsetup.o)
 .debug_info    0x000000000002e2a3      0x797 /usr/lib/gcc/arm-none-eabi/6.3.1/../../../arm-none-eabi/lib/libc_nano.a(lib_a-closer.o)
 .debug_info    0x000000000002ea3a      0x978 /usr/lib/gcc/arm-none-eabi/6.3.1/../../../arm-none-eabi/lib/libc_nano.a(lib_a-fstatr.o)
 .debug_info    0x000000000002f3b2      0xa79 /usr/lib/gcc/arm-none-eabi/6.3.1/../../../arm-none-eabi/lib/libc_nano.a(lib_a-fvwrite.o)
 .debug_info    0x000000000002fe2b      0x797 /usr/lib/gcc/arm-none-eabi/6.3.1/../../../arm-none-eabi/lib/libc_nano.a(lib_a-isattyr.o)
 .debug_info    0x00000000000305c2      0x7c3 /usr/lib/gcc/arm-none-eabi/6.3.1/../../../arm-none-eabi/lib/libc_nano.a(lib_a-lseekr.o)
 .debug_info    0x0000000000030d85      0x132 /usr/lib/gcc/arm-none-eabi/6.3.1/../../../arm-none-eabi/lib/libc_nano.a(lib_a-memchr-stub.o)
 .debug_info    0x0000000000030eb7      0x138 /usr/lib/gcc/arm-none-eabi/6.3.1/../../../arm-none-eabi/lib/libc_nano.a(lib_a-memmove.o)
 .debug_info    0x0000000000030fef      0x881 /usr/lib/gcc/arm-none-eabi/6.3.1/../../../arm-none-eabi/lib/libc_nano.a(lib_a-nano-reallocr.o)
 .debug_info    0x0000000000031870      0x7d9 /usr/lib/gcc/arm-none-eabi/6.3.1/../../../arm-none-eabi/lib/libc_nano.a(lib_a-readr.o)
 .debug_info    0x0000000000032049      0x8fa /usr/lib/gcc/arm-none-eabi/6.3.1/../../../arm-none-eabi/lib/libc_nano.a(lib_a-reent.o)
 .debug_info    0x0000000000032943      0x7c0 /usr/lib/gcc/arm-none-eabi/6.3.1/../../../arm-none-eabi/lib/libc_nano.a(lib_a-nano-msizer.o)
 .debug_info    0x0000000000033103       0xbf /usr/lib/gcc/arm-none-eabi/6.3.1/thumb/v7-m/libgcc.a(_udivsi3.o)
 .debug_info    0x00000000000331c2       0xbf /usr/lib/gcc/arm-none-eabi/6.3.1/thumb/v7-m/libgcc.a(_divsi3.o)
 .debug_info    0x0000000000033281       0xbf /usr/lib/gcc/arm-none-eabi/6.3.1/thumb/v7-m/libgcc.a(_dvmd_tls.o)

.debug_abbrev   0x0000000000000000     0x7cef
 .debug_abbrev  0x0000000000000000      0x2c6 build/main.o
 .debug_abbrev  0x00000000000002c6      0x3fd build/cli.o
 .debug_abbrev  0x00000000000006c3      0x282 build/syscalls.o
 .debug_abbrev  0x0000000000000945      0x1ef build/usb_device.o
 .debug_abbrev  0x0000000000000b34      0x32a build/usbd_conf.o
 .debug_abbrev  0x0000000000000e5e      0x24b build/usbd_desc.o
 .debug_abbrev  0x00000000000010a9      0x2e6 build/usbd_cdc_if.o
 .debug_abbrev  0x000000000000138f      0x1f4 build/stm32f1xx_it.o
 .debug_abbrev  0x0000000000001583      0x22c build/stm32f1xx_hal_msp.o
 .debug_abbrev  0x00000000000017af      0x365 build/stm32f1xx_hal_pcd.o
 .debug_abbrev  0x0000000000001b14      0x208 build/stm32f1xx_hal_pcd_ex.o
 .debug_abbrev  0x0000000000001d1c      0x2cf build/stm32f1xx_ll_usb.o
 .debug_abbrev  0x0000000000001feb      0x32f build/stm32f1xx_hal_i2c.o
 .debug_abbrev  0x000000000000231a      0x32d build/stm32f1xx_hal_uart.o
 .debug_abbrev  0x0000000000002647      0x2e5 build/stm32f1xx_hal.o
 .debug_abbrev  0x000000000000292c      0x327 build/stm32f1xx_hal_rcc.o
 .debug_abbrev  0x0000000000002c53      0x28b build/stm32f1xx_hal_rcc_ex.o
 .debug_abbrev  0x0000000000002ede      0x2b3 build/stm32f1xx_hal_gpio.o
 .debug_abbrev  0x0000000000003191      0x3c8 build/stm32f1xx_hal_cortex.o
 .debug_abbrev  0x0000000000003559      0x1fe build/system_stm32f1xx.o
 .debug_abbrev  0x0000000000003757      0x2d7 build/usbd_core.o
 .debug_abbrev  0x0000000000003a2e      0x31a build/usbd_ctlreq.o
 .debug_abbrev  0x0000000000003d48      0x1ec build/usbd_ioreq.o
 .debug_abbrev  0x0000000000003f34      0x321 build/usbd_cdc.o
 .debug_abbrev  0x0000000000004255       0x12 build/startup_stm32f103xb.o
 .debug_abbrev  0x0000000000004267      0x134 /usr/lib/gcc/arm-none-eabi/6.3.1/../../../arm-none-eabi/lib/libc_nano.a(lib_a-errno.o)
 .debug_abbrev  0x000000000000439b      0x136 /usr/lib/gcc/arm-none-eabi/6.3.1/../../../arm-none-eabi/lib/libc_nano.a(lib_a-impure.o)
 .debug_abbrev  0x00000000000044d1       0xba /usr/lib/gcc/arm-none-eabi/6.3.1/../../../arm-none-eabi/lib/libc_nano.a(lib_a-init.o)
 .debug_abbrev  0x000000000000458b       0xb2 /usr/lib/gcc/arm-none-eabi/6.3.1/../../../arm-none-eabi/lib/libc_nano.a(lib_a-memcpy-stub.o)
 .debug_abbrev  0x000000000000463d       0x9f /usr/lib/gcc/arm-none-eabi/6.3.1/../../../arm-none-eabi/lib/libc_nano.a(lib_a-memset.o)
 .debug_abbrev  0x00000000000046dc      0x1ed /usr/lib/gcc/arm-none-eabi/6.3.1/../../../arm-none-eabi/lib/libc_nano.a(lib_a-printf.o)
 .debug_abbrev  0x00000000000048c9      0x1b6 /usr/lib/gcc/arm-none-eabi/6.3.1/../../../arm-none-eabi/lib/libc_nano.a(lib_a-putchar.o)
 .debug_abbrev  0x0000000000004a7f      0x1dd /usr/lib/gcc/arm-none-eabi/6.3.1/../../../arm-none-eabi/lib/libc_nano.a(lib_a-setvbuf.o)
 .debug_abbrev  0x0000000000004c5c       0x83 /usr/lib/gcc/arm-none-eabi/6.3.1/../../../arm-none-eabi/lib/libc_nano.a(lib_a-strchr.o)
 .debug_abbrev  0x0000000000004cdf       0x14 /usr/lib/gcc/arm-none-eabi/6.3.1/../../../arm-none-eabi/lib/libc_nano.a(lib_a-strcmp.o)
 .debug_abbrev  0x0000000000004cf3       0x72 /usr/lib/gcc/arm-none-eabi/6.3.1/../../../arm-none-eabi/lib/libc_nano.a(lib_a-strcpy.o)
 .debug_abbrev  0x0000000000004d65       0x70 /usr/lib/gcc/arm-none-eabi/6.3.1/../../../arm-none-eabi/lib/libc_nano.a(lib_a-strlen-stub.o)
 .debug_abbrev  0x0000000000004dd5       0x81 /usr/lib/gcc/arm-none-eabi/6.3.1/../../../arm-none-eabi/lib/libc_nano.a(lib_a-strncmp.o)
 .debug_abbrev  0x0000000000004e56       0xa6 /usr/lib/gcc/arm-none-eabi/6.3.1/../../../arm-none-eabi/lib/libc_nano.a(lib_a-strncpy.o)
 .debug_abbrev  0x0000000000004efc      0x241 /usr/lib/gcc/arm-none-eabi/6.3.1/../../../arm-none-eabi/lib/libc_nano.a(lib_a-fflush.o)
 .debug_abbrev  0x000000000000513d      0x31d /usr/lib/gcc/arm-none-eabi/6.3.1/../../../arm-none-eabi/lib/libc_nano.a(lib_a-findfp.o)
 .debug_abbrev  0x000000000000545a      0x167 /usr/lib/gcc/arm-none-eabi/6.3.1/../../../arm-none-eabi/lib/libc_nano.a(lib_a-fwalk.o)
 .debug_abbrev  0x00000000000055c1      0x23b /usr/lib/gcc/arm-none-eabi/6.3.1/../../../arm-none-eabi/lib/libc_nano.a(lib_a-makebuf.o)
 .debug_abbrev  0x00000000000057fc      0x187 /usr/lib/gcc/arm-none-eabi/6.3.1/../../../arm-none-eabi/lib/libc_nano.a(lib_a-malloc.o)
 .debug_abbrev  0x0000000000005983      0x1b8 /usr/lib/gcc/arm-none-eabi/6.3.1/../../../arm-none-eabi/lib/libc_nano.a(lib_a-nano-freer.o)
 .debug_abbrev  0x0000000000005b3b      0x22e /usr/lib/gcc/arm-none-eabi/6.3.1/../../../arm-none-eabi/lib/libc_nano.a(lib_a-nano-mallocr.o)
 .debug_abbrev  0x0000000000005d69      0x267 /usr/lib/gcc/arm-none-eabi/6.3.1/../../../arm-none-eabi/lib/libc_nano.a(lib_a-nano-vfprintf.o)
 .debug_abbrev  0x0000000000005fd0      0x22b /usr/lib/gcc/arm-none-eabi/6.3.1/../../../arm-none-eabi/lib/libc_nano.a(lib_a-nano-vfprintf_i.o)
 .debug_abbrev  0x00000000000061fb      0x20f /usr/lib/gcc/arm-none-eabi/6.3.1/../../../arm-none-eabi/lib/libc_nano.a(lib_a-putc.o)
 .debug_abbrev  0x000000000000640a      0x1a0 /usr/lib/gcc/arm-none-eabi/6.3.1/../../../arm-none-eabi/lib/libc_nano.a(lib_a-sbrkr.o)
 .debug_abbrev  0x00000000000065aa      0x1b4 /usr/lib/gcc/arm-none-eabi/6.3.1/../../../arm-none-eabi/lib/libc_nano.a(lib_a-stdio.o)
 .debug_abbrev  0x000000000000675e      0x1e7 /usr/lib/gcc/arm-none-eabi/6.3.1/../../../arm-none-eabi/lib/libc_nano.a(lib_a-wbuf.o)
 .debug_abbrev  0x0000000000006945      0x1a0 /usr/lib/gcc/arm-none-eabi/6.3.1/../../../arm-none-eabi/lib/libc_nano.a(lib_a-writer.o)
 .debug_abbrev  0x0000000000006ae5      0x1a3 /usr/lib/gcc/arm-none-eabi/6.3.1/../../../arm-none-eabi/lib/libc_nano.a(lib_a-wsetup.o)
 .debug_abbrev  0x0000000000006c88      0x19b /usr/lib/gcc/arm-none-eabi/6.3.1/../../../arm-none-eabi/lib/libc_nano.a(lib_a-closer.o)
 .debug_abbrev  0x0000000000006e23      0x1aa /usr/lib/gcc/arm-none-eabi/6.3.1/../../../arm-none-eabi/lib/libc_nano.a(lib_a-fstatr.o)
 .debug_abbrev  0x0000000000006fcd      0x1be /usr/lib/gcc/arm-none-eabi/6.3.1/../../../arm-none-eabi/lib/libc_nano.a(lib_a-fvwrite.o)
 .debug_abbrev  0x000000000000718b      0x19b /usr/lib/gcc/arm-none-eabi/6.3.1/../../../arm-none-eabi/lib/libc_nano.a(lib_a-isattyr.o)
 .debug_abbrev  0x0000000000007326      0x1aa /usr/lib/gcc/arm-none-eabi/6.3.1/../../../arm-none-eabi/lib/libc_nano.a(lib_a-lseekr.o)
 .debug_abbrev  0x00000000000074d0       0xab /usr/lib/gcc/arm-none-eabi/6.3.1/../../../arm-none-eabi/lib/libc_nano.a(lib_a-memchr-stub.o)
 .debug_abbrev  0x000000000000757b       0xab /usr/lib/gcc/arm-none-eabi/6.3.1/../../../arm-none-eabi/lib/libc_nano.a(lib_a-memmove.o)
 .debug_abbrev  0x0000000000007626      0x19f /usr/lib/gcc/arm-none-eabi/6.3.1/../../../arm-none-eabi/lib/libc_nano.a(lib_a-nano-reallocr.o)
 .debug_abbrev  0x00000000000077c5      0x19b /usr/lib/gcc/arm-none-eabi/6.3.1/../../../arm-none-eabi/lib/libc_nano.a(lib_a-readr.o)
 .debug_abbrev  0x0000000000007960      0x1f2 /usr/lib/gcc/arm-none-eabi/6.3.1/../../../arm-none-eabi/lib/libc_nano.a(lib_a-reent.o)
 .debug_abbrev  0x0000000000007b52      0x161 /usr/lib/gcc/arm-none-eabi/6.3.1/../../../arm-none-eabi/lib/libc_nano.a(lib_a-nano-msizer.o)
 .debug_abbrev  0x0000000000007cb3       0x14 /usr/lib/gcc/arm-none-eabi/6.3.1/thumb/v7-m/libgcc.a(_udivsi3.o)
 .debug_abbrev  0x0000000000007cc7       0x14 /usr/lib/gcc/arm-none-eabi/6.3.1/thumb/v7-m/libgcc.a(_divsi3.o)
 .debug_abbrev  0x0000000000007cdb       0x14 /usr/lib/gcc/arm-none-eabi/6.3.1/thumb/v7-m/libgcc.a(_dvmd_tls.o)

.debug_loc      0x0000000000000000    0x10ee8
 .debug_loc     0x0000000000000000       0xf2 build/main.o
 .debug_loc     0x00000000000000f2      0xa92 build/cli.o
 .debug_loc     0x0000000000000b84      0x1d2 build/syscalls.o
 .debug_loc     0x0000000000000d56       0x20 build/usb_device.o
 .debug_loc     0x0000000000000d76      0xecb build/usbd_conf.o
 .debug_loc     0x0000000000001c41      0x357 build/usbd_desc.o
 .debug_loc     0x0000000000001f98      0x196 build/usbd_cdc_if.o
 .debug_loc     0x000000000000212e       0x40 build/stm32f1xx_it.o
 .debug_loc     0x000000000000216e      0x1f5 build/stm32f1xx_hal_msp.o
 .debug_loc     0x0000000000002363      0xc8f build/stm32f1xx_hal_pcd.o
 .debug_loc     0x0000000000002ff2       0xf4 build/stm32f1xx_hal_pcd_ex.o
 .debug_loc     0x00000000000030e6      0xd44 build/stm32f1xx_ll_usb.o
 .debug_loc     0x0000000000003e2a     0x3da9 build/stm32f1xx_hal_i2c.o
 .debug_loc     0x0000000000007bd3     0x19c9 build/stm32f1xx_hal_uart.o
 .debug_loc     0x000000000000959c      0x1a8 build/stm32f1xx_hal.o
 .debug_loc     0x0000000000009744      0x651 build/stm32f1xx_hal_rcc.o
 .debug_loc     0x0000000000009d95      0x364 build/stm32f1xx_hal_rcc_ex.o
 .debug_loc     0x000000000000a0f9      0x501 build/stm32f1xx_hal_gpio.o
 .debug_loc     0x000000000000a5fa      0x63d build/stm32f1xx_hal_cortex.o
 .debug_loc     0x000000000000ac37       0xdf build/system_stm32f1xx.o
 .debug_loc     0x000000000000ad16      0x8a8 build/usbd_core.o
 .debug_loc     0x000000000000b5be      0xd28 build/usbd_ctlreq.o
 .debug_loc     0x000000000000c2e6      0x31c build/usbd_ioreq.o
 .debug_loc     0x000000000000c602      0x5b1 build/usbd_cdc.o
 .debug_loc     0x000000000000cbb3       0xa2 /usr/lib/gcc/arm-none-eabi/6.3.1/../../../arm-none-eabi/lib/libc_nano.a(lib_a-init.o)
 .debug_loc     0x000000000000cc55      0x1f6 /usr/lib/gcc/arm-none-eabi/6.3.1/../../../arm-none-eabi/lib/libc_nano.a(lib_a-memcpy-stub.o)
 .debug_loc     0x000000000000ce4b      0x198 /usr/lib/gcc/arm-none-eabi/6.3.1/../../../arm-none-eabi/lib/libc_nano.a(lib_a-memset.o)
 .debug_loc     0x000000000000cfe3       0x3f /usr/lib/gcc/arm-none-eabi/6.3.1/../../../arm-none-eabi/lib/libc_nano.a(lib_a-printf.o)
 .debug_loc     0x000000000000d022       0x98 /usr/lib/gcc/arm-none-eabi/6.3.1/../../../arm-none-eabi/lib/libc_nano.a(lib_a-putchar.o)
 .debug_loc     0x000000000000d0ba      0x23f /usr/lib/gcc/arm-none-eabi/6.3.1/../../../arm-none-eabi/lib/libc_nano.a(lib_a-setvbuf.o)
 .debug_loc     0x000000000000d2f9      0x217 /usr/lib/gcc/arm-none-eabi/6.3.1/../../../arm-none-eabi/lib/libc_nano.a(lib_a-strchr.o)
 .debug_loc     0x000000000000d510       0x21 /usr/lib/gcc/arm-none-eabi/6.3.1/../../../arm-none-eabi/lib/libc_nano.a(lib_a-strcpy.o)
 .debug_loc     0x000000000000d531       0x21 /usr/lib/gcc/arm-none-eabi/6.3.1/../../../arm-none-eabi/lib/libc_nano.a(lib_a-strlen-stub.o)
 .debug_loc     0x000000000000d552      0x1bf /usr/lib/gcc/arm-none-eabi/6.3.1/../../../arm-none-eabi/lib/libc_nano.a(lib_a-strncmp.o)
 .debug_loc     0x000000000000d711      0x11c /usr/lib/gcc/arm-none-eabi/6.3.1/../../../arm-none-eabi/lib/libc_nano.a(lib_a-strncpy.o)
 .debug_loc     0x000000000000d82d      0x39b /usr/lib/gcc/arm-none-eabi/6.3.1/../../../arm-none-eabi/lib/libc_nano.a(lib_a-fflush.o)
 .debug_loc     0x000000000000dbc8      0x2ee /usr/lib/gcc/arm-none-eabi/6.3.1/../../../arm-none-eabi/lib/libc_nano.a(lib_a-findfp.o)
 .debug_loc     0x000000000000deb6      0x27f /usr/lib/gcc/arm-none-eabi/6.3.1/../../../arm-none-eabi/lib/libc_nano.a(lib_a-fwalk.o)
 .debug_loc     0x000000000000e135      0x235 /usr/lib/gcc/arm-none-eabi/6.3.1/../../../arm-none-eabi/lib/libc_nano.a(lib_a-makebuf.o)
 .debug_loc     0x000000000000e36a       0x58 /usr/lib/gcc/arm-none-eabi/6.3.1/../../../arm-none-eabi/lib/libc_nano.a(lib_a-malloc.o)
 .debug_loc     0x000000000000e3c2      0x113 /usr/lib/gcc/arm-none-eabi/6.3.1/../../../arm-none-eabi/lib/libc_nano.a(lib_a-nano-freer.o)
 .debug_loc     0x000000000000e4d5      0x346 /usr/lib/gcc/arm-none-eabi/6.3.1/../../../arm-none-eabi/lib/libc_nano.a(lib_a-nano-mallocr.o)
 .debug_loc     0x000000000000e81b      0x660 /usr/lib/gcc/arm-none-eabi/6.3.1/../../../arm-none-eabi/lib/libc_nano.a(lib_a-nano-vfprintf.o)
 .debug_loc     0x000000000000ee7b      0x6ec /usr/lib/gcc/arm-none-eabi/6.3.1/../../../arm-none-eabi/lib/libc_nano.a(lib_a-nano-vfprintf_i.o)
 .debug_loc     0x000000000000f567      0x2f9 /usr/lib/gcc/arm-none-eabi/6.3.1/../../../arm-none-eabi/lib/libc_nano.a(lib_a-putc.o)
 .debug_loc     0x000000000000f860       0x66 /usr/lib/gcc/arm-none-eabi/6.3.1/../../../arm-none-eabi/lib/libc_nano.a(lib_a-sbrkr.o)
 .debug_loc     0x000000000000f8c6      0x2d6 /usr/lib/gcc/arm-none-eabi/6.3.1/../../../arm-none-eabi/lib/libc_nano.a(lib_a-stdio.o)
 .debug_loc     0x000000000000fb9c      0x205 /usr/lib/gcc/arm-none-eabi/6.3.1/../../../arm-none-eabi/lib/libc_nano.a(lib_a-wbuf.o)
 .debug_loc     0x000000000000fda1       0xa5 /usr/lib/gcc/arm-none-eabi/6.3.1/../../../arm-none-eabi/lib/libc_nano.a(lib_a-writer.o)
 .debug_loc     0x000000000000fe46       0xdc /usr/lib/gcc/arm-none-eabi/6.3.1/../../../arm-none-eabi/lib/libc_nano.a(lib_a-wsetup.o)
 .debug_loc     0x000000000000ff22       0x4d /usr/lib/gcc/arm-none-eabi/6.3.1/../../../arm-none-eabi/lib/libc_nano.a(lib_a-closer.o)
 .debug_loc     0x000000000000ff6f       0x79 /usr/lib/gcc/arm-none-eabi/6.3.1/../../../arm-none-eabi/lib/libc_nano.a(lib_a-fstatr.o)
 .debug_loc     0x000000000000ffe8      0x609 /usr/lib/gcc/arm-none-eabi/6.3.1/../../../arm-none-eabi/lib/libc_nano.a(lib_a-fvwrite.o)
 .debug_loc     0x00000000000105f1       0x4d /usr/lib/gcc/arm-none-eabi/6.3.1/../../../arm-none-eabi/lib/libc_nano.a(lib_a-isattyr.o)
 .debug_loc     0x000000000001063e       0xa5 /usr/lib/gcc/arm-none-eabi/6.3.1/../../../arm-none-eabi/lib/libc_nano.a(lib_a-lseekr.o)
 .debug_loc     0x00000000000106e3      0x1b2 /usr/lib/gcc/arm-none-eabi/6.3.1/../../../arm-none-eabi/lib/libc_nano.a(lib_a-memchr-stub.o)
 .debug_loc     0x0000000000010895      0x288 /usr/lib/gcc/arm-none-eabi/6.3.1/../../../arm-none-eabi/lib/libc_nano.a(lib_a-memmove.o)
 .debug_loc     0x0000000000010b1d      0x182 /usr/lib/gcc/arm-none-eabi/6.3.1/../../../arm-none-eabi/lib/libc_nano.a(lib_a-nano-reallocr.o)
 .debug_loc     0x0000000000010c9f       0xa5 /usr/lib/gcc/arm-none-eabi/6.3.1/../../../arm-none-eabi/lib/libc_nano.a(lib_a-readr.o)
 .debug_loc     0x0000000000010d44       0xef /usr/lib/gcc/arm-none-eabi/6.3.1/../../../arm-none-eabi/lib/libc_nano.a(lib_a-reent.o)
 .debug_loc     0x0000000000010e33       0xb5 /usr/lib/gcc/arm-none-eabi/6.3.1/../../../arm-none-eabi/lib/libc_nano.a(lib_a-nano-msizer.o)

.debug_aranges  0x0000000000000000     0x1490
 .debug_aranges
                0x0000000000000000       0x50 build/main.o
 .debug_aranges
                0x0000000000000050       0xc8 build/cli.o
 .debug_aranges
                0x0000000000000118       0x50 build/syscalls.o
 .debug_aranges
                0x0000000000000168       0x20 build/usb_device.o
 .debug_aranges
                0x0000000000000188      0x110 build/usbd_conf.o